Java HotSpot(TM) 64-Bit Server VM (25.161-b12) for windows-amd64 JRE (1.8.0_161-b12), built on Dec 19 2017 17:52:25 by "java_re" with MS VC++ 10.0 (VS2010)
Memory: 4k page, physical 8089996k(1841372k free), swap 16178132k(8685988k free)
CommandLine flags: -XX:InitialHeapSize=2147483648 -XX:MaxHeapSize=2147483648 -XX:MaxNewSize=348966912 -XX:MaxTenuringThreshold=6 -XX:NewSize=348966912 -XX:OldPLABSize=16 -XX:OldSize=697933824 -XX:+PrintGC -XX:+PrintGCDateStamps -XX:+PrintGCDetails -XX:+PrintGCTimeStamps -XX:+UseCompressedClassPointers -XX:+UseCompressedOops -XX:+UseConcMarkSweepGC -XX:-UseLargePagesIndividualAllocation -XX:+UseParNewGC 
2020-10-23T11:44:51.034+0800: 0.810: [GC (Allocation Failure) 2020-10-23T11:44:51.035+0800: 0.811: [ParNew: 272640K->34048K(306688K), 0.0632385 secs] 272640K->86495K(2063104K), 0.0636886 secs] [Times: user=0.09 sys=0.16, real=0.06 secs] 
2020-10-23T11:44:51.226+0800: 1.002: [GC (Allocation Failure) 2020-10-23T11:44:51.226+0800: 1.002: [ParNew: 306688K->34048K(306688K), 0.0802433 secs] 359135K->164115K(2063104K), 0.0804142 secs] [Times: user=0.14 sys=0.16, real=0.08 secs] 
2020-10-23T11:44:51.444+0800: 1.220: [GC (Allocation Failure) 2020-10-23T11:44:51.444+0800: 1.220: [ParNew: 306688K->34048K(306688K), 0.1080009 secs] 436755K->247488K(2063104K), 0.1082564 secs] [Times: user=0.28 sys=0.03, real=0.11 secs] 
Heap
 par new generation   total 306688K, used 294534K [0x0000000080000000, 0x0000000094cc0000, 0x0000000094cc0000)
  eden space 272640K,  95% used [0x0000000080000000, 0x000000008fe61828, 0x0000000090a40000)
  from space 34048K, 100% used [0x0000000092b80000, 0x0000000094cc0000, 0x0000000094cc0000)
  to   space 34048K,   0% used [0x0000000090a40000, 0x0000000090a40000, 0x0000000092b80000)
 concurrent mark-sweep generation total 1756416K, used 213440K [0x0000000094cc0000, 0x0000000100000000, 0x0000000100000000)
 Metaspace       used 2826K, capacity 4486K, committed 4864K, reserved 1056768K
  class space    used 306K, capacity 386K, committed 512K, reserved 1048576K
