Java HotSpot(TM) 64-Bit Server VM (25.161-b12) for windows-amd64 JRE (1.8.0_161-b12), built on Dec 19 2017 17:52:25 by "java_re" with MS VC++ 10.0 (VS2010)
Memory: 4k page, physical 8089996k(1833992k free), swap 16178132k(8684444k free)
CommandLine flags: -XX:InitialHeapSize=536870912 -XX:MaxHeapSize=536870912 -XX:MaxNewSize=178958336 -XX:MaxTenuringThreshold=6 -XX:NewSize=178958336 -XX:OldPLABSize=16 -XX:OldSize=357912576 -XX:+PrintGC -XX:+PrintGCDateStamps -XX:+PrintGCDetails -XX:+PrintGCTimeStamps -XX:+UseCompressedClassPointers -XX:+UseCompressedOops -XX:+UseConcMarkSweepGC -XX:-UseLargePagesIndividualAllocation -XX:+UseParNewGC 
2020-10-23T11:44:27.345+0800: 0.649: [GC (Allocation Failure) 2020-10-23T11:44:27.346+0800: 0.650: [ParNew: 139776K->17472K(157248K), 0.0387304 secs] 139776K->49095K(506816K), 0.0392390 secs] [Times: user=0.06 sys=0.06, real=0.04 secs] 
2020-10-23T11:44:27.463+0800: 0.767: [GC (Allocation Failure) 2020-10-23T11:44:27.464+0800: 0.767: [ParNew: 157248K->17472K(157248K), 0.0554982 secs] 188871K->98128K(506816K), 0.0557009 secs] [Times: user=0.03 sys=0.16, real=0.06 secs] 
2020-10-23T11:44:27.586+0800: 0.889: [GC (Allocation Failure) 2020-10-23T11:44:27.586+0800: 0.889: [ParNew: 157248K->17472K(157248K), 0.0661226 secs] 237904K->147428K(506816K), 0.0663309 secs] [Times: user=0.23 sys=0.06, real=0.07 secs] 
2020-10-23T11:44:27.723+0800: 1.026: [GC (Allocation Failure) 2020-10-23T11:44:27.723+0800: 1.026: [ParNew: 157248K->17472K(157248K), 0.0565943 secs] 287204K->194329K(506816K), 0.0567929 secs] [Times: user=0.14 sys=0.03, real=0.06 secs] 
2020-10-23T11:44:27.780+0800: 1.083: [GC (CMS Initial Mark) [1 CMS-initial-mark: 176857K(349568K)] 197171K(506816K), 0.0004023 secs] [Times: user=0.00 sys=0.00, real=0.00 secs] 
2020-10-23T11:44:27.781+0800: 1.084: [CMS-concurrent-mark-start]
2020-10-23T11:44:27.793+0800: 1.096: [CMS-concurrent-mark: 0.012/0.012 secs] [Times: user=0.03 sys=0.00, real=0.01 secs] 
2020-10-23T11:44:27.793+0800: 1.096: [CMS-concurrent-preclean-start]
2020-10-23T11:44:27.795+0800: 1.098: [CMS-concurrent-preclean: 0.002/0.002 secs] [Times: user=0.00 sys=0.00, real=0.00 secs] 
2020-10-23T11:44:27.795+0800: 1.098: [CMS-concurrent-abortable-preclean-start]
2020-10-23T11:44:27.873+0800: 1.176: [GC (Allocation Failure) 2020-10-23T11:44:27.873+0800: 1.176: [ParNew2020-10-23T11:44:27.897+0800: 1.200: [CMS-concurrent-abortable-preclean: 0.002/0.102 secs] [Times: user=0.13 sys=0.00, real=0.10 secs] 
: 157248K->17472K(157248K), 0.0557876 secs] 334105K->241109K(506816K), 0.0559960 secs] [Times: user=0.13 sys=0.02, real=0.06 secs] 
2020-10-23T11:44:27.930+0800: 1.232: [GC (CMS Final Remark) [YG occupancy: 20814 K (157248 K)]2020-10-23T11:44:27.930+0800: 1.233: [Rescan (parallel) , 0.0016093 secs]2020-10-23T11:44:27.931+0800: 1.234: [weak refs processing, 0.0000565 secs]2020-10-23T11:44:27.931+0800: 1.234: [class unloading, 0.0006805 secs]2020-10-23T11:44:27.932+0800: 1.235: [scrub symbol table, 0.0011234 secs]2020-10-23T11:44:27.933+0800: 1.236: [scrub string table, 0.0004726 secs][1 CMS-remark: 223637K(349568K)] 244451K(506816K), 0.0043923 secs] [Times: user=0.05 sys=0.00, real=0.00 secs] 
2020-10-23T11:44:27.936+0800: 1.239: [CMS-concurrent-sweep-start]
2020-10-23T11:44:27.937+0800: 1.240: [CMS-concurrent-sweep: 0.002/0.002 secs] [Times: user=0.00 sys=0.00, real=0.00 secs] 
2020-10-23T11:44:27.937+0800: 1.240: [CMS-concurrent-reset-start]
2020-10-23T11:44:27.939+0800: 1.241: [CMS-concurrent-reset: 0.001/0.001 secs] [Times: user=0.00 sys=0.00, real=0.00 secs] 
2020-10-23T11:44:28.018+0800: 1.321: [GC (Allocation Failure) 2020-10-23T11:44:28.018+0800: 1.321: [ParNew: 157248K->17472K(157248K), 0.0426075 secs] 356432K->262224K(506816K), 0.0428138 secs] [Times: user=0.13 sys=0.03, real=0.04 secs] 
2020-10-23T11:44:28.061+0800: 1.364: [GC (CMS Initial Mark) [1 CMS-initial-mark: 244752K(349568K)] 262512K(506816K), 0.0003515 secs] [Times: user=0.00 sys=0.00, real=0.00 secs] 
2020-10-23T11:44:28.062+0800: 1.365: [CMS-concurrent-mark-start]
2020-10-23T11:44:28.070+0800: 1.373: [CMS-concurrent-mark: 0.008/0.008 secs] [Times: user=0.00 sys=0.00, real=0.01 secs] 
2020-10-23T11:44:28.070+0800: 1.373: [CMS-concurrent-preclean-start]
2020-10-23T11:44:28.072+0800: 1.375: [CMS-concurrent-preclean: 0.002/0.002 secs] [Times: user=0.03 sys=0.00, real=0.00 secs] 
2020-10-23T11:44:28.072+0800: 1.375: [CMS-concurrent-abortable-preclean-start]
Heap
 par new generation   total 157248K, used 33766K [0x00000000e0000000, 0x00000000eaaa0000, 0x00000000eaaa0000)
  eden space 139776K,  11% used [0x00000000e0000000, 0x00000000e0fe9aa8, 0x00000000e8880000)
  from space 17472K, 100% used [0x00000000e8880000, 0x00000000e9990000, 0x00000000e9990000)
  to   space 17472K,   0% used [0x00000000e9990000, 0x00000000e9990000, 0x00000000eaaa0000)
 concurrent mark-sweep generation total 349568K, used 244752K [0x00000000eaaa0000, 0x0000000100000000, 0x0000000100000000)
 Metaspace       used 2827K, capacity 4486K, committed 4864K, reserved 1056768K
  class space    used 306K, capacity 386K, committed 512K, reserved 1048576K
