Java HotSpot(TM) 64-Bit Server VM (25.161-b12) for windows-amd64 JRE (1.8.0_161-b12), built on Dec 19 2017 17:52:25 by "java_re" with MS VC++ 10.0 (VS2010)
Memory: 4k page, physical 8089996k(1831928k free), swap 16178132k(8686692k free)
CommandLine flags: -XX:InitialHeapSize=134217728 -XX:MaxHeapSize=134217728 -XX:MaxNewSize=44740608 -XX:MaxTenuringThreshold=6 -XX:NewSize=44740608 -XX:OldPLABSize=16 -XX:OldSize=89477120 -XX:+PrintGC -XX:+PrintGCDateStamps -XX:+PrintGCDetails -XX:+PrintGCTimeStamps -XX:+UseCompressedClassPointers -XX:+UseCompressedOops -XX:+UseConcMarkSweepGC -XX:-UseLargePagesIndividualAllocation -XX:+UseParNewGC 
2020-10-23T11:44:16.108+0800: 0.504: [GC (Allocation Failure) 2020-10-23T11:44:16.108+0800: 0.504: [ParNew: 34944K->4350K(39296K), 0.0097633 secs] 34944K->11438K(126720K), 0.0102098 secs] [Times: user=0.00 sys=0.00, real=0.01 secs] 
2020-10-23T11:44:16.156+0800: 0.552: [GC (Allocation Failure) 2020-10-23T11:44:16.156+0800: 0.552: [ParNew: 38661K->4352K(39296K), 0.0176360 secs] 45748K->21257K(126720K), 0.0177992 secs] [Times: user=0.00 sys=0.03, real=0.02 secs] 
2020-10-23T11:44:16.194+0800: 0.590: [GC (Allocation Failure) 2020-10-23T11:44:16.194+0800: 0.590: [ParNew: 39258K->4337K(39296K), 0.0165455 secs] 56164K->33895K(126720K), 0.0167236 secs] [Times: user=0.05 sys=0.00, real=0.02 secs] 
2020-10-23T11:44:16.227+0800: 0.623: [GC (Allocation Failure) 2020-10-23T11:44:16.227+0800: 0.623: [ParNew: 39281K->4347K(39296K), 0.0339229 secs] 68839K->45176K(126720K), 0.0340984 secs] [Times: user=0.06 sys=0.03, real=0.03 secs] 
2020-10-23T11:44:16.278+0800: 0.674: [GC (Allocation Failure) 2020-10-23T11:44:16.278+0800: 0.674: [ParNew: 39291K->4348K(39296K), 0.0150573 secs] 80120K->59491K(126720K), 0.0152487 secs] [Times: user=0.00 sys=0.00, real=0.01 secs] 
2020-10-23T11:44:16.294+0800: 0.690: [GC (CMS Initial Mark) [1 CMS-initial-mark: 55143K(87424K)] 59631K(126720K), 0.0003459 secs] [Times: user=0.00 sys=0.00, real=0.00 secs] 
2020-10-23T11:44:16.294+0800: 0.690: [CMS-concurrent-mark-start]
2020-10-23T11:44:16.314+0800: 0.710: [GC (Allocation Failure) 2020-10-23T11:44:16.314+0800: 0.710: [ParNew: 39173K->4351K(39296K), 0.0151404 secs] 94316K->73292K(126720K), 0.0152846 secs] [Times: user=0.01 sys=0.01, real=0.02 secs] 
2020-10-23T11:44:16.333+0800: 0.729: [CMS-concurrent-mark: 0.023/0.039 secs] [Times: user=0.03 sys=0.01, real=0.04 secs] 
2020-10-23T11:44:16.333+0800: 0.729: [CMS-concurrent-preclean-start]
2020-10-23T11:44:16.334+0800: 0.730: [CMS-concurrent-preclean: 0.001/0.001 secs] [Times: user=0.00 sys=0.00, real=0.00 secs] 
2020-10-23T11:44:16.334+0800: 0.730: [CMS-concurrent-abortable-preclean-start]
2020-10-23T11:44:16.344+0800: 0.740: [GC (Allocation Failure) 2020-10-23T11:44:16.344+0800: 0.740: [ParNew: 39295K->4348K(39296K), 0.0136974 secs] 108236K->85930K(126720K), 0.0138718 secs] [Times: user=0.06 sys=0.00, real=0.01 secs] 
2020-10-23T11:44:16.373+0800: 0.769: [GC (Allocation Failure) 2020-10-23T11:44:16.373+0800: 0.769: [ParNew: 39061K->39061K(39296K), 0.0000621 secs]2020-10-23T11:44:16.373+0800: 0.769: [CMS2020-10-23T11:44:16.373+0800: 0.769: [CMS-concurrent-abortable-preclean: 0.001/0.039 secs] [Times: user=0.09 sys=0.00, real=0.04 secs] 
 (concurrent mode failure): 81582K->86863K(87424K), 0.0368383 secs] 120643K->90461K(126720K), [Metaspace: 2820K->2820K(1056768K)], 0.0371118 secs] [Times: user=0.03 sys=0.00, real=0.04 secs] 
2020-10-23T11:44:16.427+0800: 0.823: [Full GC (Allocation Failure) 2020-10-23T11:44:16.427+0800: 0.823: [CMS: 86863K->87160K(87424K), 0.0342837 secs] 125414K->99095K(126720K), [Metaspace: 2820K->2820K(1056768K)], 0.0344464 secs] [Times: user=0.03 sys=0.00, real=0.03 secs] 
2020-10-23T11:44:16.462+0800: 0.858: [GC (CMS Initial Mark) [1 CMS-initial-mark: 87160K(87424K)] 99876K(126720K), 0.0003500 secs] [Times: user=0.00 sys=0.00, real=0.00 secs] 
2020-10-23T11:44:16.462+0800: 0.858: [CMS-concurrent-mark-start]
2020-10-23T11:44:16.465+0800: 0.861: [CMS-concurrent-mark: 0.003/0.003 secs] [Times: user=0.03 sys=0.00, real=0.00 secs] 
2020-10-23T11:44:16.465+0800: 0.861: [CMS-concurrent-preclean-start]
2020-10-23T11:44:16.466+0800: 0.863: [CMS-concurrent-preclean: 0.001/0.001 secs] [Times: user=0.00 sys=0.00, real=0.00 secs] 
2020-10-23T11:44:16.467+0800: 0.863: [CMS-concurrent-abortable-preclean-start]
2020-10-23T11:44:16.467+0800: 0.863: [CMS-concurrent-abortable-preclean: 0.000/0.000 secs] [Times: user=0.00 sys=0.00, real=0.00 secs] 
2020-10-23T11:44:16.481+0800: 0.877: [GC (CMS Final Remark) [YG occupancy: 22999 K (39296 K)]2020-10-23T11:44:16.481+0800: 0.877: [Rescan (parallel) , 0.0005276 secs]2020-10-23T11:44:16.481+0800: 0.877: [weak refs processing, 0.0000323 secs]2020-10-23T11:44:16.481+0800: 0.877: [class unloading, 0.0004413 secs]2020-10-23T11:44:16.482+0800: 0.878: [scrub symbol table, 0.0008914 secs]2020-10-23T11:44:16.483+0800: 0.879: [scrub string table, 0.0003890 secs][1 CMS-remark: 87160K(87424K)] 110159K(126720K), 0.0025515 secs] [Times: user=0.00 sys=0.00, real=0.00 secs] 
2020-10-23T11:44:16.483+0800: 0.879: [CMS-concurrent-sweep-start]
2020-10-23T11:44:16.484+0800: 0.880: [CMS-concurrent-sweep: 0.001/0.001 secs] [Times: user=0.00 sys=0.00, real=0.00 secs] 
2020-10-23T11:44:16.484+0800: 0.880: [CMS-concurrent-reset-start]
2020-10-23T11:44:16.484+0800: 0.880: [CMS-concurrent-reset: 0.000/0.000 secs] [Times: user=0.00 sys=0.00, real=0.00 secs] 
2020-10-23T11:44:16.490+0800: 0.886: [GC (Allocation Failure) 2020-10-23T11:44:16.490+0800: 0.887: [ParNew: 39071K->39071K(39296K), 0.0000477 secs]2020-10-23T11:44:16.491+0800: 0.887: [CMS: 87160K->86899K(87424K), 0.0354091 secs] 126231K->108868K(126720K), [Metaspace: 2820K->2820K(1056768K)], 0.0356534 secs] [Times: user=0.03 sys=0.00, real=0.04 secs] 
2020-10-23T11:44:16.527+0800: 0.923: [GC (CMS Initial Mark) [1 CMS-initial-mark: 86899K(87424K)] 110085K(126720K), 0.0003526 secs] [Times: user=0.00 sys=0.00, real=0.00 secs] 
2020-10-23T11:44:16.527+0800: 0.923: [CMS-concurrent-mark-start]
2020-10-23T11:44:16.532+0800: 0.928: [CMS-concurrent-mark: 0.005/0.005 secs] [Times: user=0.00 sys=0.00, real=0.01 secs] 
2020-10-23T11:44:16.532+0800: 0.928: [CMS-concurrent-preclean-start]
2020-10-23T11:44:16.535+0800: 0.931: [CMS-concurrent-preclean: 0.002/0.002 secs] [Times: user=0.00 sys=0.00, real=0.00 secs] 
2020-10-23T11:44:16.535+0800: 0.931: [CMS-concurrent-abortable-preclean-start]
2020-10-23T11:44:16.535+0800: 0.931: [CMS-concurrent-abortable-preclean: 0.000/0.000 secs] [Times: user=0.00 sys=0.00, real=0.00 secs] 
2020-10-23T11:44:16.535+0800: 0.931: [GC (CMS Final Remark) [YG occupancy: 34278 K (39296 K)]2020-10-23T11:44:16.535+0800: 0.931: [Rescan (parallel) , 0.0005409 secs]2020-10-23T11:44:16.536+0800: 0.932: [weak refs processing, 0.0000595 secs]2020-10-23T11:44:16.536+0800: 0.932: [class unloading, 0.0005116 secs]2020-10-23T11:44:16.536+0800: 0.933: [scrub symbol table, 0.0011264 secs]2020-10-23T11:44:16.538+0800: 0.934: [scrub string table, 0.0003556 secs][1 CMS-remark: 86899K(87424K)] 121177K(126720K), 0.0029020 secs] [Times: user=0.00 sys=0.00, real=0.00 secs] 
2020-10-23T11:44:16.538+0800: 0.934: [CMS-concurrent-sweep-start]
2020-10-23T11:44:16.539+0800: 0.935: [CMS-concurrent-sweep: 0.001/0.001 secs] [Times: user=0.00 sys=0.00, real=0.00 secs] 
2020-10-23T11:44:16.539+0800: 0.935: [CMS-concurrent-reset-start]
2020-10-23T11:44:16.540+0800: 0.936: [CMS-concurrent-reset: 0.000/0.000 secs] [Times: user=0.00 sys=0.00, real=0.00 secs] 
2020-10-23T11:44:16.542+0800: 0.938: [GC (Allocation Failure) 2020-10-23T11:44:16.542+0800: 0.938: [ParNew: 39241K->39241K(39296K), 0.0000523 secs]2020-10-23T11:44:16.542+0800: 0.938: [CMS: 86899K->87413K(87424K), 0.0513455 secs] 126140K->112466K(126720K), [Metaspace: 2820K->2820K(1056768K)], 0.0516093 secs] [Times: user=0.06 sys=0.00, real=0.05 secs] 
2020-10-23T11:44:16.594+0800: 0.990: [GC (CMS Initial Mark) [1 CMS-initial-mark: 87413K(87424K)] 112958K(126720K), 0.0004095 secs] [Times: user=0.00 sys=0.00, real=0.00 secs] 
2020-10-23T11:44:16.594+0800: 0.990: [CMS-concurrent-mark-start]
2020-10-23T11:44:16.598+0800: 0.994: [CMS-concurrent-mark: 0.003/0.003 secs] [Times: user=0.00 sys=0.00, real=0.00 secs] 
2020-10-23T11:44:16.598+0800: 0.994: [CMS-concurrent-preclean-start]
2020-10-23T11:44:16.600+0800: 0.996: [CMS-concurrent-preclean: 0.002/0.002 secs] [Times: user=0.00 sys=0.00, real=0.00 secs] 
2020-10-23T11:44:16.600+0800: 0.996: [CMS-concurrent-abortable-preclean-start]
2020-10-23T11:44:16.600+0800: 0.996: [CMS-concurrent-abortable-preclean: 0.000/0.000 secs] [Times: user=0.00 sys=0.00, real=0.00 secs] 
2020-10-23T11:44:16.600+0800: 0.997: [GC (CMS Final Remark) [YG occupancy: 35940 K (39296 K)]2020-10-23T11:44:16.600+0800: 0.997: [Rescan (parallel) , 0.0007487 secs]2020-10-23T11:44:16.601+0800: 0.997: [weak refs processing, 0.0000405 secs]2020-10-23T11:44:16.601+0800: 0.997: [class unloading, 0.0006225 secs]2020-10-23T11:44:16.602+0800: 0.998: [scrub symbol table, 0.0012968 secs]2020-10-23T11:44:16.603+0800: 0.999: [scrub string table, 0.0004090 secs][1 CMS-remark: 87413K(87424K)] 123353K(126720K), 0.0034240 secs] [Times: user=0.00 sys=0.00, real=0.00 secs] 
2020-10-23T11:44:16.604+0800: 1.000: [CMS-concurrent-sweep-start]
2020-10-23T11:44:16.605+0800: 1.001: [CMS-concurrent-sweep: 0.001/0.001 secs] [Times: user=0.03 sys=0.00, real=0.00 secs] 
2020-10-23T11:44:16.605+0800: 1.001: [CMS-concurrent-reset-start]
2020-10-23T11:44:16.606+0800: 1.002: [CMS-concurrent-reset: 0.000/0.000 secs] [Times: user=0.00 sys=0.00, real=0.00 secs] 
2020-10-23T11:44:16.606+0800: 1.002: [GC (Allocation Failure) 2020-10-23T11:44:16.606+0800: 1.002: [ParNew: 39284K->39284K(39296K), 0.0000965 secs]2020-10-23T11:44:16.606+0800: 1.003: [CMS: 87352K->87256K(87424K), 0.0439603 secs] 126637K->117185K(126720K), [Metaspace: 2820K->2820K(1056768K)], 0.0443411 secs] [Times: user=0.03 sys=0.00, real=0.05 secs] 
2020-10-23T11:44:16.651+0800: 1.047: [GC (CMS Initial Mark) [1 CMS-initial-mark: 87256K(87424K)] 117329K(126720K), 0.0003495 secs] [Times: user=0.00 sys=0.00, real=0.00 secs] 
2020-10-23T11:44:16.651+0800: 1.047: [CMS-concurrent-mark-start]
2020-10-23T11:44:16.656+0800: 1.053: [CMS-concurrent-mark: 0.005/0.005 secs] [Times: user=0.03 sys=0.00, real=0.00 secs] 
2020-10-23T11:44:16.657+0800: 1.053: [CMS-concurrent-preclean-start]
2020-10-23T11:44:16.659+0800: 1.055: [Full GC (Allocation Failure) 2020-10-23T11:44:16.659+0800: 1.055: [CMS2020-10-23T11:44:16.660+0800: 1.056: [CMS-concurrent-preclean: 0.003/0.003 secs] [Times: user=0.00 sys=0.00, real=0.00 secs] 
 (concurrent mode failure): 87256K->87152K(87424K), 0.0642803 secs] 126503K->119439K(126720K), [Metaspace: 2820K->2820K(1056768K)], 0.0645317 secs] [Times: user=0.06 sys=0.00, real=0.07 secs] 
2020-10-23T11:44:16.731+0800: 1.127: [Full GC (Allocation Failure) 2020-10-23T11:44:16.731+0800: 1.127: [CMS: 87224K->86962K(87424K), 0.0262524 secs] 126517K->121742K(126720K), [Metaspace: 2820K->2820K(1056768K)], 0.0265079 secs] [Times: user=0.02 sys=0.00, real=0.03 secs] 
2020-10-23T11:44:16.758+0800: 1.154: [GC (CMS Initial Mark) [1 CMS-initial-mark: 86962K(87424K)] 121886K(126720K), 0.0003849 secs] [Times: user=0.00 sys=0.00, real=0.00 secs] 
2020-10-23T11:44:16.759+0800: 1.155: [CMS-concurrent-mark-start]
2020-10-23T11:44:16.764+0800: 1.160: [CMS-concurrent-mark: 0.005/0.005 secs] [Times: user=0.03 sys=0.00, real=0.00 secs] 
2020-10-23T11:44:16.764+0800: 1.160: [CMS-concurrent-preclean-start]
2020-10-23T11:44:16.765+0800: 1.161: [Full GC (Allocation Failure) 2020-10-23T11:44:16.765+0800: 1.162: [CMS2020-10-23T11:44:16.767+0800: 1.163: [CMS-concurrent-preclean: 0.003/0.003 secs] [Times: user=0.00 sys=0.00, real=0.00 secs] 
 (concurrent mode failure): 86962K->87398K(87424K), 0.0309891 secs] 126076K->121960K(126720K), [Metaspace: 2820K->2820K(1056768K)], 0.0312190 secs] [Times: user=0.03 sys=0.00, real=0.03 secs] 
2020-10-23T11:44:16.800+0800: 1.197: [Full GC (Allocation Failure) 2020-10-23T11:44:16.801+0800: 1.197: [CMS: 87398K->87391K(87424K), 0.0446115 secs] 126657K->122679K(126720K), [Metaspace: 2820K->2820K(1056768K)], 0.0448414 secs] [Times: user=0.05 sys=0.00, real=0.05 secs] 
2020-10-23T11:44:16.846+0800: 1.242: [GC (CMS Initial Mark) [1 CMS-initial-mark: 87391K(87424K)] 122823K(126720K), 0.0003649 secs] [Times: user=0.00 sys=0.00, real=0.00 secs] 
2020-10-23T11:44:16.846+0800: 1.242: [CMS-concurrent-mark-start]
2020-10-23T11:44:16.849+0800: 1.245: [Full GC (Allocation Failure) 2020-10-23T11:44:16.849+0800: 1.245: [CMS2020-10-23T11:44:16.851+0800: 1.247: [CMS-concurrent-mark: 0.004/0.005 secs] [Times: user=0.00 sys=0.00, real=0.01 secs] 
 (concurrent mode failure): 87391K->87317K(87424K), 0.0296758 secs] 126413K->124046K(126720K), [Metaspace: 2820K->2820K(1056768K)], 0.0299093 secs] [Times: user=0.03 sys=0.00, real=0.03 secs] 
2020-10-23T11:44:16.882+0800: 1.278: [Full GC (Allocation Failure) 2020-10-23T11:44:16.882+0800: 1.278: [CMS: 87389K->87389K(87424K), 0.0266799 secs] 126666K->125223K(126720K), [Metaspace: 2820K->2820K(1056768K)], 0.0269026 secs] [Times: user=0.03 sys=0.00, real=0.03 secs] 
2020-10-23T11:44:16.909+0800: 1.306: [GC (CMS Initial Mark) [1 CMS-initial-mark: 87389K(87424K)] 125276K(126720K), 0.0004352 secs] [Times: user=0.00 sys=0.00, real=0.00 secs] 
2020-10-23T11:44:16.910+0800: 1.306: [CMS-concurrent-mark-start]
2020-10-23T11:44:16.911+0800: 1.307: [Full GC (Allocation Failure) 2020-10-23T11:44:16.911+0800: 1.307: [CMS2020-10-23T11:44:16.914+0800: 1.310: [CMS-concurrent-mark: 0.003/0.004 secs] [Times: user=0.00 sys=0.00, real=0.00 secs] 
 (concurrent mode failure): 87389K->87317K(87424K), 0.0113326 secs] 126437K->125225K(126720K), [Metaspace: 2820K->2820K(1056768K)], 0.0115127 secs] [Times: user=0.02 sys=0.00, real=0.01 secs] 
2020-10-23T11:44:16.923+0800: 1.319: [Full GC (Allocation Failure) 2020-10-23T11:44:16.923+0800: 1.319: [CMS: 87317K->87317K(87424K), 0.0070465 secs] 126501K->125657K(126720K), [Metaspace: 2820K->2820K(1056768K)], 0.0072138 secs] [Times: user=0.00 sys=0.00, real=0.01 secs] 
2020-10-23T11:44:16.931+0800: 1.327: [GC (CMS Initial Mark) [1 CMS-initial-mark: 87317K(87424K)] 126339K(126720K), 0.0003592 secs] [Times: user=0.00 sys=0.00, real=0.00 secs] 
2020-10-23T11:44:16.931+0800: 1.327: [CMS-concurrent-mark-start]
2020-10-23T11:44:16.931+0800: 1.328: [Full GC (Allocation Failure) 2020-10-23T11:44:16.931+0800: 1.328: [CMS2020-10-23T11:44:16.935+0800: 1.332: [CMS-concurrent-mark: 0.004/0.004 secs] [Times: user=0.01 sys=0.00, real=0.00 secs] 
 (concurrent mode failure): 87317K->87406K(87424K), 0.0343335 secs] 126339K->126276K(126720K), [Metaspace: 2820K->2820K(1056768K)], 0.0345115 secs] [Times: user=0.05 sys=0.00, real=0.04 secs] 
2020-10-23T11:44:16.966+0800: 1.363: [Full GC (Allocation Failure) 2020-10-23T11:44:16.967+0800: 1.363: [CMS: 87406K->87406K(87424K), 0.0068366 secs] 126651K->126547K(126720K), [Metaspace: 2820K->2820K(1056768K)], 0.0070332 secs] [Times: user=0.00 sys=0.00, real=0.01 secs] 
2020-10-23T11:44:16.974+0800: 1.370: [Full GC (Allocation Failure) 2020-10-23T11:44:16.974+0800: 1.370: [CMS: 87406K->87386K(87424K), 0.0463753 secs] 126547K->126527K(126720K), [Metaspace: 2820K->2820K(1056768K)], 0.0465667 secs] [Times: user=0.05 sys=0.00, real=0.05 secs] 
2020-10-23T11:44:17.021+0800: 1.417: [GC (CMS Initial Mark) [1 CMS-initial-mark: 87386K(87424K)] 126527K(126720K), 0.0003485 secs] [Times: user=0.00 sys=0.00, real=0.00 secs] 
2020-10-23T11:44:17.021+0800: 1.417: [CMS-concurrent-mark-start]
2020-10-23T11:44:17.026+0800: 1.422: [CMS-concurrent-mark: 0.005/0.005 secs] [Times: user=0.05 sys=0.00, real=0.01 secs] 
2020-10-23T11:44:17.026+0800: 1.423: [CMS-concurrent-preclean-start]
2020-10-23T11:44:17.029+0800: 1.425: [CMS-concurrent-preclean: 0.003/0.003 secs] [Times: user=0.00 sys=0.00, real=0.00 secs] 
2020-10-23T11:44:17.030+0800: 1.426: [CMS-concurrent-abortable-preclean-start]
2020-10-23T11:44:17.030+0800: 1.426: [CMS-concurrent-abortable-preclean: 0.000/0.000 secs] [Times: user=0.00 sys=0.00, real=0.00 secs] 
2020-10-23T11:44:17.030+0800: 1.426: [GC (CMS Final Remark) [YG occupancy: 39146 K (39296 K)]2020-10-23T11:44:17.030+0800: 1.426: [Rescan (parallel) , 0.0009263 secs]2020-10-23T11:44:17.031+0800: 1.427: [weak refs processing, 0.0000405 secs]2020-10-23T11:44:17.031+0800: 1.427: [class unloading, 0.0007800 secs]2020-10-23T11:44:17.032+0800: 1.428: [scrub symbol table, 0.0019219 secs]2020-10-23T11:44:17.034+0800: 1.430: [scrub string table, 0.0010371 secs][1 CMS-remark: 87386K(87424K)] 126533K(126720K), 0.0051098 secs] [Times: user=0.00 sys=0.00, real=0.01 secs] 
2020-10-23T11:44:17.035+0800: 1.431: [CMS-concurrent-sweep-start]
2020-10-23T11:44:17.036+0800: 1.433: [CMS-concurrent-sweep: 0.001/0.001 secs] [Times: user=0.00 sys=0.00, real=0.00 secs] 
2020-10-23T11:44:17.037+0800: 1.433: [CMS-concurrent-reset-start]
2020-10-23T11:44:17.037+0800: 1.433: [CMS-concurrent-reset: 0.000/0.000 secs] [Times: user=0.00 sys=0.00, real=0.00 secs] 
Heap
 par new generation   total 39296K, used 39146K [0x00000000f8000000, 0x00000000faaa0000, 0x00000000faaa0000)
  eden space 34944K, 100% used [0x00000000f8000000, 0x00000000fa220000, 0x00000000fa220000)
  from space 4352K,  96% used [0x00000000fa660000, 0x00000000faa7abe8, 0x00000000faaa0000)
  to   space 4352K,   0% used [0x00000000fa220000, 0x00000000fa220000, 0x00000000fa660000)
 concurrent mark-sweep generation total 87424K, used 87386K [0x00000000faaa0000, 0x0000000100000000, 0x0000000100000000)
 Metaspace       used 2851K, capacity 4486K, committed 4864K, reserved 1056768K
  class space    used 309K, capacity 386K, committed 512K, reserved 1048576K
