Java HotSpot(TM) 64-Bit Server VM (25.152-b16) for windows-amd64 JRE (1.8.0_152-b16), built on Sep 14 2017 02:29:36 by "java_re" with MS VC++ 10.0 (VS2010)
Memory: 4k page, physical 8352968k(3143248k free), swap 11810296k(2180640k free)
CommandLine flags: -XX:InitialHeapSize=536870912 -XX:MaxHeapSize=536870912 -XX:MaxNewSize=178958336 -XX:MaxTenuringThreshold=6 -XX:NewSize=178958336 -XX:OldPLABSize=16 -XX:OldSize=357912576 -XX:+PrintGC -XX:+PrintGCDateStamps -XX:+PrintGCDetails -XX:+PrintGCTimeStamps -XX:+UseCompressedClassPointers -XX:+UseCompressedOops -XX:+UseConcMarkSweepGC -XX:-UseLargePagesIndividualAllocation -XX:+UseParNewGC 
2020-10-25T21:40:43.794+0800: 0.200: [GC (Allocation Failure) 2020-10-25T21:40:43.795+0800: 0.200: [ParNew: 139646K->17472K(157248K), 0.0106636 secs] 139646K->44635K(506816K), 0.0114507 secs] [Times: user=0.00 sys=0.00, real=0.01 secs] 
2020-10-25T21:40:43.829+0800: 0.234: [GC (Allocation Failure) 2020-10-25T21:40:43.829+0800: 0.234: [ParNew: 156810K->17472K(157248K), 0.0149808 secs] 183974K->89759K(506816K), 0.0150852 secs] [Times: user=0.02 sys=0.05, real=0.02 secs] 
2020-10-25T21:40:43.867+0800: 0.272: [GC (Allocation Failure) 2020-10-25T21:40:43.867+0800: 0.272: [ParNew: 157248K->17472K(157248K), 0.0213081 secs] 229535K->134560K(506816K), 0.0214153 secs] [Times: user=0.11 sys=0.02, real=0.02 secs] 
2020-10-25T21:40:43.912+0800: 0.317: [GC (Allocation Failure) 2020-10-25T21:40:43.912+0800: 0.317: [ParNew: 157248K->17472K(157248K), 0.0215347 secs] 274336K->179753K(506816K), 0.0216781 secs] [Times: user=0.09 sys=0.03, real=0.02 secs] 
2020-10-25T21:40:43.956+0800: 0.361: [GC (Allocation Failure) 2020-10-25T21:40:43.956+0800: 0.361: [ParNew: 157248K->17472K(157248K), 0.0212292 secs] 319529K->225071K(506816K), 0.0213361 secs] [Times: user=0.05 sys=0.01, real=0.02 secs] 
2020-10-25T21:40:43.978+0800: 0.382: [GC (CMS Initial Mark) [1 CMS-initial-mark: 207599K(349568K)] 225832K(506816K), 0.0001246 secs] [Times: user=0.00 sys=0.00, real=0.00 secs] 
2020-10-25T21:40:43.978+0800: 0.382: [CMS-concurrent-mark-start]
2020-10-25T21:40:43.982+0800: 0.386: [CMS-concurrent-mark: 0.004/0.004 secs] [Times: user=0.03 sys=0.00, real=0.00 secs] 
2020-10-25T21:40:43.982+0800: 0.386: [CMS-concurrent-preclean-start]
2020-10-25T21:40:43.983+0800: 0.387: [CMS-concurrent-preclean: 0.001/0.001 secs] [Times: user=0.00 sys=0.00, real=0.00 secs] 
2020-10-25T21:40:43.983+0800: 0.387: [CMS-concurrent-abortable-preclean-start]
2020-10-25T21:40:44.002+0800: 0.406: [GC (Allocation Failure) 2020-10-25T21:40:44.002+0800: 0.406: [ParNew: 157248K->17472K(157248K), 0.0214361 secs] 364847K->271122K(506816K), 0.0215293 secs] [Times: user=0.05 sys=0.02, real=0.02 secs] 
2020-10-25T21:40:44.044+0800: 0.448: [GC (Allocation Failure) 2020-10-25T21:40:44.044+0800: 0.448: [ParNew: 157248K->17472K(157248K), 0.0216689 secs] 410898K->317463K(506816K), 0.0217631 secs] [Times: user=0.06 sys=0.00, real=0.02 secs] 
2020-10-25T21:40:44.086+0800: 0.490: [GC (Allocation Failure) 2020-10-25T21:40:44.086+0800: 0.490: [ParNew: 157248K->17472K(157248K), 0.0222689 secs] 457239K->362660K(506816K), 0.0223604 secs] [Times: user=0.08 sys=0.03, real=0.02 secs] 
2020-10-25T21:40:44.108+0800: 0.513: [CMS-concurrent-abortable-preclean: 0.003/0.126 secs] [Times: user=0.25 sys=0.05, real=0.13 secs] 
2020-10-25T21:40:44.108+0800: 0.513: [GC (CMS Final Remark) [YG occupancy: 21232 K (157248 K)]2020-10-25T21:40:44.108+0800: 0.513: [Rescan (parallel) , 0.0002181 secs]2020-10-25T21:40:44.109+0800: 0.513: [weak refs processing, 0.0000160 secs]2020-10-25T21:40:44.109+0800: 0.513: [class unloading, 0.0002277 secs]2020-10-25T21:40:44.109+0800: 0.514: [scrub symbol table, 0.0002949 secs]2020-10-25T21:40:44.109+0800: 0.514: [scrub string table, 0.0000925 secs][1 CMS-remark: 345188K(349568K)] 366420K(506816K), 0.0009523 secs] [Times: user=0.00 sys=0.00, real=0.00 secs] 
2020-10-25T21:40:44.109+0800: 0.514: [CMS-concurrent-sweep-start]
2020-10-25T21:40:44.110+0800: 0.515: [CMS-concurrent-sweep: 0.001/0.001 secs] [Times: user=0.00 sys=0.00, real=0.00 secs] 
2020-10-25T21:40:44.110+0800: 0.515: [CMS-concurrent-reset-start]
2020-10-25T21:40:44.111+0800: 0.515: [CMS-concurrent-reset: 0.000/0.000 secs] [Times: user=0.00 sys=0.00, real=0.00 secs] 
2020-10-25T21:40:44.130+0800: 0.535: [GC (Allocation Failure) 2020-10-25T21:40:44.130+0800: 0.535: [ParNew: 157189K->17472K(157248K), 0.0112930 secs] 457967K->359971K(506816K), 0.0113855 secs] [Times: user=0.06 sys=0.00, real=0.01 secs] 
2020-10-25T21:40:44.142+0800: 0.546: [GC (CMS Initial Mark) [1 CMS-initial-mark: 342499K(349568K)] 360259K(506816K), 0.0001044 secs] [Times: user=0.00 sys=0.00, real=0.00 secs] 
2020-10-25T21:40:44.142+0800: 0.547: [CMS-concurrent-mark-start]
2020-10-25T21:40:44.144+0800: 0.549: [CMS-concurrent-mark: 0.002/0.002 secs] [Times: user=0.00 sys=0.00, real=0.00 secs] 
2020-10-25T21:40:44.144+0800: 0.549: [CMS-concurrent-preclean-start]
2020-10-25T21:40:44.145+0800: 0.550: [CMS-concurrent-preclean: 0.001/0.001 secs] [Times: user=0.00 sys=0.00, real=0.00 secs] 
2020-10-25T21:40:44.145+0800: 0.550: [CMS-concurrent-abortable-preclean-start]
2020-10-25T21:40:44.145+0800: 0.550: [CMS-concurrent-abortable-preclean: 0.000/0.000 secs] [Times: user=0.00 sys=0.00, real=0.00 secs] 
2020-10-25T21:40:44.145+0800: 0.550: [GC (CMS Final Remark) [YG occupancy: 45205 K (157248 K)]2020-10-25T21:40:44.145+0800: 0.550: [Rescan (parallel) , 0.0002198 secs]2020-10-25T21:40:44.145+0800: 0.550: [weak refs processing, 0.0000133 secs]2020-10-25T21:40:44.145+0800: 0.550: [class unloading, 0.0002697 secs]2020-10-25T21:40:44.146+0800: 0.550: [scrub symbol table, 0.0003075 secs]2020-10-25T21:40:44.146+0800: 0.551: [scrub string table, 0.0000932 secs][1 CMS-remark: 342499K(349568K)] 387704K(506816K), 0.0009957 secs] [Times: user=0.00 sys=0.00, real=0.00 secs] 
2020-10-25T21:40:44.146+0800: 0.551: [CMS-concurrent-sweep-start]
2020-10-25T21:40:44.147+0800: 0.552: [CMS-concurrent-sweep: 0.001/0.001 secs] [Times: user=0.00 sys=0.00, real=0.00 secs] 
2020-10-25T21:40:44.147+0800: 0.552: [CMS-concurrent-reset-start]
2020-10-25T21:40:44.148+0800: 0.552: [CMS-concurrent-reset: 0.001/0.001 secs] [Times: user=0.00 sys=0.00, real=0.00 secs] 
2020-10-25T21:40:44.162+0800: 0.567: [GC (Allocation Failure) 2020-10-25T21:40:44.162+0800: 0.567: [ParNew: 157248K->17472K(157248K), 0.0123372 secs] 399341K->306112K(506816K), 0.0124249 secs] [Times: user=0.06 sys=0.00, real=0.01 secs] 
2020-10-25T21:40:44.175+0800: 0.580: [GC (CMS Initial Mark) [1 CMS-initial-mark: 288640K(349568K)] 306785K(506816K), 0.0001004 secs] [Times: user=0.00 sys=0.00, real=0.00 secs] 
2020-10-25T21:40:44.175+0800: 0.580: [CMS-concurrent-mark-start]
2020-10-25T21:40:44.177+0800: 0.582: [CMS-concurrent-mark: 0.002/0.002 secs] [Times: user=0.00 sys=0.00, real=0.00 secs] 
2020-10-25T21:40:44.177+0800: 0.582: [CMS-concurrent-preclean-start]
2020-10-25T21:40:44.178+0800: 0.583: [CMS-concurrent-preclean: 0.001/0.001 secs] [Times: user=0.00 sys=0.00, real=0.00 secs] 
2020-10-25T21:40:44.178+0800: 0.583: [CMS-concurrent-abortable-preclean-start]
2020-10-25T21:40:44.196+0800: 0.601: [GC (Allocation Failure) 2020-10-25T21:40:44.196+0800: 0.601: [ParNew: 157248K->17472K(157248K), 0.0120071 secs] 445888K->351648K(506816K), 0.0120962 secs] [Times: user=0.05 sys=0.00, real=0.01 secs] 
2020-10-25T21:40:44.208+0800: 0.613: [CMS-concurrent-abortable-preclean: 0.001/0.031 secs] [Times: user=0.06 sys=0.00, real=0.03 secs] 
2020-10-25T21:40:44.209+0800: 0.613: [GC (CMS Final Remark) [YG occupancy: 20984 K (157248 K)]2020-10-25T21:40:44.209+0800: 0.614: [Rescan (parallel) , 0.0002543 secs]2020-10-25T21:40:44.209+0800: 0.614: [weak refs processing, 0.0000130 secs]2020-10-25T21:40:44.209+0800: 0.614: [class unloading, 0.0002041 secs]2020-10-25T21:40:44.209+0800: 0.614: [scrub symbol table, 0.0002990 secs]2020-10-25T21:40:44.209+0800: 0.614: [scrub string table, 0.0000983 secs][1 CMS-remark: 334176K(349568K)] 355161K(506816K), 0.0009486 secs] [Times: user=0.00 sys=0.00, real=0.00 secs] 
2020-10-25T21:40:44.210+0800: 0.614: [CMS-concurrent-sweep-start]
2020-10-25T21:40:44.210+0800: 0.615: [CMS-concurrent-sweep: 0.001/0.001 secs] [Times: user=0.00 sys=0.00, real=0.00 secs] 
2020-10-25T21:40:44.210+0800: 0.615: [CMS-concurrent-reset-start]
2020-10-25T21:40:44.211+0800: 0.616: [CMS-concurrent-reset: 0.001/0.001 secs] [Times: user=0.00 sys=0.00, real=0.00 secs] 
2020-10-25T21:40:44.230+0800: 0.635: [GC (Allocation Failure) 2020-10-25T21:40:44.230+0800: 0.635: [ParNew: 157248K->157248K(157248K), 0.0000222 secs]2020-10-25T21:40:44.230+0800: 0.635: [CMS: 303470K->301676K(349568K), 0.0570351 secs] 460718K->301676K(506816K), [Metaspace: 2820K->2820K(1056768K)], 0.0571727 secs] [Times: user=0.05 sys=0.00, real=0.06 secs] 
2020-10-25T21:40:44.288+0800: 0.693: [GC (CMS Initial Mark) [1 CMS-initial-mark: 301676K(349568K)] 302230K(506816K), 0.0002714 secs] [Times: user=0.00 sys=0.00, real=0.00 secs] 
2020-10-25T21:40:44.288+0800: 0.693: [CMS-concurrent-mark-start]
2020-10-25T21:40:44.290+0800: 0.696: [CMS-concurrent-mark: 0.003/0.003 secs] [Times: user=0.00 sys=0.00, real=0.00 secs] 
2020-10-25T21:40:44.291+0800: 0.696: [CMS-concurrent-preclean-start]
2020-10-25T21:40:44.291+0800: 0.696: [CMS-concurrent-preclean: 0.001/0.001 secs] [Times: user=0.00 sys=0.00, real=0.00 secs] 
2020-10-25T21:40:44.291+0800: 0.696: [CMS-concurrent-abortable-preclean-start]
2020-10-25T21:40:44.311+0800: 0.716: [GC (Allocation Failure) 2020-10-25T21:40:44.311+0800: 0.716: [ParNew: 139776K->17472K(157248K), 0.0087880 secs] 441452K->345550K(506816K), 0.0088764 secs] [Times: user=0.00 sys=0.00, real=0.01 secs] 
2020-10-25T21:40:44.320+0800: 0.726: [CMS-concurrent-abortable-preclean: 0.001/0.029 secs] [Times: user=0.02 sys=0.00, real=0.03 secs] 
2020-10-25T21:40:44.322+0800: 0.726: [GC (CMS Final Remark) [YG occupancy: 24201 K (157248 K)]2020-10-25T21:40:44.322+0800: 0.726: [Rescan (parallel) , 0.0003168 secs]2020-10-25T21:40:44.322+0800: 0.726: [weak refs processing, 0.0000130 secs]2020-10-25T21:40:44.322+0800: 0.726: [class unloading, 0.0002174 secs]2020-10-25T21:40:44.322+0800: 0.726: [scrub symbol table, 0.0003543 secs]2020-10-25T21:40:44.323+0800: 0.727: [scrub string table, 0.0001355 secs][1 CMS-remark: 328078K(349568K)] 352280K(506816K), 0.0011421 secs] [Times: user=0.00 sys=0.00, real=0.00 secs] 
2020-10-25T21:40:44.323+0800: 0.727: [CMS-concurrent-sweep-start]
2020-10-25T21:40:44.323+0800: 0.728: [CMS-concurrent-sweep: 0.001/0.001 secs] [Times: user=0.03 sys=0.00, real=0.00 secs] 
2020-10-25T21:40:44.323+0800: 0.728: [CMS-concurrent-reset-start]
2020-10-25T21:40:44.323+0800: 0.728: [CMS-concurrent-reset: 0.001/0.001 secs] [Times: user=0.00 sys=0.00, real=0.00 secs] 
2020-10-25T21:40:44.345+0800: 0.749: [GC (Allocation Failure) 2020-10-25T21:40:44.345+0800: 0.749: [ParNew: 157248K->157248K(157248K), 0.0000218 secs]2020-10-25T21:40:44.345+0800: 0.749: [CMS: 328051K->318315K(349568K), 0.0613236 secs] 485299K->318315K(506816K), [Metaspace: 2820K->2820K(1056768K)], 0.0614523 secs] [Times: user=0.06 sys=0.00, real=0.06 secs] 
2020-10-25T21:40:44.406+0800: 0.811: [GC (CMS Initial Mark) [1 CMS-initial-mark: 318315K(349568K)] 318459K(506816K), 0.0001785 secs] [Times: user=0.00 sys=0.00, real=0.00 secs] 
2020-10-25T21:40:44.406+0800: 0.811: [CMS-concurrent-mark-start]
2020-10-25T21:40:44.409+0800: 0.813: [CMS-concurrent-mark: 0.002/0.002 secs] [Times: user=0.00 sys=0.00, real=0.00 secs] 
2020-10-25T21:40:44.409+0800: 0.813: [CMS-concurrent-preclean-start]
2020-10-25T21:40:44.410+0800: 0.814: [CMS-concurrent-preclean: 0.001/0.001 secs] [Times: user=0.00 sys=0.00, real=0.00 secs] 
2020-10-25T21:40:44.410+0800: 0.814: [CMS-concurrent-abortable-preclean-start]
2020-10-25T21:40:44.428+0800: 0.833: [GC (Allocation Failure) 2020-10-25T21:40:44.428+0800: 0.833: [ParNew: 139776K->17472K(157248K), 0.0079425 secs] 458091K->360817K(506816K), 0.0080394 secs] [Times: user=0.06 sys=0.00, real=0.01 secs] 
2020-10-25T21:40:44.436+0800: 0.841: [CMS-concurrent-abortable-preclean: 0.001/0.027 secs] [Times: user=0.08 sys=0.00, real=0.03 secs] 
2020-10-25T21:40:44.437+0800: 0.841: [GC (CMS Final Remark) [YG occupancy: 21185 K (157248 K)]2020-10-25T21:40:44.437+0800: 0.841: [Rescan (parallel) , 0.0004222 secs]2020-10-25T21:40:44.437+0800: 0.842: [weak refs processing, 0.0000154 secs]2020-10-25T21:40:44.437+0800: 0.842: [class unloading, 0.0002068 secs]2020-10-25T21:40:44.437+0800: 0.842: [scrub symbol table, 0.0003168 secs]2020-10-25T21:40:44.438+0800: 0.842: [scrub string table, 0.0000932 secs][1 CMS-remark: 343345K(349568K)] 364530K(506816K), 0.0012005 secs] [Times: user=0.00 sys=0.00, real=0.00 secs] 
2020-10-25T21:40:44.438+0800: 0.842: [CMS-concurrent-sweep-start]
2020-10-25T21:40:44.438+0800: 0.843: [CMS-concurrent-sweep: 0.001/0.001 secs] [Times: user=0.00 sys=0.00, real=0.00 secs] 
2020-10-25T21:40:44.438+0800: 0.843: [CMS-concurrent-reset-start]
2020-10-25T21:40:44.439+0800: 0.844: [CMS-concurrent-reset: 0.001/0.001 secs] [Times: user=0.00 sys=0.00, real=0.00 secs] 
2020-10-25T21:40:44.458+0800: 0.862: [GC (Allocation Failure) 2020-10-25T21:40:44.458+0800: 0.862: [ParNew: 157248K->157248K(157248K), 0.0000386 secs]2020-10-25T21:40:44.458+0800: 0.862: [CMS: 342926K->333072K(349568K), 0.0626661 secs] 500174K->333072K(506816K), [Metaspace: 2820K->2820K(1056768K)], 0.0628920 secs] [Times: user=0.06 sys=0.00, real=0.06 secs] 
2020-10-25T21:40:44.520+0800: 0.925: [GC (CMS Initial Mark) [1 CMS-initial-mark: 333072K(349568K)] 333849K(506816K), 0.0002174 secs] [Times: user=0.00 sys=0.00, real=0.00 secs] 
2020-10-25T21:40:44.521+0800: 0.925: [CMS-concurrent-mark-start]
2020-10-25T21:40:44.524+0800: 0.929: [CMS-concurrent-mark: 0.003/0.003 secs] [Times: user=0.00 sys=0.00, real=0.00 secs] 
2020-10-25T21:40:44.524+0800: 0.929: [CMS-concurrent-preclean-start]
2020-10-25T21:40:44.524+0800: 0.929: [CMS-concurrent-preclean: 0.001/0.001 secs] [Times: user=0.00 sys=0.00, real=0.00 secs] 
2020-10-25T21:40:44.524+0800: 0.929: [CMS-concurrent-abortable-preclean-start]
2020-10-25T21:40:44.524+0800: 0.929: [CMS-concurrent-abortable-preclean: 0.000/0.000 secs] [Times: user=0.00 sys=0.00, real=0.00 secs] 
2020-10-25T21:40:44.525+0800: 0.929: [GC (CMS Final Remark) [YG occupancy: 31888 K (157248 K)]2020-10-25T21:40:44.525+0800: 0.930: [Rescan (parallel) , 0.0004212 secs]2020-10-25T21:40:44.525+0800: 0.930: [weak refs processing, 0.0000150 secs]2020-10-25T21:40:44.525+0800: 0.930: [class unloading, 0.0002328 secs]2020-10-25T21:40:44.525+0800: 0.930: [scrub symbol table, 0.0003878 secs]2020-10-25T21:40:44.526+0800: 0.931: [scrub string table, 0.0000908 secs][1 CMS-remark: 333072K(349568K)] 364961K(506816K), 0.0012537 secs] [Times: user=0.02 sys=0.00, real=0.00 secs] 
2020-10-25T21:40:44.526+0800: 0.931: [CMS-concurrent-sweep-start]
2020-10-25T21:40:44.527+0800: 0.931: [CMS-concurrent-sweep: 0.001/0.001 secs] [Times: user=0.00 sys=0.00, real=0.00 secs] 
2020-10-25T21:40:44.527+0800: 0.931: [CMS-concurrent-reset-start]
2020-10-25T21:40:44.527+0800: 0.932: [CMS-concurrent-reset: 0.000/0.000 secs] [Times: user=0.00 sys=0.00, real=0.00 secs] 
2020-10-25T21:40:44.545+0800: 0.950: [GC (Allocation Failure) 2020-10-25T21:40:44.545+0800: 0.950: [ParNew: 139776K->139776K(157248K), 0.0000218 secs]2020-10-25T21:40:44.545+0800: 0.950: [CMS: 332740K->342304K(349568K), 0.0689442 secs] 472516K->342304K(506816K), [Metaspace: 2820K->2820K(1056768K)], 0.0690859 secs] [Times: user=0.06 sys=0.00, real=0.07 secs] 
2020-10-25T21:40:44.614+0800: 1.019: [GC (CMS Initial Mark) [1 CMS-initial-mark: 342304K(349568K)] 342732K(506816K), 0.0003092 secs] [Times: user=0.00 sys=0.00, real=0.00 secs] 
2020-10-25T21:40:44.614+0800: 1.019: [CMS-concurrent-mark-start]
2020-10-25T21:40:44.617+0800: 1.022: [CMS-concurrent-mark: 0.003/0.003 secs] [Times: user=0.00 sys=0.00, real=0.00 secs] 
2020-10-25T21:40:44.617+0800: 1.022: [CMS-concurrent-preclean-start]
2020-10-25T21:40:44.618+0800: 1.023: [CMS-concurrent-preclean: 0.001/0.001 secs] [Times: user=0.00 sys=0.00, real=0.00 secs] 
2020-10-25T21:40:44.618+0800: 1.023: [CMS-concurrent-abortable-preclean-start]
2020-10-25T21:40:44.618+0800: 1.023: [CMS-concurrent-abortable-preclean: 0.000/0.000 secs] [Times: user=0.00 sys=0.00, real=0.00 secs] 
2020-10-25T21:40:44.618+0800: 1.023: [GC (CMS Final Remark) [YG occupancy: 27145 K (157248 K)]2020-10-25T21:40:44.619+0800: 1.024: [Rescan (parallel) , 0.0002898 secs]2020-10-25T21:40:44.619+0800: 1.024: [weak refs processing, 0.0000283 secs]2020-10-25T21:40:44.619+0800: 1.024: [class unloading, 0.0002444 secs]2020-10-25T21:40:44.619+0800: 1.024: [scrub symbol table, 0.0002990 secs]2020-10-25T21:40:44.619+0800: 1.024: [scrub string table, 0.0001130 secs][1 CMS-remark: 342304K(349568K)] 369449K(506816K), 0.0011168 secs] [Times: user=0.02 sys=0.00, real=0.00 secs] 
2020-10-25T21:40:44.620+0800: 1.025: [CMS-concurrent-sweep-start]
2020-10-25T21:40:44.620+0800: 1.025: [CMS-concurrent-sweep: 0.001/0.001 secs] [Times: user=0.00 sys=0.00, real=0.00 secs] 
2020-10-25T21:40:44.620+0800: 1.025: [CMS-concurrent-reset-start]
2020-10-25T21:40:44.621+0800: 1.026: [CMS-concurrent-reset: 0.001/0.001 secs] [Times: user=0.00 sys=0.00, real=0.00 secs] 
2020-10-25T21:40:44.640+0800: 1.045: [GC (Allocation Failure) 2020-10-25T21:40:44.640+0800: 1.045: [ParNew: 139572K->139572K(157248K), 0.0000229 secs]2020-10-25T21:40:44.640+0800: 1.045: [CMS: 341567K->344107K(349568K), 0.0673990 secs] 481140K->344107K(506816K), [Metaspace: 2820K->2820K(1056768K)], 0.0675362 secs] [Times: user=0.06 sys=0.00, real=0.07 secs] 
2020-10-25T21:40:44.708+0800: 1.112: [GC (CMS Initial Mark) [1 CMS-initial-mark: 344107K(349568K)] 344331K(506816K), 0.0001085 secs] [Times: user=0.00 sys=0.00, real=0.00 secs] 
2020-10-25T21:40:44.708+0800: 1.112: [CMS-concurrent-mark-start]
2020-10-25T21:40:44.711+0800: 1.115: [CMS-concurrent-mark: 0.002/0.002 secs] [Times: user=0.00 sys=0.00, real=0.00 secs] 
2020-10-25T21:40:44.711+0800: 1.115: [CMS-concurrent-preclean-start]
2020-10-25T21:40:44.711+0800: 1.116: [CMS-concurrent-preclean: 0.001/0.001 secs] [Times: user=0.00 sys=0.00, real=0.00 secs] 
2020-10-25T21:40:44.711+0800: 1.116: [CMS-concurrent-abortable-preclean-start]
2020-10-25T21:40:44.711+0800: 1.116: [CMS-concurrent-abortable-preclean: 0.000/0.000 secs] [Times: user=0.00 sys=0.00, real=0.00 secs] 
2020-10-25T21:40:44.711+0800: 1.116: [GC (CMS Final Remark) [YG occupancy: 25030 K (157248 K)]2020-10-25T21:40:44.711+0800: 1.116: [Rescan (parallel) , 0.0002584 secs]2020-10-25T21:40:44.712+0800: 1.116: [weak refs processing, 0.0000164 secs]2020-10-25T21:40:44.712+0800: 1.116: [class unloading, 0.0002485 secs]2020-10-25T21:40:44.712+0800: 1.116: [scrub symbol table, 0.0003014 secs]2020-10-25T21:40:44.712+0800: 1.117: [scrub string table, 0.0000935 secs][1 CMS-remark: 344107K(349568K)] 369137K(506816K), 0.0010158 secs] [Times: user=0.00 sys=0.00, real=0.00 secs] 
2020-10-25T21:40:44.713+0800: 1.117: [CMS-concurrent-sweep-start]
2020-10-25T21:40:44.713+0800: 1.117: [CMS-concurrent-sweep: 0.001/0.001 secs] [Times: user=0.00 sys=0.00, real=0.00 secs] 
2020-10-25T21:40:44.713+0800: 1.117: [CMS-concurrent-reset-start]
2020-10-25T21:40:44.714+0800: 1.118: [CMS-concurrent-reset: 0.001/0.001 secs] [Times: user=0.03 sys=0.00, real=0.00 secs] 
Heap
 par new generation   total 157248K, used 55815K [0x00000000e0000000, 0x00000000eaaa0000, 0x00000000eaaa0000)
  eden space 139776K,  39% used [0x00000000e0000000, 0x00000000e3681e50, 0x00000000e8880000)
  from space 17472K,   0% used [0x00000000e9990000, 0x00000000e9990000, 0x00000000eaaa0000)
  to   space 17472K,   0% used [0x00000000e8880000, 0x00000000e8880000, 0x00000000e9990000)
 concurrent mark-sweep generation total 349568K, used 343172K [0x00000000eaaa0000, 0x0000000100000000, 0x0000000100000000)
 Metaspace       used 2826K, capacity 4486K, committed 4864K, reserved 1056768K
  class space    used 306K, capacity 386K, committed 512K, reserved 1048576K
