Java HotSpot(TM) 64-Bit Server VM (25.152-b16) for windows-amd64 JRE (1.8.0_152-b16), built on Sep 14 2017 02:29:36 by "java_re" with MS VC++ 10.0 (VS2010)
Memory: 4k page, physical 8352968k(2838816k free), swap 13153880k(2802080k free)
CommandLine flags: -XX:InitialHeapSize=1073741824 -XX:MaxHeapSize=1073741824 -XX:+PrintGC -XX:+PrintGCDateStamps -XX:+PrintGCDetails -XX:+PrintGCTimeStamps -XX:+UseCompressedClassPointers -XX:+UseCompressedOops -XX:+UseG1GC -XX:-UseLargePagesIndividualAllocation 
2020-10-25T22:29:19.553+0800: 0.189: [GC pause (G1 Evacuation Pause) (young), 0.0038683 secs]
   [Parallel Time: 3.5 ms, GC Workers: 4]
      [GC Worker Start (ms): Min: 189.0, Avg: 189.0, Max: 189.1, Diff: 0.1]
      [Ext Root Scanning (ms): Min: 0.2, Avg: 0.2, Max: 0.3, Diff: 0.1, Sum: 0.8]
      [Update RS (ms): Min: 0.0, Avg: 0.0, Max: 0.0, Diff: 0.0, Sum: 0.0]
         [Processed Buffers: Min: 0, Avg: 0.0, Max: 0, Diff: 0, Sum: 0]
      [Scan RS (ms): Min: 0.0, Avg: 0.0, Max: 0.0, Diff: 0.0, Sum: 0.0]
      [Code Root Scanning (ms): Min: 0.0, Avg: 0.0, Max: 0.0, Diff: 0.0, Sum: 0.0]
      [Object Copy (ms): Min: 3.0, Avg: 3.1, Max: 3.1, Diff: 0.1, Sum: 12.2]
      [Termination (ms): Min: 0.0, Avg: 0.0, Max: 0.1, Diff: 0.1, Sum: 0.2]
         [Termination Attempts: Min: 1, Avg: 1.0, Max: 1, Diff: 0, Sum: 4]
      [GC Worker Other (ms): Min: 0.0, Avg: 0.0, Max: 0.1, Diff: 0.0, Sum: 0.2]
      [GC Worker Total (ms): Min: 3.3, Avg: 3.4, Max: 3.4, Diff: 0.1, Sum: 13.5]
      [GC Worker End (ms): Min: 192.4, Avg: 192.4, Max: 192.4, Diff: 0.0]
   [Code Root Fixup: 0.0 ms]
   [Code Root Purge: 0.0 ms]
   [Clear CT: 0.0 ms]
   [Other: 0.4 ms]
      [Choose CSet: 0.0 ms]
      [Ref Proc: 0.1 ms]
      [Ref Enq: 0.0 ms]
      [Redirty Cards: 0.0 ms]
      [Humongous Register: 0.0 ms]
      [Humongous Reclaim: 0.0 ms]
      [Free CSet: 0.0 ms]
   [Eden: 51.0M(51.0M)->0.0B(44.0M) Survivors: 0.0B->7168.0K Heap: 59.1M(1024.0M)->19.0M(1024.0M)]
 [Times: user=0.02 sys=0.00, real=0.00 secs] 
2020-10-25T22:29:19.571+0800: 0.207: [GC pause (G1 Evacuation Pause) (young), 0.0048544 secs]
   [Parallel Time: 4.5 ms, GC Workers: 4]
      [GC Worker Start (ms): Min: 206.7, Avg: 206.8, Max: 206.8, Diff: 0.0]
      [Ext Root Scanning (ms): Min: 0.2, Avg: 0.2, Max: 0.2, Diff: 0.0, Sum: 0.7]
      [Update RS (ms): Min: 0.1, Avg: 0.2, Max: 0.2, Diff: 0.1, Sum: 0.8]
         [Processed Buffers: Min: 3, Avg: 5.0, Max: 9, Diff: 6, Sum: 20]
      [Scan RS (ms): Min: 0.0, Avg: 0.0, Max: 0.0, Diff: 0.0, Sum: 0.0]
      [Code Root Scanning (ms): Min: 0.0, Avg: 0.0, Max: 0.0, Diff: 0.0, Sum: 0.0]
      [Object Copy (ms): Min: 3.9, Avg: 4.0, Max: 4.0, Diff: 0.1, Sum: 16.0]
      [Termination (ms): Min: 0.0, Avg: 0.0, Max: 0.1, Diff: 0.1, Sum: 0.2]
         [Termination Attempts: Min: 1, Avg: 1.0, Max: 1, Diff: 0, Sum: 4]
      [GC Worker Other (ms): Min: 0.0, Avg: 0.0, Max: 0.0, Diff: 0.0, Sum: 0.0]
      [GC Worker Total (ms): Min: 4.4, Avg: 4.4, Max: 4.4, Diff: 0.0, Sum: 17.7]
      [GC Worker End (ms): Min: 211.2, Avg: 211.2, Max: 211.2, Diff: 0.0]
   [Code Root Fixup: 0.0 ms]
   [Code Root Purge: 0.0 ms]
   [Clear CT: 0.0 ms]
   [Other: 0.3 ms]
      [Choose CSet: 0.0 ms]
      [Ref Proc: 0.0 ms]
      [Ref Enq: 0.0 ms]
      [Redirty Cards: 0.0 ms]
      [Humongous Register: 0.0 ms]
      [Humongous Reclaim: 0.0 ms]
      [Free CSet: 0.0 ms]
   [Eden: 44.0M(44.0M)->0.0B(44.0M) Survivors: 7168.0K->7168.0K Heap: 74.2M(1024.0M)->38.3M(1024.0M)]
 [Times: user=0.05 sys=0.00, real=0.00 secs] 
2020-10-25T22:29:19.588+0800: 0.224: [GC pause (G1 Evacuation Pause) (young), 0.0045087 secs]
   [Parallel Time: 4.1 ms, GC Workers: 4]
      [GC Worker Start (ms): Min: 224.3, Avg: 224.3, Max: 224.4, Diff: 0.0]
      [Ext Root Scanning (ms): Min: 0.2, Avg: 0.2, Max: 0.2, Diff: 0.0, Sum: 0.6]
      [Update RS (ms): Min: 0.1, Avg: 0.1, Max: 0.1, Diff: 0.0, Sum: 0.5]
         [Processed Buffers: Min: 3, Avg: 3.0, Max: 3, Diff: 0, Sum: 12]
      [Scan RS (ms): Min: 0.0, Avg: 0.0, Max: 0.0, Diff: 0.0, Sum: 0.0]
      [Code Root Scanning (ms): Min: 0.0, Avg: 0.0, Max: 0.0, Diff: 0.0, Sum: 0.0]
      [Object Copy (ms): Min: 3.6, Avg: 3.7, Max: 3.8, Diff: 0.2, Sum: 14.7]
      [Termination (ms): Min: 0.0, Avg: 0.1, Max: 0.2, Diff: 0.2, Sum: 0.4]
         [Termination Attempts: Min: 1, Avg: 1.0, Max: 1, Diff: 0, Sum: 4]
      [GC Worker Other (ms): Min: 0.0, Avg: 0.0, Max: 0.0, Diff: 0.0, Sum: 0.0]
      [GC Worker Total (ms): Min: 4.1, Avg: 4.1, Max: 4.1, Diff: 0.0, Sum: 16.3]
      [GC Worker End (ms): Min: 228.4, Avg: 228.4, Max: 228.4, Diff: 0.0]
   [Code Root Fixup: 0.0 ms]
   [Code Root Purge: 0.0 ms]
   [Clear CT: 0.0 ms]
   [Other: 0.3 ms]
      [Choose CSet: 0.0 ms]
      [Ref Proc: 0.1 ms]
      [Ref Enq: 0.0 ms]
      [Redirty Cards: 0.0 ms]
      [Humongous Register: 0.0 ms]
      [Humongous Reclaim: 0.0 ms]
      [Free CSet: 0.0 ms]
   [Eden: 44.0M(44.0M)->0.0B(44.0M) Survivors: 7168.0K->7168.0K Heap: 94.3M(1024.0M)->57.0M(1024.0M)]
 [Times: user=0.00 sys=0.00, real=0.01 secs] 
2020-10-25T22:29:19.604+0800: 0.239: [GC pause (G1 Evacuation Pause) (young), 0.0049425 secs]
   [Parallel Time: 4.6 ms, GC Workers: 4]
      [GC Worker Start (ms): Min: 239.2, Avg: 239.2, Max: 239.2, Diff: 0.0]
      [Ext Root Scanning (ms): Min: 0.1, Avg: 0.2, Max: 0.2, Diff: 0.0, Sum: 0.7]
      [Update RS (ms): Min: 0.1, Avg: 0.1, Max: 0.1, Diff: 0.0, Sum: 0.5]
         [Processed Buffers: Min: 1, Avg: 2.3, Max: 4, Diff: 3, Sum: 9]
      [Scan RS (ms): Min: 0.0, Avg: 0.0, Max: 0.0, Diff: 0.0, Sum: 0.0]
      [Code Root Scanning (ms): Min: 0.0, Avg: 0.0, Max: 0.0, Diff: 0.0, Sum: 0.0]
      [Object Copy (ms): Min: 4.1, Avg: 4.1, Max: 4.1, Diff: 0.1, Sum: 16.5]
      [Termination (ms): Min: 0.0, Avg: 0.1, Max: 0.1, Diff: 0.1, Sum: 0.3]
         [Termination Attempts: Min: 1, Avg: 1.0, Max: 1, Diff: 0, Sum: 4]
      [GC Worker Other (ms): Min: 0.0, Avg: 0.0, Max: 0.0, Diff: 0.0, Sum: 0.0]
      [GC Worker Total (ms): Min: 4.5, Avg: 4.5, Max: 4.6, Diff: 0.1, Sum: 18.0]
      [GC Worker End (ms): Min: 243.7, Avg: 243.7, Max: 243.8, Diff: 0.1]
   [Code Root Fixup: 0.0 ms]
   [Code Root Purge: 0.0 ms]
   [Clear CT: 0.0 ms]
   [Other: 0.3 ms]
      [Choose CSet: 0.0 ms]
      [Ref Proc: 0.1 ms]
      [Ref Enq: 0.0 ms]
      [Redirty Cards: 0.0 ms]
      [Humongous Register: 0.0 ms]
      [Humongous Reclaim: 0.0 ms]
      [Free CSet: 0.0 ms]
   [Eden: 44.0M(44.0M)->0.0B(59.0M) Survivors: 7168.0K->7168.0K Heap: 111.5M(1024.0M)->81.2M(1024.0M)]
 [Times: user=0.06 sys=0.00, real=0.00 secs] 
2020-10-25T22:29:19.628+0800: 0.264: [GC pause (G1 Evacuation Pause) (young), 0.0052726 secs]
   [Parallel Time: 4.9 ms, GC Workers: 4]
      [GC Worker Start (ms): Min: 264.1, Avg: 264.1, Max: 264.1, Diff: 0.1]
      [Ext Root Scanning (ms): Min: 0.1, Avg: 0.2, Max: 0.2, Diff: 0.0, Sum: 0.7]
      [Update RS (ms): Min: 0.1, Avg: 0.1, Max: 0.1, Diff: 0.0, Sum: 0.4]
         [Processed Buffers: Min: 1, Avg: 2.3, Max: 3, Diff: 2, Sum: 9]
      [Scan RS (ms): Min: 0.0, Avg: 0.0, Max: 0.0, Diff: 0.0, Sum: 0.0]
      [Code Root Scanning (ms): Min: 0.0, Avg: 0.0, Max: 0.0, Diff: 0.0, Sum: 0.0]
      [Object Copy (ms): Min: 4.3, Avg: 4.4, Max: 4.5, Diff: 0.2, Sum: 17.5]
      [Termination (ms): Min: 0.0, Avg: 0.1, Max: 0.2, Diff: 0.2, Sum: 0.5]
         [Termination Attempts: Min: 1, Avg: 1.0, Max: 1, Diff: 0, Sum: 4]
      [GC Worker Other (ms): Min: 0.0, Avg: 0.0, Max: 0.0, Diff: 0.0, Sum: 0.0]
      [GC Worker Total (ms): Min: 4.8, Avg: 4.8, Max: 4.8, Diff: 0.0, Sum: 19.2]
      [GC Worker End (ms): Min: 268.9, Avg: 268.9, Max: 268.9, Diff: 0.0]
   [Code Root Fixup: 0.0 ms]
   [Code Root Purge: 0.0 ms]
   [Clear CT: 0.0 ms]
   [Other: 0.4 ms]
      [Choose CSet: 0.0 ms]
      [Ref Proc: 0.0 ms]
      [Ref Enq: 0.0 ms]
      [Redirty Cards: 0.1 ms]
      [Humongous Register: 0.1 ms]
      [Humongous Reclaim: 0.0 ms]
      [Free CSet: 0.0 ms]
   [Eden: 59.0M(59.0M)->0.0B(66.0M) Survivors: 7168.0K->9216.0K Heap: 155.0M(1024.0M)->102.6M(1024.0M)]
 [Times: user=0.00 sys=0.00, real=0.01 secs] 
2020-10-25T22:29:19.652+0800: 0.288: [GC pause (G1 Evacuation Pause) (young), 0.0065905 secs]
   [Parallel Time: 6.2 ms, GC Workers: 4]
      [GC Worker Start (ms): Min: 288.0, Avg: 288.0, Max: 288.0, Diff: 0.0]
      [Ext Root Scanning (ms): Min: 0.2, Avg: 0.2, Max: 0.2, Diff: 0.0, Sum: 0.6]
      [Update RS (ms): Min: 0.0, Avg: 0.2, Max: 0.4, Diff: 0.3, Sum: 0.8]
         [Processed Buffers: Min: 1, Avg: 2.5, Max: 5, Diff: 4, Sum: 10]
      [Scan RS (ms): Min: 0.0, Avg: 0.0, Max: 0.0, Diff: 0.0, Sum: 0.0]
      [Code Root Scanning (ms): Min: 0.0, Avg: 0.0, Max: 0.0, Diff: 0.0, Sum: 0.0]
      [Object Copy (ms): Min: 5.5, Avg: 5.6, Max: 5.7, Diff: 0.2, Sum: 22.3]
      [Termination (ms): Min: 0.0, Avg: 0.1, Max: 0.3, Diff: 0.3, Sum: 0.6]
         [Termination Attempts: Min: 1, Avg: 1.0, Max: 1, Diff: 0, Sum: 4]
      [GC Worker Other (ms): Min: 0.0, Avg: 0.0, Max: 0.0, Diff: 0.0, Sum: 0.0]
      [GC Worker Total (ms): Min: 6.1, Avg: 6.1, Max: 6.1, Diff: 0.1, Sum: 24.4]
      [GC Worker End (ms): Min: 294.1, Avg: 294.1, Max: 294.2, Diff: 0.0]
   [Code Root Fixup: 0.0 ms]
   [Code Root Purge: 0.0 ms]
   [Clear CT: 0.0 ms]
   [Other: 0.4 ms]
      [Choose CSet: 0.0 ms]
      [Ref Proc: 0.1 ms]
      [Ref Enq: 0.0 ms]
      [Redirty Cards: 0.0 ms]
      [Humongous Register: 0.1 ms]
      [Humongous Reclaim: 0.0 ms]
      [Free CSet: 0.0 ms]
   [Eden: 66.0M(66.0M)->0.0B(122.0M) Survivors: 9216.0K->10.0M Heap: 190.1M(1024.0M)->128.5M(1024.0M)]
 [Times: user=0.00 sys=0.00, real=0.01 secs] 
2020-10-25T22:29:19.700+0800: 0.336: [GC pause (G1 Evacuation Pause) (young), 0.0093000 secs]
   [Parallel Time: 8.8 ms, GC Workers: 4]
      [GC Worker Start (ms): Min: 336.3, Avg: 336.3, Max: 336.3, Diff: 0.0]
      [Ext Root Scanning (ms): Min: 0.1, Avg: 0.2, Max: 0.2, Diff: 0.0, Sum: 0.6]
      [Update RS (ms): Min: 0.2, Avg: 0.2, Max: 0.2, Diff: 0.0, Sum: 0.8]
         [Processed Buffers: Min: 2, Avg: 3.8, Max: 5, Diff: 3, Sum: 15]
      [Scan RS (ms): Min: 0.0, Avg: 0.0, Max: 0.0, Diff: 0.0, Sum: 0.1]
      [Code Root Scanning (ms): Min: 0.0, Avg: 0.0, Max: 0.0, Diff: 0.0, Sum: 0.0]
      [Object Copy (ms): Min: 8.3, Avg: 8.4, Max: 8.4, Diff: 0.2, Sum: 33.5]
      [Termination (ms): Min: 0.0, Avg: 0.1, Max: 0.2, Diff: 0.2, Sum: 0.3]
         [Termination Attempts: Min: 1, Avg: 1.0, Max: 1, Diff: 0, Sum: 4]
      [GC Worker Other (ms): Min: 0.0, Avg: 0.0, Max: 0.0, Diff: 0.0, Sum: 0.0]
      [GC Worker Total (ms): Min: 8.8, Avg: 8.8, Max: 8.8, Diff: 0.0, Sum: 35.3]
      [GC Worker End (ms): Min: 345.1, Avg: 345.1, Max: 345.1, Diff: 0.0]
   [Code Root Fixup: 0.0 ms]
   [Code Root Purge: 0.0 ms]
   [Clear CT: 0.0 ms]
   [Other: 0.4 ms]
      [Choose CSet: 0.0 ms]
      [Ref Proc: 0.0 ms]
      [Ref Enq: 0.0 ms]
      [Redirty Cards: 0.0 ms]
      [Humongous Register: 0.1 ms]
      [Humongous Reclaim: 0.1 ms]
      [Free CSet: 0.1 ms]
   [Eden: 122.0M(122.0M)->0.0B(107.0M) Survivors: 10.0M->17.0M Heap: 277.3M(1024.0M)->173.8M(1024.0M)]
 [Times: user=0.00 sys=0.00, real=0.01 secs] 
2020-10-25T22:29:19.733+0800: 0.369: [GC pause (G1 Evacuation Pause) (young), 0.0102830 secs]
   [Parallel Time: 9.8 ms, GC Workers: 4]
      [GC Worker Start (ms): Min: 368.9, Avg: 369.0, Max: 369.0, Diff: 0.0]
      [Ext Root Scanning (ms): Min: 0.1, Avg: 0.2, Max: 0.2, Diff: 0.0, Sum: 0.6]
      [Update RS (ms): Min: 0.2, Avg: 0.2, Max: 0.2, Diff: 0.0, Sum: 0.6]
         [Processed Buffers: Min: 1, Avg: 3.0, Max: 4, Diff: 3, Sum: 12]
      [Scan RS (ms): Min: 0.0, Avg: 0.0, Max: 0.0, Diff: 0.0, Sum: 0.1]
      [Code Root Scanning (ms): Min: 0.0, Avg: 0.0, Max: 0.0, Diff: 0.0, Sum: 0.0]
      [Object Copy (ms): Min: 9.2, Avg: 9.3, Max: 9.4, Diff: 0.2, Sum: 37.2]
      [Termination (ms): Min: 0.0, Avg: 0.1, Max: 0.2, Diff: 0.2, Sum: 0.5]
         [Termination Attempts: Min: 1, Avg: 1.0, Max: 1, Diff: 0, Sum: 4]
      [GC Worker Other (ms): Min: 0.0, Avg: 0.0, Max: 0.0, Diff: 0.0, Sum: 0.0]
      [GC Worker Total (ms): Min: 9.7, Avg: 9.8, Max: 9.8, Diff: 0.0, Sum: 39.0]
      [GC Worker End (ms): Min: 378.7, Avg: 378.7, Max: 378.7, Diff: 0.0]
   [Code Root Fixup: 0.0 ms]
   [Code Root Purge: 0.0 ms]
   [Clear CT: 0.1 ms]
   [Other: 0.4 ms]
      [Choose CSet: 0.0 ms]
      [Ref Proc: 0.0 ms]
      [Ref Enq: 0.0 ms]
      [Redirty Cards: 0.0 ms]
      [Humongous Register: 0.1 ms]
      [Humongous Reclaim: 0.1 ms]
      [Free CSet: 0.1 ms]
   [Eden: 107.0M(107.0M)->0.0B(142.0M) Survivors: 17.0M->16.0M Heap: 303.5M(1024.0M)->213.0M(1024.0M)]
 [Times: user=0.00 sys=0.00, real=0.01 secs] 
2020-10-25T22:29:19.782+0800: 0.418: [GC pause (G1 Evacuation Pause) (young), 0.0103025 secs]
   [Parallel Time: 9.8 ms, GC Workers: 4]
      [GC Worker Start (ms): Min: 417.8, Avg: 417.8, Max: 417.8, Diff: 0.0]
      [Ext Root Scanning (ms): Min: 0.2, Avg: 0.2, Max: 0.3, Diff: 0.1, Sum: 0.7]
      [Update RS (ms): Min: 0.2, Avg: 0.2, Max: 0.3, Diff: 0.1, Sum: 0.9]
         [Processed Buffers: Min: 2, Avg: 4.3, Max: 6, Diff: 4, Sum: 17]
      [Scan RS (ms): Min: 0.0, Avg: 0.0, Max: 0.0, Diff: 0.0, Sum: 0.1]
      [Code Root Scanning (ms): Min: 0.0, Avg: 0.0, Max: 0.0, Diff: 0.0, Sum: 0.0]
      [Object Copy (ms): Min: 9.1, Avg: 9.2, Max: 9.3, Diff: 0.2, Sum: 36.7]
      [Termination (ms): Min: 0.0, Avg: 0.1, Max: 0.2, Diff: 0.2, Sum: 0.5]
         [Termination Attempts: Min: 1, Avg: 1.0, Max: 1, Diff: 0, Sum: 4]
      [GC Worker Other (ms): Min: 0.0, Avg: 0.0, Max: 0.0, Diff: 0.0, Sum: 0.0]
      [GC Worker Total (ms): Min: 9.7, Avg: 9.7, Max: 9.7, Diff: 0.0, Sum: 38.9]
      [GC Worker End (ms): Min: 427.5, Avg: 427.6, Max: 427.6, Diff: 0.0]
   [Code Root Fixup: 0.0 ms]
   [Code Root Purge: 0.0 ms]
   [Clear CT: 0.0 ms]
   [Other: 0.5 ms]
      [Choose CSet: 0.0 ms]
      [Ref Proc: 0.1 ms]
      [Ref Enq: 0.0 ms]
      [Redirty Cards: 0.0 ms]
      [Humongous Register: 0.1 ms]
      [Humongous Reclaim: 0.1 ms]
      [Free CSet: 0.1 ms]
   [Eden: 142.0M(142.0M)->0.0B(579.0M) Survivors: 16.0M->20.0M Heap: 392.5M(1024.0M)->256.4M(1024.0M)]
 [Times: user=0.05 sys=0.02, real=0.01 secs] 
2020-10-25T22:29:19.969+0800: 0.604: [GC pause (G1 Humongous Allocation) (young) (initial-mark), 0.0222051 secs]
   [Parallel Time: 21.3 ms, GC Workers: 4]
      [GC Worker Start (ms): Min: 604.4, Avg: 604.5, Max: 604.5, Diff: 0.1]
      [Ext Root Scanning (ms): Min: 0.1, Avg: 0.2, Max: 0.2, Diff: 0.1, Sum: 0.6]
      [Update RS (ms): Min: 0.2, Avg: 0.2, Max: 0.2, Diff: 0.0, Sum: 0.8]
         [Processed Buffers: Min: 1, Avg: 3.5, Max: 5, Diff: 4, Sum: 14]
      [Scan RS (ms): Min: 0.0, Avg: 0.0, Max: 0.1, Diff: 0.0, Sum: 0.2]
      [Code Root Scanning (ms): Min: 0.0, Avg: 0.0, Max: 0.0, Diff: 0.0, Sum: 0.0]
      [Object Copy (ms): Min: 20.6, Avg: 20.7, Max: 20.7, Diff: 0.2, Sum: 82.6]
      [Termination (ms): Min: 0.0, Avg: 0.1, Max: 0.2, Diff: 0.2, Sum: 0.3]
         [Termination Attempts: Min: 1, Avg: 1.0, Max: 1, Diff: 0, Sum: 4]
      [GC Worker Other (ms): Min: 0.0, Avg: 0.0, Max: 0.0, Diff: 0.0, Sum: 0.0]
      [GC Worker Total (ms): Min: 21.1, Avg: 21.2, Max: 21.2, Diff: 0.1, Sum: 84.6]
      [GC Worker End (ms): Min: 625.6, Avg: 625.6, Max: 625.6, Diff: 0.0]
   [Code Root Fixup: 0.0 ms]
   [Code Root Purge: 0.0 ms]
   [Clear CT: 0.1 ms]
   [Other: 0.8 ms]
      [Choose CSet: 0.0 ms]
      [Ref Proc: 0.0 ms]
      [Ref Enq: 0.0 ms]
      [Redirty Cards: 0.0 ms]
      [Humongous Register: 0.1 ms]
      [Humongous Reclaim: 0.2 ms]
      [Free CSet: 0.2 ms]
   [Eden: 392.0M(579.0M)->0.0B(60.0M) Survivors: 20.0M->75.0M Heap: 771.2M(1024.0M)->377.0M(1024.0M)]
 [Times: user=0.02 sys=0.05, real=0.02 secs] 
2020-10-25T22:29:19.991+0800: 0.627: [GC concurrent-root-region-scan-start]
2020-10-25T22:29:19.991+0800: 0.627: [GC concurrent-root-region-scan-end, 0.0003703 secs]
2020-10-25T22:29:19.992+0800: 0.627: [GC concurrent-mark-start]
2020-10-25T22:29:19.995+0800: 0.631: [GC concurrent-mark-end, 0.0039414 secs]
2020-10-25T22:29:19.996+0800: 0.631: [GC remark 2020-10-25T22:29:19.996+0800: 0.631: [Finalize Marking, 0.0002161 secs] 2020-10-25T22:29:19.996+0800: 0.631: [GC ref-proc, 0.0000935 secs] 2020-10-25T22:29:19.996+0800: 0.631: [Unloading, 0.0006086 secs], 0.0015401 secs]
 [Times: user=0.00 sys=0.00, real=0.00 secs] 
2020-10-25T22:29:19.997+0800: 0.633: [GC cleanup 399M->388M(1024M), 0.0005775 secs]
 [Times: user=0.00 sys=0.00, real=0.00 secs] 
2020-10-25T22:29:19.998+0800: 0.634: [GC concurrent-cleanup-start]
2020-10-25T22:29:19.998+0800: 0.634: [GC concurrent-cleanup-end, 0.0000150 secs]
2020-10-25T22:29:20.009+0800: 0.645: [GC pause (G1 Evacuation Pause) (young), 0.0162273 secs]
   [Parallel Time: 15.5 ms, GC Workers: 4]
      [GC Worker Start (ms): Min: 645.1, Avg: 645.2, Max: 645.2, Diff: 0.1]
      [Ext Root Scanning (ms): Min: 0.2, Avg: 0.2, Max: 0.2, Diff: 0.1, Sum: 0.7]
      [Update RS (ms): Min: 0.3, Avg: 0.3, Max: 0.4, Diff: 0.2, Sum: 1.2]
         [Processed Buffers: Min: 0, Avg: 3.8, Max: 6, Diff: 6, Sum: 15]
      [Scan RS (ms): Min: 0.0, Avg: 0.0, Max: 0.0, Diff: 0.0, Sum: 0.1]
      [Code Root Scanning (ms): Min: 0.0, Avg: 0.0, Max: 0.0, Diff: 0.0, Sum: 0.0]
      [Object Copy (ms): Min: 14.7, Avg: 14.9, Max: 15.0, Diff: 0.2, Sum: 59.6]
      [Termination (ms): Min: 0.0, Avg: 0.0, Max: 0.1, Diff: 0.1, Sum: 0.1]
         [Termination Attempts: Min: 1, Avg: 1.0, Max: 1, Diff: 0, Sum: 4]
      [GC Worker Other (ms): Min: 0.0, Avg: 0.0, Max: 0.0, Diff: 0.0, Sum: 0.1]
      [GC Worker Total (ms): Min: 15.4, Avg: 15.4, Max: 15.5, Diff: 0.1, Sum: 61.7]
      [GC Worker End (ms): Min: 660.6, Avg: 660.6, Max: 660.6, Diff: 0.0]
   [Code Root Fixup: 0.0 ms]
   [Code Root Purge: 0.0 ms]
   [Clear CT: 0.0 ms]
   [Other: 0.7 ms]
      [Choose CSet: 0.0 ms]
      [Ref Proc: 0.0 ms]
      [Ref Enq: 0.0 ms]
      [Redirty Cards: 0.0 ms]
      [Humongous Register: 0.2 ms]
      [Humongous Reclaim: 0.1 ms]
      [Free CSet: 0.1 ms]
   [Eden: 60.0M(60.0M)->0.0B(34.0M) Survivors: 75.0M->17.0M Heap: 447.3M(1024.0M)->376.2M(1024.0M)]
 [Times: user=0.06 sys=0.00, real=0.02 secs] 
2020-10-25T22:29:20.034+0800: 0.670: [GC pause (G1 Evacuation Pause) (mixed), 0.0074179 secs]
   [Parallel Time: 6.9 ms, GC Workers: 4]
      [GC Worker Start (ms): Min: 669.7, Avg: 669.7, Max: 669.8, Diff: 0.0]
      [Ext Root Scanning (ms): Min: 0.1, Avg: 0.2, Max: 0.2, Diff: 0.0, Sum: 0.6]
      [Update RS (ms): Min: 0.2, Avg: 0.3, Max: 0.3, Diff: 0.1, Sum: 1.1]
         [Processed Buffers: Min: 2, Avg: 5.3, Max: 8, Diff: 6, Sum: 21]
      [Scan RS (ms): Min: 0.0, Avg: 0.0, Max: 0.1, Diff: 0.0, Sum: 0.2]
      [Code Root Scanning (ms): Min: 0.0, Avg: 0.0, Max: 0.0, Diff: 0.0, Sum: 0.0]
      [Object Copy (ms): Min: 6.3, Avg: 6.3, Max: 6.4, Diff: 0.1, Sum: 25.4]
      [Termination (ms): Min: 0.0, Avg: 0.1, Max: 0.1, Diff: 0.1, Sum: 0.3]
         [Termination Attempts: Min: 1, Avg: 1.0, Max: 1, Diff: 0, Sum: 4]
      [GC Worker Other (ms): Min: 0.0, Avg: 0.0, Max: 0.0, Diff: 0.0, Sum: 0.0]
      [GC Worker Total (ms): Min: 6.9, Avg: 6.9, Max: 6.9, Diff: 0.0, Sum: 27.6]
      [GC Worker End (ms): Min: 676.6, Avg: 676.7, Max: 676.7, Diff: 0.0]
   [Code Root Fixup: 0.0 ms]
   [Code Root Purge: 0.0 ms]
   [Clear CT: 0.1 ms]
   [Other: 0.4 ms]
      [Choose CSet: 0.0 ms]
      [Ref Proc: 0.0 ms]
      [Ref Enq: 0.0 ms]
      [Redirty Cards: 0.0 ms]
      [Humongous Register: 0.1 ms]
      [Humongous Reclaim: 0.0 ms]
      [Free CSet: 0.1 ms]
   [Eden: 34.0M(34.0M)->0.0B(376.0M) Survivors: 17.0M->7168.0K Heap: 422.1M(1024.0M)->343.8M(1024.0M)]
 [Times: user=0.01 sys=0.00, real=0.01 secs] 
2020-10-25T22:29:20.080+0800: 0.716: [GC pause (G1 Humongous Allocation) (young) (initial-mark), 0.0106418 secs]
   [Parallel Time: 10.0 ms, GC Workers: 4]
      [GC Worker Start (ms): Min: 716.1, Avg: 716.1, Max: 716.1, Diff: 0.0]
      [Ext Root Scanning (ms): Min: 0.2, Avg: 0.2, Max: 0.2, Diff: 0.0, Sum: 0.7]
      [Update RS (ms): Min: 0.2, Avg: 0.2, Max: 0.2, Diff: 0.0, Sum: 0.9]
         [Processed Buffers: Min: 1, Avg: 4.3, Max: 6, Diff: 5, Sum: 17]
      [Scan RS (ms): Min: 0.0, Avg: 0.0, Max: 0.0, Diff: 0.0, Sum: 0.1]
      [Code Root Scanning (ms): Min: 0.0, Avg: 0.0, Max: 0.0, Diff: 0.0, Sum: 0.0]
      [Object Copy (ms): Min: 9.4, Avg: 9.5, Max: 9.5, Diff: 0.1, Sum: 37.8]
      [Termination (ms): Min: 0.0, Avg: 0.1, Max: 0.1, Diff: 0.1, Sum: 0.2]
         [Termination Attempts: Min: 1, Avg: 1.0, Max: 1, Diff: 0, Sum: 4]
      [GC Worker Other (ms): Min: 0.0, Avg: 0.0, Max: 0.0, Diff: 0.0, Sum: 0.0]
      [GC Worker Total (ms): Min: 9.9, Avg: 9.9, Max: 10.0, Diff: 0.0, Sum: 39.8]
      [GC Worker End (ms): Min: 726.0, Avg: 726.0, Max: 726.1, Diff: 0.0]
   [Code Root Fixup: 0.0 ms]
   [Code Root Purge: 0.0 ms]
   [Clear CT: 0.1 ms]
   [Other: 0.6 ms]
      [Choose CSet: 0.0 ms]
      [Ref Proc: 0.1 ms]
      [Ref Enq: 0.0 ms]
      [Redirty Cards: 0.0 ms]
      [Humongous Register: 0.1 ms]
      [Humongous Reclaim: 0.1 ms]
      [Free CSet: 0.1 ms]
   [Eden: 180.0M(376.0M)->0.0B(365.0M) Survivors: 7168.0K->48.0M Heap: 571.7M(1024.0M)->399.4M(1024.0M)]
 [Times: user=0.02 sys=0.05, real=0.01 secs] 
2020-10-25T22:29:20.091+0800: 0.727: [GC concurrent-root-region-scan-start]
2020-10-25T22:29:20.091+0800: 0.727: [GC concurrent-root-region-scan-end, 0.0002611 secs]
2020-10-25T22:29:20.091+0800: 0.727: [GC concurrent-mark-start]
2020-10-25T22:29:20.095+0800: 0.731: [GC concurrent-mark-end, 0.0036628 secs]
2020-10-25T22:29:20.095+0800: 0.731: [GC remark 2020-10-25T22:29:20.095+0800: 0.731: [Finalize Marking, 0.0000591 secs] 2020-10-25T22:29:20.095+0800: 0.731: [GC ref-proc, 0.0000952 secs] 2020-10-25T22:29:20.095+0800: 0.731: [Unloading, 0.0004830 secs], 0.0012558 secs]
 [Times: user=0.00 sys=0.00, real=0.00 secs] 
2020-10-25T22:29:20.096+0800: 0.732: [GC cleanup 420M->417M(1024M), 0.0004758 secs]
 [Times: user=0.00 sys=0.00, real=0.00 secs] 
2020-10-25T22:29:20.097+0800: 0.733: [GC concurrent-cleanup-start]
2020-10-25T22:29:20.097+0800: 0.733: [GC concurrent-cleanup-end, 0.0000106 secs]
2020-10-25T22:29:20.180+0800: 0.816: [GC pause (G1 Evacuation Pause) (young) (to-space exhausted), 0.0130522 secs]
   [Parallel Time: 11.5 ms, GC Workers: 4]
      [GC Worker Start (ms): Min: 815.7, Avg: 815.7, Max: 815.8, Diff: 0.0]
      [Ext Root Scanning (ms): Min: 0.1, Avg: 0.2, Max: 0.2, Diff: 0.0, Sum: 0.7]
      [Update RS (ms): Min: 0.3, Avg: 0.3, Max: 0.3, Diff: 0.0, Sum: 1.3]
         [Processed Buffers: Min: 2, Avg: 5.8, Max: 7, Diff: 5, Sum: 23]
      [Scan RS (ms): Min: 0.0, Avg: 0.0, Max: 0.1, Diff: 0.0, Sum: 0.2]
      [Code Root Scanning (ms): Min: 0.0, Avg: 0.0, Max: 0.0, Diff: 0.0, Sum: 0.0]
      [Object Copy (ms): Min: 10.8, Avg: 10.8, Max: 10.9, Diff: 0.0, Sum: 43.4]
      [Termination (ms): Min: 0.0, Avg: 0.0, Max: 0.0, Diff: 0.0, Sum: 0.0]
         [Termination Attempts: Min: 1, Avg: 1.0, Max: 1, Diff: 0, Sum: 4]
      [GC Worker Other (ms): Min: 0.0, Avg: 0.0, Max: 0.0, Diff: 0.0, Sum: 0.1]
      [GC Worker Total (ms): Min: 11.4, Avg: 11.4, Max: 11.4, Diff: 0.1, Sum: 45.7]
      [GC Worker End (ms): Min: 827.2, Avg: 827.2, Max: 827.2, Diff: 0.0]
   [Code Root Fixup: 0.0 ms]
   [Code Root Purge: 0.0 ms]
   [Clear CT: 0.1 ms]
   [Other: 1.5 ms]
      [Evacuation Failure: 0.8 ms]
      [Choose CSet: 0.0 ms]
      [Ref Proc: 0.0 ms]
      [Ref Enq: 0.0 ms]
      [Redirty Cards: 0.0 ms]
      [Humongous Register: 0.1 ms]
      [Humongous Reclaim: 0.2 ms]
      [Free CSet: 0.2 ms]
   [Eden: 365.0M(365.0M)->0.0B(5120.0K) Survivors: 48.0M->49.0M Heap: 855.0M(1024.0M)->691.2M(1024.0M)]
 [Times: user=0.06 sys=0.00, real=0.01 secs] 
2020-10-25T22:29:20.194+0800: 0.830: [GC pause (G1 Evacuation Pause) (mixed), 0.0121733 secs]
   [Parallel Time: 11.6 ms, GC Workers: 4]
      [GC Worker Start (ms): Min: 829.9, Avg: 830.0, Max: 830.0, Diff: 0.0]
      [Ext Root Scanning (ms): Min: 0.2, Avg: 0.2, Max: 0.2, Diff: 0.0, Sum: 0.7]
      [Update RS (ms): Min: 0.1, Avg: 0.1, Max: 0.1, Diff: 0.0, Sum: 0.5]
         [Processed Buffers: Min: 1, Avg: 2.5, Max: 4, Diff: 3, Sum: 10]
      [Scan RS (ms): Min: 0.0, Avg: 0.0, Max: 0.0, Diff: 0.0, Sum: 0.1]
      [Code Root Scanning (ms): Min: 0.0, Avg: 0.0, Max: 0.0, Diff: 0.0, Sum: 0.0]
      [Object Copy (ms): Min: 11.1, Avg: 11.1, Max: 11.2, Diff: 0.1, Sum: 44.6]
      [Termination (ms): Min: 0.0, Avg: 0.1, Max: 0.1, Diff: 0.1, Sum: 0.3]
         [Termination Attempts: Min: 1, Avg: 1.0, Max: 1, Diff: 0, Sum: 4]
      [GC Worker Other (ms): Min: 0.0, Avg: 0.0, Max: 0.0, Diff: 0.0, Sum: 0.1]
      [GC Worker Total (ms): Min: 11.6, Avg: 11.6, Max: 11.6, Diff: 0.1, Sum: 46.3]
      [GC Worker End (ms): Min: 841.5, Avg: 841.5, Max: 841.5, Diff: 0.0]
   [Code Root Fixup: 0.0 ms]
   [Code Root Purge: 0.0 ms]
   [Clear CT: 0.0 ms]
   [Other: 0.5 ms]
      [Choose CSet: 0.0 ms]
      [Ref Proc: 0.1 ms]
      [Ref Enq: 0.0 ms]
      [Redirty Cards: 0.0 ms]
      [Humongous Register: 0.1 ms]
      [Humongous Reclaim: 0.0 ms]
      [Free CSet: 0.1 ms]
   [Eden: 5120.0K(5120.0K)->0.0B(179.0M) Survivors: 49.0M->1024.0K Heap: 696.2M(1024.0M)->632.5M(1024.0M)]
 [Times: user=0.05 sys=0.02, real=0.01 secs] 
2020-10-25T22:29:20.207+0800: 0.843: [GC pause (G1 Humongous Allocation) (young) (initial-mark), 0.0011083 secs]
   [Parallel Time: 0.6 ms, GC Workers: 4]
      [GC Worker Start (ms): Min: 842.8, Avg: 842.8, Max: 842.8, Diff: 0.0]
      [Ext Root Scanning (ms): Min: 0.1, Avg: 0.2, Max: 0.2, Diff: 0.0, Sum: 0.6]
      [Update RS (ms): Min: 0.1, Avg: 0.1, Max: 0.2, Diff: 0.1, Sum: 0.5]
         [Processed Buffers: Min: 1, Avg: 1.3, Max: 2, Diff: 1, Sum: 5]
      [Scan RS (ms): Min: 0.0, Avg: 0.0, Max: 0.0, Diff: 0.0, Sum: 0.0]
      [Code Root Scanning (ms): Min: 0.0, Avg: 0.0, Max: 0.0, Diff: 0.0, Sum: 0.0]
      [Object Copy (ms): Min: 0.2, Avg: 0.2, Max: 0.3, Diff: 0.2, Sum: 0.9]
      [Termination (ms): Min: 0.0, Avg: 0.1, Max: 0.1, Diff: 0.1, Sum: 0.3]
         [Termination Attempts: Min: 1, Avg: 1.0, Max: 1, Diff: 0, Sum: 4]
      [GC Worker Other (ms): Min: 0.0, Avg: 0.0, Max: 0.0, Diff: 0.0, Sum: 0.0]
      [GC Worker Total (ms): Min: 0.6, Avg: 0.6, Max: 0.6, Diff: 0.0, Sum: 2.3]
      [GC Worker End (ms): Min: 843.4, Avg: 843.4, Max: 843.4, Diff: 0.0]
   [Code Root Fixup: 0.0 ms]
   [Code Root Purge: 0.0 ms]
   [Clear CT: 0.1 ms]
   [Other: 0.4 ms]
      [Choose CSet: 0.0 ms]
      [Ref Proc: 0.0 ms]
      [Ref Enq: 0.0 ms]
      [Redirty Cards: 0.1 ms]
      [Humongous Register: 0.1 ms]
      [Humongous Reclaim: 0.0 ms]
      [Free CSet: 0.0 ms]
   [Eden: 3072.0K(179.0M)->0.0B(179.0M) Survivors: 1024.0K->2048.0K Heap: 634.7M(1024.0M)->632.8M(1024.0M)]
 [Times: user=0.00 sys=0.00, real=0.00 secs] 
2020-10-25T22:29:20.208+0800: 0.844: [GC concurrent-root-region-scan-start]
2020-10-25T22:29:20.208+0800: 0.844: [GC concurrent-root-region-scan-end, 0.0001389 secs]
2020-10-25T22:29:20.208+0800: 0.844: [GC concurrent-mark-start]
2020-10-25T22:29:20.214+0800: 0.849: [GC concurrent-mark-end, 0.0051814 secs]
2020-10-25T22:29:20.214+0800: 0.849: [GC remark 2020-10-25T22:29:20.214+0800: 0.849: [Finalize Marking, 0.0000638 secs] 2020-10-25T22:29:20.214+0800: 0.849: [GC ref-proc, 0.0000945 secs] 2020-10-25T22:29:20.214+0800: 0.850: [Unloading, 0.0005574 secs], 0.0014879 secs]
 [Times: user=0.00 sys=0.00, real=0.00 secs] 
2020-10-25T22:29:20.215+0800: 0.851: [GC cleanup 664M->653M(1024M), 0.0005458 secs]
 [Times: user=0.00 sys=0.00, real=0.00 secs] 
2020-10-25T22:29:20.216+0800: 0.852: [GC concurrent-cleanup-start]
2020-10-25T22:29:20.216+0800: 0.852: [GC concurrent-cleanup-end, 0.0000133 secs]
2020-10-25T22:29:20.251+0800: 0.886: [GC pause (G1 Evacuation Pause) (young), 0.0109561 secs]
   [Parallel Time: 10.3 ms, GC Workers: 4]
      [GC Worker Start (ms): Min: 886.3, Avg: 886.3, Max: 886.3, Diff: 0.0]
      [Ext Root Scanning (ms): Min: 0.1, Avg: 0.2, Max: 0.2, Diff: 0.0, Sum: 0.6]
      [Update RS (ms): Min: 0.3, Avg: 0.3, Max: 0.4, Diff: 0.0, Sum: 1.3]
         [Processed Buffers: Min: 1, Avg: 5.8, Max: 8, Diff: 7, Sum: 23]
      [Scan RS (ms): Min: 0.0, Avg: 0.0, Max: 0.0, Diff: 0.0, Sum: 0.1]
      [Code Root Scanning (ms): Min: 0.0, Avg: 0.0, Max: 0.0, Diff: 0.0, Sum: 0.0]
      [Object Copy (ms): Min: 9.7, Avg: 9.8, Max: 9.8, Diff: 0.0, Sum: 39.0]
      [Termination (ms): Min: 0.0, Avg: 0.0, Max: 0.0, Diff: 0.0, Sum: 0.0]
         [Termination Attempts: Min: 1, Avg: 1.0, Max: 1, Diff: 0, Sum: 4]
      [GC Worker Other (ms): Min: 0.0, Avg: 0.0, Max: 0.0, Diff: 0.0, Sum: 0.0]
      [GC Worker Total (ms): Min: 10.3, Avg: 10.3, Max: 10.3, Diff: 0.0, Sum: 41.1]
      [GC Worker End (ms): Min: 896.6, Avg: 896.6, Max: 896.6, Diff: 0.0]
   [Code Root Fixup: 0.0 ms]
   [Code Root Purge: 0.0 ms]
   [Clear CT: 0.1 ms]
   [Other: 0.6 ms]
      [Choose CSet: 0.0 ms]
      [Ref Proc: 0.1 ms]
      [Ref Enq: 0.0 ms]
      [Redirty Cards: 0.0 ms]
      [Humongous Register: 0.1 ms]
      [Humongous Reclaim: 0.2 ms]
      [Free CSet: 0.1 ms]
   [Eden: 179.0M(179.0M)->0.0B(28.0M) Survivors: 2048.0K->23.0M Heap: 842.5M(1024.0M)->674.5M(1024.0M)]
 [Times: user=0.06 sys=0.00, real=0.01 secs] 
2020-10-25T22:29:20.267+0800: 0.903: [GC pause (G1 Evacuation Pause) (mixed), 0.0076981 secs]
   [Parallel Time: 7.1 ms, GC Workers: 4]
      [GC Worker Start (ms): Min: 902.9, Avg: 902.9, Max: 902.9, Diff: 0.0]
      [Ext Root Scanning (ms): Min: 0.2, Avg: 0.2, Max: 0.2, Diff: 0.0, Sum: 0.7]
      [Update RS (ms): Min: 0.3, Avg: 0.3, Max: 0.3, Diff: 0.1, Sum: 1.2]
         [Processed Buffers: Min: 1, Avg: 5.0, Max: 7, Diff: 6, Sum: 20]
      [Scan RS (ms): Min: 0.0, Avg: 0.0, Max: 0.0, Diff: 0.0, Sum: 0.1]
      [Code Root Scanning (ms): Min: 0.0, Avg: 0.0, Max: 0.0, Diff: 0.0, Sum: 0.0]
      [Object Copy (ms): Min: 6.5, Avg: 6.5, Max: 6.6, Diff: 0.1, Sum: 26.1]
      [Termination (ms): Min: 0.0, Avg: 0.0, Max: 0.0, Diff: 0.0, Sum: 0.0]
         [Termination Attempts: Min: 1, Avg: 1.0, Max: 1, Diff: 0, Sum: 4]
      [GC Worker Other (ms): Min: 0.0, Avg: 0.0, Max: 0.0, Diff: 0.0, Sum: 0.0]
      [GC Worker Total (ms): Min: 7.0, Avg: 7.0, Max: 7.1, Diff: 0.0, Sum: 28.2]
      [GC Worker End (ms): Min: 909.9, Avg: 909.9, Max: 909.9, Diff: 0.0]
   [Code Root Fixup: 0.0 ms]
   [Code Root Purge: 0.0 ms]
   [Clear CT: 0.1 ms]
   [Other: 0.6 ms]
      [Choose CSet: 0.0 ms]
      [Ref Proc: 0.0 ms]
      [Ref Enq: 0.0 ms]
      [Redirty Cards: 0.0 ms]
      [Humongous Register: 0.1 ms]
      [Humongous Reclaim: 0.1 ms]
      [Free CSet: 0.2 ms]
   [Eden: 28.0M(28.0M)->0.0B(44.0M) Survivors: 23.0M->7168.0K Heap: 710.4M(1024.0M)->586.2M(1024.0M)]
 [Times: user=0.00 sys=0.00, real=0.01 secs] 
2020-10-25T22:29:20.284+0800: 0.920: [GC pause (G1 Evacuation Pause) (mixed), 0.0071974 secs]
   [Parallel Time: 6.6 ms, GC Workers: 4]
      [GC Worker Start (ms): Min: 920.2, Avg: 920.2, Max: 920.2, Diff: 0.0]
      [Ext Root Scanning (ms): Min: 0.2, Avg: 0.2, Max: 0.2, Diff: 0.0, Sum: 0.7]
      [Update RS (ms): Min: 0.4, Avg: 0.4, Max: 0.4, Diff: 0.0, Sum: 1.7]
         [Processed Buffers: Min: 5, Avg: 7.8, Max: 9, Diff: 4, Sum: 31]
      [Scan RS (ms): Min: 0.0, Avg: 0.0, Max: 0.1, Diff: 0.0, Sum: 0.2]
      [Code Root Scanning (ms): Min: 0.0, Avg: 0.0, Max: 0.0, Diff: 0.0, Sum: 0.0]
      [Object Copy (ms): Min: 5.9, Avg: 5.9, Max: 5.9, Diff: 0.1, Sum: 23.6]
      [Termination (ms): Min: 0.0, Avg: 0.1, Max: 0.1, Diff: 0.1, Sum: 0.2]
         [Termination Attempts: Min: 1, Avg: 1.0, Max: 1, Diff: 0, Sum: 4]
      [GC Worker Other (ms): Min: 0.0, Avg: 0.0, Max: 0.0, Diff: 0.0, Sum: 0.0]
      [GC Worker Total (ms): Min: 6.6, Avg: 6.6, Max: 6.6, Diff: 0.0, Sum: 26.4]
      [GC Worker End (ms): Min: 926.8, Avg: 926.8, Max: 926.8, Diff: 0.0]
   [Code Root Fixup: 0.0 ms]
   [Code Root Purge: 0.0 ms]
   [Clear CT: 0.1 ms]
   [Other: 0.5 ms]
      [Choose CSet: 0.0 ms]
      [Ref Proc: 0.1 ms]
      [Ref Enq: 0.0 ms]
      [Redirty Cards: 0.0 ms]
      [Humongous Register: 0.1 ms]
      [Humongous Reclaim: 0.0 ms]
      [Free CSet: 0.2 ms]
   [Eden: 44.0M(44.0M)->0.0B(44.0M) Survivors: 7168.0K->7168.0K Heap: 641.3M(1024.0M)->510.2M(1024.0M)]
 [Times: user=0.03 sys=0.00, real=0.01 secs] 
2020-10-25T22:29:20.300+0800: 0.936: [GC pause (G1 Evacuation Pause) (mixed), 0.0100489 secs]
   [Parallel Time: 9.5 ms, GC Workers: 4]
      [GC Worker Start (ms): Min: 936.1, Avg: 936.1, Max: 936.1, Diff: 0.0]
      [Ext Root Scanning (ms): Min: 0.1, Avg: 0.2, Max: 0.2, Diff: 0.0, Sum: 0.7]
      [Update RS (ms): Min: 0.4, Avg: 0.5, Max: 0.5, Diff: 0.0, Sum: 1.8]
         [Processed Buffers: Min: 5, Avg: 8.5, Max: 10, Diff: 5, Sum: 34]
      [Scan RS (ms): Min: 0.0, Avg: 0.0, Max: 0.1, Diff: 0.0, Sum: 0.2]
      [Code Root Scanning (ms): Min: 0.0, Avg: 0.0, Max: 0.0, Diff: 0.0, Sum: 0.0]
      [Object Copy (ms): Min: 8.7, Avg: 8.7, Max: 8.8, Diff: 0.1, Sum: 34.8]
      [Termination (ms): Min: 0.0, Avg: 0.1, Max: 0.1, Diff: 0.1, Sum: 0.3]
         [Termination Attempts: Min: 1, Avg: 1.0, Max: 1, Diff: 0, Sum: 4]
      [GC Worker Other (ms): Min: 0.0, Avg: 0.0, Max: 0.0, Diff: 0.0, Sum: 0.0]
      [GC Worker Total (ms): Min: 9.5, Avg: 9.5, Max: 9.5, Diff: 0.0, Sum: 37.9]
      [GC Worker End (ms): Min: 945.6, Avg: 945.6, Max: 945.6, Diff: 0.0]
   [Code Root Fixup: 0.0 ms]
   [Code Root Purge: 0.0 ms]
   [Clear CT: 0.1 ms]
   [Other: 0.5 ms]
      [Choose CSet: 0.0 ms]
      [Ref Proc: 0.0 ms]
      [Ref Enq: 0.0 ms]
      [Redirty Cards: 0.0 ms]
      [Humongous Register: 0.1 ms]
      [Humongous Reclaim: 0.0 ms]
      [Free CSet: 0.1 ms]
   [Eden: 44.0M(44.0M)->0.0B(44.0M) Survivors: 7168.0K->7168.0K Heap: 568.5M(1024.0M)->454.0M(1024.0M)]
 [Times: user=0.05 sys=0.01, real=0.01 secs] 
2020-10-25T22:29:20.319+0800: 0.955: [GC pause (G1 Evacuation Pause) (mixed), 0.0058863 secs]
   [Parallel Time: 5.4 ms, GC Workers: 4]
      [GC Worker Start (ms): Min: 955.3, Avg: 955.3, Max: 955.3, Diff: 0.0]
      [Ext Root Scanning (ms): Min: 0.2, Avg: 0.2, Max: 0.2, Diff: 0.0, Sum: 0.7]
      [Update RS (ms): Min: 0.3, Avg: 0.3, Max: 0.4, Diff: 0.0, Sum: 1.4]
         [Processed Buffers: Min: 3, Avg: 6.0, Max: 7, Diff: 4, Sum: 24]
      [Scan RS (ms): Min: 0.0, Avg: 0.0, Max: 0.0, Diff: 0.0, Sum: 0.1]
      [Code Root Scanning (ms): Min: 0.0, Avg: 0.0, Max: 0.0, Diff: 0.0, Sum: 0.0]
      [Object Copy (ms): Min: 4.7, Avg: 4.8, Max: 4.8, Diff: 0.0, Sum: 19.1]
      [Termination (ms): Min: 0.0, Avg: 0.0, Max: 0.1, Diff: 0.1, Sum: 0.2]
         [Termination Attempts: Min: 1, Avg: 1.0, Max: 1, Diff: 0, Sum: 4]
      [GC Worker Other (ms): Min: 0.0, Avg: 0.0, Max: 0.0, Diff: 0.0, Sum: 0.0]
      [GC Worker Total (ms): Min: 5.4, Avg: 5.4, Max: 5.4, Diff: 0.0, Sum: 21.5]
      [GC Worker End (ms): Min: 960.7, Avg: 960.7, Max: 960.7, Diff: 0.0]
   [Code Root Fixup: 0.0 ms]
   [Code Root Purge: 0.0 ms]
   [Clear CT: 0.0 ms]
   [Other: 0.4 ms]
      [Choose CSet: 0.0 ms]
      [Ref Proc: 0.0 ms]
      [Ref Enq: 0.0 ms]
      [Redirty Cards: 0.0 ms]
      [Humongous Register: 0.1 ms]
      [Humongous Reclaim: 0.1 ms]
      [Free CSet: 0.1 ms]
   [Eden: 44.0M(44.0M)->0.0B(323.0M) Survivors: 7168.0K->7168.0K Heap: 513.9M(1024.0M)->457.1M(1024.0M)]
 [Times: user=0.05 sys=0.00, real=0.01 secs] 
2020-10-25T22:29:20.326+0800: 0.962: [GC pause (G1 Humongous Allocation) (young) (initial-mark), 0.0020159 secs]
   [Parallel Time: 1.6 ms, GC Workers: 4]
      [GC Worker Start (ms): Min: 961.7, Avg: 961.7, Max: 961.8, Diff: 0.0]
      [Ext Root Scanning (ms): Min: 0.1, Avg: 0.2, Max: 0.2, Diff: 0.0, Sum: 0.6]
      [Update RS (ms): Min: 0.1, Avg: 0.1, Max: 0.1, Diff: 0.0, Sum: 0.3]
         [Processed Buffers: Min: 1, Avg: 1.5, Max: 3, Diff: 2, Sum: 6]
      [Scan RS (ms): Min: 0.0, Avg: 0.0, Max: 0.0, Diff: 0.0, Sum: 0.0]
      [Code Root Scanning (ms): Min: 0.0, Avg: 0.0, Max: 0.0, Diff: 0.0, Sum: 0.0]
      [Object Copy (ms): Min: 1.2, Avg: 1.3, Max: 1.4, Diff: 0.2, Sum: 5.1]
      [Termination (ms): Min: 0.0, Avg: 0.1, Max: 0.1, Diff: 0.1, Sum: 0.4]
         [Termination Attempts: Min: 1, Avg: 1.0, Max: 1, Diff: 0, Sum: 4]
      [GC Worker Other (ms): Min: 0.0, Avg: 0.0, Max: 0.0, Diff: 0.0, Sum: 0.0]
      [GC Worker Total (ms): Min: 1.6, Avg: 1.6, Max: 1.6, Diff: 0.0, Sum: 6.4]
      [GC Worker End (ms): Min: 963.3, Avg: 963.4, Max: 963.4, Diff: 0.0]
   [Code Root Fixup: 0.0 ms]
   [Code Root Purge: 0.0 ms]
   [Clear CT: 0.0 ms]
   [Other: 0.3 ms]
      [Choose CSet: 0.0 ms]
      [Ref Proc: 0.0 ms]
      [Ref Enq: 0.0 ms]
      [Redirty Cards: 0.0 ms]
      [Humongous Register: 0.1 ms]
      [Humongous Reclaim: 0.0 ms]
      [Free CSet: 0.0 ms]
   [Eden: 2048.0K(323.0M)->0.0B(324.0M) Survivors: 7168.0K->9216.0K Heap: 459.0M(1024.0M)->457.4M(1024.0M)]
 [Times: user=0.00 sys=0.00, real=0.00 secs] 
2020-10-25T22:29:20.328+0800: 0.964: [GC concurrent-root-region-scan-start]
2020-10-25T22:29:20.328+0800: 0.964: [GC concurrent-root-region-scan-end, 0.0001352 secs]
2020-10-25T22:29:20.328+0800: 0.964: [GC concurrent-mark-start]
2020-10-25T22:29:20.332+0800: 0.968: [GC concurrent-mark-end, 0.0037850 secs]
2020-10-25T22:29:20.332+0800: 0.968: [GC remark 2020-10-25T22:29:20.332+0800: 0.968: [Finalize Marking, 0.0000642 secs] 2020-10-25T22:29:20.332+0800: 0.968: [GC ref-proc, 0.0000925 secs] 2020-10-25T22:29:20.332+0800: 0.968: [Unloading, 0.0004891 secs], 0.0014729 secs]
 [Times: user=0.00 sys=0.00, real=0.00 secs] 
2020-10-25T22:29:20.334+0800: 0.969: [GC cleanup 479M->479M(1024M), 0.0004939 secs]
 [Times: user=0.00 sys=0.00, real=0.00 secs] 
2020-10-25T22:29:20.401+0800: 1.037: [GC pause (G1 Evacuation Pause) (young) (to-space exhausted), 0.0128522 secs]
   [Parallel Time: 11.6 ms, GC Workers: 4]
      [GC Worker Start (ms): Min: 1036.8, Avg: 1036.8, Max: 1036.8, Diff: 0.0]
      [Ext Root Scanning (ms): Min: 0.1, Avg: 0.2, Max: 0.2, Diff: 0.0, Sum: 0.6]
      [Update RS (ms): Min: 0.5, Avg: 0.5, Max: 0.5, Diff: 0.0, Sum: 2.0]
         [Processed Buffers: Min: 5, Avg: 9.0, Max: 11, Diff: 6, Sum: 36]
      [Scan RS (ms): Min: 0.0, Avg: 0.0, Max: 0.0, Diff: 0.0, Sum: 0.2]
      [Code Root Scanning (ms): Min: 0.0, Avg: 0.0, Max: 0.0, Diff: 0.0, Sum: 0.0]
      [Object Copy (ms): Min: 10.8, Avg: 10.8, Max: 10.8, Diff: 0.0, Sum: 43.3]
      [Termination (ms): Min: 0.0, Avg: 0.0, Max: 0.0, Diff: 0.0, Sum: 0.0]
         [Termination Attempts: Min: 1, Avg: 1.0, Max: 1, Diff: 0, Sum: 4]
      [GC Worker Other (ms): Min: 0.0, Avg: 0.0, Max: 0.0, Diff: 0.0, Sum: 0.0]
      [GC Worker Total (ms): Min: 11.5, Avg: 11.5, Max: 11.5, Diff: 0.0, Sum: 46.1]
      [GC Worker End (ms): Min: 1048.3, Avg: 1048.3, Max: 1048.3, Diff: 0.0]
   [Code Root Fixup: 0.0 ms]
   [Code Root Purge: 0.0 ms]
   [Clear CT: 0.1 ms]
   [Other: 1.2 ms]
      [Evacuation Failure: 0.5 ms]
      [Choose CSet: 0.0 ms]
      [Ref Proc: 0.1 ms]
      [Ref Enq: 0.0 ms]
      [Redirty Cards: 0.0 ms]
      [Humongous Register: 0.1 ms]
      [Humongous Reclaim: 0.2 ms]
      [Free CSet: 0.1 ms]
   [Eden: 324.0M(324.0M)->0.0B(9216.0K) Survivors: 9216.0K->42.0M Heap: 855.1M(1024.0M)->663.9M(1024.0M)]
 [Times: user=0.00 sys=0.00, real=0.01 secs] 
2020-10-25T22:29:20.416+0800: 1.051: [GC pause (G1 Evacuation Pause) (mixed), 0.0131004 secs]
   [Parallel Time: 12.5 ms, GC Workers: 4]
      [GC Worker Start (ms): Min: 1051.6, Avg: 1051.6, Max: 1051.6, Diff: 0.0]
      [Ext Root Scanning (ms): Min: 0.1, Avg: 0.2, Max: 0.2, Diff: 0.0, Sum: 0.6]
      [Update RS (ms): Min: 0.3, Avg: 0.3, Max: 0.3, Diff: 0.0, Sum: 1.1]
         [Processed Buffers: Min: 5, Avg: 5.8, Max: 7, Diff: 2, Sum: 23]
      [Scan RS (ms): Min: 0.0, Avg: 0.1, Max: 0.1, Diff: 0.1, Sum: 0.2]
      [Code Root Scanning (ms): Min: 0.0, Avg: 0.0, Max: 0.0, Diff: 0.0, Sum: 0.0]
      [Object Copy (ms): Min: 11.9, Avg: 11.9, Max: 12.0, Diff: 0.1, Sum: 47.6]
      [Termination (ms): Min: 0.0, Avg: 0.1, Max: 0.1, Diff: 0.1, Sum: 0.3]
         [Termination Attempts: Min: 1, Avg: 1.0, Max: 1, Diff: 0, Sum: 4]
      [GC Worker Other (ms): Min: 0.0, Avg: 0.0, Max: 0.0, Diff: 0.0, Sum: 0.0]
      [GC Worker Total (ms): Min: 12.5, Avg: 12.5, Max: 12.5, Diff: 0.0, Sum: 49.9]
      [GC Worker End (ms): Min: 1064.1, Avg: 1064.1, Max: 1064.1, Diff: 0.0]
   [Code Root Fixup: 0.0 ms]
   [Code Root Purge: 0.0 ms]
   [Clear CT: 0.1 ms]
   [Other: 0.5 ms]
      [Choose CSet: 0.0 ms]
      [Ref Proc: 0.1 ms]
      [Ref Enq: 0.0 ms]
      [Redirty Cards: 0.0 ms]
      [Humongous Register: 0.1 ms]
      [Humongous Reclaim: 0.0 ms]
      [Free CSet: 0.2 ms]
   [Eden: 9216.0K(9216.0K)->0.0B(46.0M) Survivors: 42.0M->5120.0K Heap: 674.6M(1024.0M)->588.3M(1024.0M)]
 [Times: user=0.06 sys=0.00, real=0.01 secs] 
2020-10-25T22:29:20.440+0800: 1.075: [GC pause (G1 Evacuation Pause) (mixed), 0.0045561 secs]
   [Parallel Time: 4.2 ms, GC Workers: 4]
      [GC Worker Start (ms): Min: 1075.4, Avg: 1075.4, Max: 1075.5, Diff: 0.0]
      [Ext Root Scanning (ms): Min: 0.2, Avg: 0.2, Max: 0.2, Diff: 0.0, Sum: 0.6]
      [Update RS (ms): Min: 0.4, Avg: 0.4, Max: 0.4, Diff: 0.0, Sum: 1.6]
         [Processed Buffers: Min: 3, Avg: 7.0, Max: 9, Diff: 6, Sum: 28]
      [Scan RS (ms): Min: 0.0, Avg: 0.0, Max: 0.0, Diff: 0.0, Sum: 0.0]
      [Code Root Scanning (ms): Min: 0.0, Avg: 0.0, Max: 0.0, Diff: 0.0, Sum: 0.0]
      [Object Copy (ms): Min: 3.5, Avg: 3.5, Max: 3.5, Diff: 0.0, Sum: 14.0]
      [Termination (ms): Min: 0.0, Avg: 0.0, Max: 0.1, Diff: 0.1, Sum: 0.1]
         [Termination Attempts: Min: 1, Avg: 1.0, Max: 1, Diff: 0, Sum: 4]
      [GC Worker Other (ms): Min: 0.0, Avg: 0.0, Max: 0.0, Diff: 0.0, Sum: 0.0]
      [GC Worker Total (ms): Min: 4.1, Avg: 4.1, Max: 4.1, Diff: 0.0, Sum: 16.4]
      [GC Worker End (ms): Min: 1079.5, Avg: 1079.6, Max: 1079.6, Diff: 0.0]
   [Code Root Fixup: 0.0 ms]
   [Code Root Purge: 0.0 ms]
   [Clear CT: 0.0 ms]
   [Other: 0.4 ms]
      [Choose CSet: 0.0 ms]
      [Ref Proc: 0.0 ms]
      [Ref Enq: 0.0 ms]
      [Redirty Cards: 0.0 ms]
      [Humongous Register: 0.1 ms]
      [Humongous Reclaim: 0.0 ms]
      [Free CSet: 0.1 ms]
   [Eden: 46.0M(46.0M)->0.0B(194.0M) Survivors: 5120.0K->7168.0K Heap: 647.5M(1024.0M)->606.7M(1024.0M)]
 [Times: user=0.00 sys=0.00, real=0.00 secs] 
2020-10-25T22:29:20.444+0800: 1.080: [GC pause (G1 Humongous Allocation) (young) (initial-mark), 0.0016138 secs]
   [Parallel Time: 1.3 ms, GC Workers: 4]
      [GC Worker Start (ms): Min: 1080.3, Avg: 1080.3, Max: 1080.3, Diff: 0.0]
      [Ext Root Scanning (ms): Min: 0.1, Avg: 0.1, Max: 0.2, Diff: 0.0, Sum: 0.6]
      [Update RS (ms): Min: 0.0, Avg: 0.1, Max: 0.1, Diff: 0.1, Sum: 0.4]
         [Processed Buffers: Min: 1, Avg: 1.3, Max: 2, Diff: 1, Sum: 5]
      [Scan RS (ms): Min: 0.0, Avg: 0.0, Max: 0.0, Diff: 0.0, Sum: 0.0]
      [Code Root Scanning (ms): Min: 0.0, Avg: 0.0, Max: 0.0, Diff: 0.0, Sum: 0.0]
      [Object Copy (ms): Min: 0.9, Avg: 1.0, Max: 1.0, Diff: 0.1, Sum: 3.8]
      [Termination (ms): Min: 0.0, Avg: 0.1, Max: 0.1, Diff: 0.1, Sum: 0.2]
         [Termination Attempts: Min: 1, Avg: 1.0, Max: 1, Diff: 0, Sum: 4]
      [GC Worker Other (ms): Min: 0.0, Avg: 0.0, Max: 0.0, Diff: 0.0, Sum: 0.0]
      [GC Worker Total (ms): Min: 1.2, Avg: 1.3, Max: 1.3, Diff: 0.0, Sum: 5.0]
      [GC Worker End (ms): Min: 1081.5, Avg: 1081.5, Max: 1081.5, Diff: 0.0]
   [Code Root Fixup: 0.0 ms]
   [Code Root Purge: 0.0 ms]
   [Clear CT: 0.0 ms]
   [Other: 0.3 ms]
      [Choose CSet: 0.0 ms]
      [Ref Proc: 0.0 ms]
      [Ref Enq: 0.0 ms]
      [Redirty Cards: 0.0 ms]
      [Humongous Register: 0.1 ms]
      [Humongous Reclaim: 0.0 ms]
      [Free CSet: 0.0 ms]
   [Eden: 1024.0K(194.0M)->0.0B(204.0M) Survivors: 7168.0K->7168.0K Heap: 607.5M(1024.0M)->606.3M(1024.0M)]
 [Times: user=0.00 sys=0.00, real=0.00 secs] 
2020-10-25T22:29:20.446+0800: 1.082: [GC concurrent-root-region-scan-start]
2020-10-25T22:29:20.446+0800: 1.082: [GC concurrent-root-region-scan-end, 0.0001137 secs]
2020-10-25T22:29:20.446+0800: 1.082: [GC concurrent-mark-start]
2020-10-25T22:29:20.451+0800: 1.087: [GC concurrent-mark-end, 0.0047739 secs]
2020-10-25T22:29:20.451+0800: 1.087: [GC remark 2020-10-25T22:29:20.451+0800: 1.087: [Finalize Marking, 0.0000635 secs] 2020-10-25T22:29:20.451+0800: 1.087: [GC ref-proc, 0.0000956 secs] 2020-10-25T22:29:20.451+0800: 1.087: [Unloading, 0.0004427 secs], 0.0015227 secs]
 [Times: user=0.00 sys=0.00, real=0.00 secs] 
2020-10-25T22:29:20.453+0800: 1.089: [GC cleanup 633M->622M(1024M), 0.0005738 secs]
 [Times: user=0.00 sys=0.00, real=0.00 secs] 
2020-10-25T22:29:20.453+0800: 1.089: [GC concurrent-cleanup-start]
2020-10-25T22:29:20.453+0800: 1.089: [GC concurrent-cleanup-end, 0.0000147 secs]
2020-10-25T22:29:20.495+0800: 1.131: [GC pause (G1 Evacuation Pause) (young) (to-space exhausted), 0.0114749 secs]
   [Parallel Time: 10.5 ms, GC Workers: 4]
      [GC Worker Start (ms): Min: 1131.4, Avg: 1131.4, Max: 1131.4, Diff: 0.0]
      [Ext Root Scanning (ms): Min: 0.1, Avg: 0.2, Max: 0.2, Diff: 0.0, Sum: 0.6]
      [Update RS (ms): Min: 0.4, Avg: 0.5, Max: 0.5, Diff: 0.1, Sum: 1.9]
         [Processed Buffers: Min: 4, Avg: 8.3, Max: 10, Diff: 6, Sum: 33]
      [Scan RS (ms): Min: 0.0, Avg: 0.0, Max: 0.0, Diff: 0.0, Sum: 0.1]
      [Code Root Scanning (ms): Min: 0.0, Avg: 0.0, Max: 0.0, Diff: 0.0, Sum: 0.0]
      [Object Copy (ms): Min: 9.8, Avg: 9.8, Max: 9.8, Diff: 0.0, Sum: 39.1]
      [Termination (ms): Min: 0.0, Avg: 0.0, Max: 0.1, Diff: 0.1, Sum: 0.1]
         [Termination Attempts: Min: 1, Avg: 1.0, Max: 1, Diff: 0, Sum: 4]
      [GC Worker Other (ms): Min: 0.0, Avg: 0.0, Max: 0.0, Diff: 0.0, Sum: 0.1]
      [GC Worker Total (ms): Min: 10.4, Avg: 10.5, Max: 10.5, Diff: 0.1, Sum: 41.9]
      [GC Worker End (ms): Min: 1141.8, Avg: 1141.8, Max: 1141.9, Diff: 0.0]
   [Code Root Fixup: 0.0 ms]
   [Code Root Purge: 0.0 ms]
   [Clear CT: 0.1 ms]
   [Other: 0.9 ms]
      [Evacuation Failure: 0.3 ms]
      [Choose CSet: 0.0 ms]
      [Ref Proc: 0.1 ms]
      [Ref Enq: 0.0 ms]
      [Redirty Cards: 0.0 ms]
      [Humongous Register: 0.1 ms]
      [Humongous Reclaim: 0.2 ms]
      [Free CSet: 0.1 ms]
   [Eden: 204.0M(204.0M)->0.0B(24.0M) Survivors: 7168.0K->27.0M Heap: 860.4M(1024.0M)->711.2M(1024.0M)]
 [Times: user=0.00 sys=0.00, real=0.01 secs] 
Heap
 garbage-first heap   total 1048576K, used 754626K [0x00000000c0000000, 0x00000000c0102000, 0x0000000100000000)
  region size 1024K, 49 young (50176K), 27 survivors (27648K)
 Metaspace       used 2826K, capacity 4486K, committed 4864K, reserved 1056768K
  class space    used 306K, capacity 386K, committed 512K, reserved 1048576K
