Java HotSpot(TM) 64-Bit Server VM (25.161-b12) for windows-amd64 JRE (1.8.0_161-b12), built on Dec 19 2017 17:52:25 by "java_re" with MS VC++ 10.0 (VS2010)
Memory: 4k page, physical 8089996k(1867032k free), swap 16178132k(8677536k free)
CommandLine flags: -XX:InitialHeapSize=2147483648 -XX:MaxHeapSize=2147483648 -XX:+PrintGC -XX:+PrintGCDateStamps -XX:+PrintGCDetails -XX:+PrintGCTimeStamps -XX:+UseCompressedClassPointers -XX:+UseCompressedOops -XX:+UseG1GC -XX:-UseLargePagesIndividualAllocation 
2020-10-23T11:46:13.446+0800: 0.720: [GC pause (G1 Evacuation Pause) (young), 0.0220202 secs]
   [Parallel Time: 20.7 ms, GC Workers: 4]
      [GC Worker Start (ms): Min: 720.3, Avg: 720.4, Max: 720.4, Diff: 0.1]
      [Ext Root Scanning (ms): Min: 0.5, Avg: 5.5, Max: 20.3, Diff: 19.7, Sum: 22.1]
      [Update RS (ms): Min: 0.0, Avg: 0.2, Max: 0.3, Diff: 0.3, Sum: 0.8]
         [Processed Buffers: Min: 0, Avg: 1.3, Max: 3, Diff: 3, Sum: 5]
      [Scan RS (ms): Min: 0.0, Avg: 0.0, Max: 0.0, Diff: 0.0, Sum: 0.1]
      [Code Root Scanning (ms): Min: 0.0, Avg: 0.0, Max: 0.1, Diff: 0.1, Sum: 0.1]
      [Object Copy (ms): Min: 0.0, Avg: 14.3, Max: 19.3, Diff: 19.3, Sum: 57.3]
      [Termination (ms): Min: 0.0, Avg: 0.3, Max: 0.5, Diff: 0.5, Sum: 1.1]
         [Termination Attempts: Min: 1, Avg: 1.0, Max: 1, Diff: 0, Sum: 4]
      [GC Worker Other (ms): Min: 0.0, Avg: 0.1, Max: 0.1, Diff: 0.0, Sum: 0.2]
      [GC Worker Total (ms): Min: 20.4, Avg: 20.4, Max: 20.5, Diff: 0.1, Sum: 81.7]
      [GC Worker End (ms): Min: 740.7, Avg: 740.8, Max: 740.9, Diff: 0.2]
   [Code Root Fixup: 0.0 ms]
   [Code Root Purge: 0.0 ms]
   [Clear CT: 0.1 ms]
   [Other: 1.2 ms]
      [Choose CSet: 0.0 ms]
      [Ref Proc: 0.5 ms]
      [Ref Enq: 0.0 ms]
      [Redirty Cards: 0.1 ms]
      [Humongous Register: 0.1 ms]
      [Humongous Reclaim: 0.2 ms]
      [Free CSet: 0.1 ms]
   [Eden: 102.0M(102.0M)->0.0B(89.0M) Survivors: 0.0B->13.0M Heap: 134.9M(2048.0M)->46.2M(2048.0M)]
 [Times: user=0.02 sys=0.08, real=0.02 secs] 
2020-10-23T11:46:13.546+0800: 0.820: [GC pause (G1 Evacuation Pause) (young), 0.0229670 secs]
   [Parallel Time: 21.9 ms, GC Workers: 4]
      [GC Worker Start (ms): Min: 820.2, Avg: 821.0, Max: 823.4, Diff: 3.3]
      [Ext Root Scanning (ms): Min: 0.0, Avg: 0.3, Max: 0.4, Diff: 0.4, Sum: 1.2]
      [Update RS (ms): Min: 0.0, Avg: 0.3, Max: 0.5, Diff: 0.5, Sum: 1.0]
         [Processed Buffers: Min: 0, Avg: 1.5, Max: 4, Diff: 4, Sum: 6]
      [Scan RS (ms): Min: 0.0, Avg: 0.0, Max: 0.1, Diff: 0.0, Sum: 0.2]
      [Code Root Scanning (ms): Min: 0.0, Avg: 0.0, Max: 0.1, Diff: 0.1, Sum: 0.1]
      [Object Copy (ms): Min: 18.1, Avg: 20.0, Max: 20.9, Diff: 2.8, Sum: 80.0]
      [Termination (ms): Min: 0.0, Avg: 0.2, Max: 0.3, Diff: 0.3, Sum: 0.9]
         [Termination Attempts: Min: 1, Avg: 1.0, Max: 1, Diff: 0, Sum: 4]
      [GC Worker Other (ms): Min: 0.0, Avg: 0.0, Max: 0.0, Diff: 0.0, Sum: 0.1]
      [GC Worker Total (ms): Min: 18.4, Avg: 20.9, Max: 21.7, Diff: 3.3, Sum: 83.5]
      [GC Worker End (ms): Min: 841.8, Avg: 841.9, Max: 841.9, Diff: 0.1]
   [Code Root Fixup: 0.0 ms]
   [Code Root Purge: 0.0 ms]
   [Clear CT: 0.1 ms]
   [Other: 1.0 ms]
      [Choose CSet: 0.0 ms]
      [Ref Proc: 0.3 ms]
      [Ref Enq: 0.0 ms]
      [Redirty Cards: 0.1 ms]
      [Humongous Register: 0.1 ms]
      [Humongous Reclaim: 0.1 ms]
      [Free CSet: 0.1 ms]
   [Eden: 89.0M(89.0M)->0.0B(89.0M) Survivors: 13.0M->13.0M Heap: 157.0M(2048.0M)->83.7M(2048.0M)]
 [Times: user=0.00 sys=0.05, real=0.02 secs] 
2020-10-23T11:46:13.647+0800: 0.921: [GC pause (G1 Evacuation Pause) (young), 0.0256797 secs]
   [Parallel Time: 23.9 ms, GC Workers: 4]
      [GC Worker Start (ms): Min: 921.1, Avg: 924.7, Max: 935.5, Diff: 14.4]
      [Ext Root Scanning (ms): Min: 0.0, Avg: 0.3, Max: 0.5, Diff: 0.5, Sum: 1.4]
      [Update RS (ms): Min: 0.0, Avg: 0.7, Max: 1.0, Diff: 1.0, Sum: 2.6]
         [Processed Buffers: Min: 0, Avg: 3.5, Max: 6, Diff: 6, Sum: 14]
      [Scan RS (ms): Min: 0.0, Avg: 0.1, Max: 0.1, Diff: 0.1, Sum: 0.2]
      [Code Root Scanning (ms): Min: 0.0, Avg: 0.0, Max: 0.0, Diff: 0.0, Sum: 0.0]
      [Object Copy (ms): Min: 8.8, Avg: 18.3, Max: 21.6, Diff: 12.9, Sum: 73.3]
      [Termination (ms): Min: 0.0, Avg: 0.4, Max: 0.8, Diff: 0.8, Sum: 1.5]
         [Termination Attempts: Min: 1, Avg: 1.0, Max: 1, Diff: 0, Sum: 4]
      [GC Worker Other (ms): Min: 0.0, Avg: 0.0, Max: 0.0, Diff: 0.0, Sum: 0.1]
      [GC Worker Total (ms): Min: 8.8, Avg: 19.8, Max: 23.8, Diff: 14.9, Sum: 79.2]
      [GC Worker End (ms): Min: 944.3, Avg: 944.5, Max: 944.8, Diff: 0.5]
   [Code Root Fixup: 0.0 ms]
   [Code Root Purge: 0.0 ms]
   [Clear CT: 0.1 ms]
   [Other: 1.7 ms]
      [Choose CSet: 0.0 ms]
      [Ref Proc: 0.9 ms]
      [Ref Enq: 0.0 ms]
      [Redirty Cards: 0.1 ms]
      [Humongous Register: 0.1 ms]
      [Humongous Reclaim: 0.2 ms]
      [Free CSet: 0.1 ms]
   [Eden: 89.0M(89.0M)->0.0B(89.0M) Survivors: 13.0M->13.0M Heap: 197.5M(2048.0M)->123.5M(2048.0M)]
 [Times: user=0.02 sys=0.06, real=0.03 secs] 
2020-10-23T11:46:13.743+0800: 1.017: [GC pause (G1 Evacuation Pause) (young), 0.0192377 secs]
   [Parallel Time: 17.7 ms, GC Workers: 4]
      [GC Worker Start (ms): Min: 1017.2, Avg: 1021.4, Max: 1033.8, Diff: 16.6]
      [Ext Root Scanning (ms): Min: 0.0, Avg: 0.3, Max: 0.4, Diff: 0.4, Sum: 1.2]
      [Update RS (ms): Min: 0.0, Avg: 0.4, Max: 0.6, Diff: 0.6, Sum: 1.6]
         [Processed Buffers: Min: 0, Avg: 2.3, Max: 4, Diff: 4, Sum: 9]
      [Scan RS (ms): Min: 0.0, Avg: 0.0, Max: 0.1, Diff: 0.1, Sum: 0.1]
      [Code Root Scanning (ms): Min: 0.0, Avg: 0.0, Max: 0.0, Diff: 0.0, Sum: 0.0]
      [Object Copy (ms): Min: 0.0, Avg: 11.6, Max: 15.5, Diff: 15.5, Sum: 46.3]
      [Termination (ms): Min: 0.0, Avg: 0.5, Max: 1.2, Diff: 1.2, Sum: 2.1]
         [Termination Attempts: Min: 1, Avg: 1.0, Max: 1, Diff: 0, Sum: 4]
      [GC Worker Other (ms): Min: 0.0, Avg: 0.0, Max: 0.0, Diff: 0.0, Sum: 0.1]
      [GC Worker Total (ms): Min: 0.0, Avg: 12.9, Max: 17.6, Diff: 17.5, Sum: 51.4]
      [GC Worker End (ms): Min: 1033.9, Avg: 1034.3, Max: 1034.9, Diff: 1.0]
   [Code Root Fixup: 0.0 ms]
   [Code Root Purge: 0.0 ms]
   [Clear CT: 0.1 ms]
   [Other: 1.3 ms]
      [Choose CSet: 0.0 ms]
      [Ref Proc: 0.2 ms]
      [Ref Enq: 0.0 ms]
      [Redirty Cards: 0.3 ms]
      [Humongous Register: 0.2 ms]
      [Humongous Reclaim: 0.1 ms]
      [Free CSet: 0.1 ms]
   [Eden: 89.0M(89.0M)->0.0B(89.0M) Survivors: 13.0M->13.0M Heap: 237.2M(2048.0M)->154.7M(2048.0M)]
 [Times: user=0.03 sys=0.01, real=0.02 secs] 
2020-10-23T11:46:13.848+0800: 1.122: [GC pause (G1 Evacuation Pause) (young), 0.0249992 secs]
   [Parallel Time: 23.8 ms, GC Workers: 4]
      [GC Worker Start (ms): Min: 1122.0, Avg: 1129.9, Max: 1137.8, Diff: 15.8]
      [Ext Root Scanning (ms): Min: 0.0, Avg: 0.2, Max: 0.4, Diff: 0.4, Sum: 0.7]
      [Update RS (ms): Min: 0.0, Avg: 0.8, Max: 1.7, Diff: 1.7, Sum: 3.3]
         [Processed Buffers: Min: 0, Avg: 4.3, Max: 10, Diff: 10, Sum: 17]
      [Scan RS (ms): Min: 0.0, Avg: 0.0, Max: 0.1, Diff: 0.1, Sum: 0.1]
      [Code Root Scanning (ms): Min: 0.0, Avg: 0.0, Max: 0.0, Diff: 0.0, Sum: 0.0]
      [Object Copy (ms): Min: 7.2, Avg: 14.1, Max: 21.0, Diff: 13.8, Sum: 56.4]
      [Termination (ms): Min: 0.0, Avg: 0.3, Max: 0.7, Diff: 0.7, Sum: 1.2]
         [Termination Attempts: Min: 1, Avg: 1.0, Max: 1, Diff: 0, Sum: 4]
      [GC Worker Other (ms): Min: 0.0, Avg: 0.0, Max: 0.0, Diff: 0.0, Sum: 0.1]
      [GC Worker Total (ms): Min: 7.4, Avg: 15.4, Max: 23.2, Diff: 15.7, Sum: 61.7]
      [GC Worker End (ms): Min: 1145.2, Avg: 1145.3, Max: 1145.7, Diff: 0.6]
   [Code Root Fixup: 0.0 ms]
   [Code Root Purge: 0.0 ms]
   [Clear CT: 0.1 ms]
   [Other: 1.1 ms]
      [Choose CSet: 0.0 ms]
      [Ref Proc: 0.3 ms]
      [Ref Enq: 0.0 ms]
      [Redirty Cards: 0.2 ms]
      [Humongous Register: 0.1 ms]
      [Humongous Reclaim: 0.1 ms]
      [Free CSet: 0.1 ms]
   [Eden: 89.0M(89.0M)->0.0B(89.0M) Survivors: 13.0M->13.0M Heap: 268.3M(2048.0M)->193.6M(2048.0M)]
 [Times: user=0.02 sys=0.02, real=0.02 secs] 
2020-10-23T11:46:13.956+0800: 1.230: [GC pause (G1 Evacuation Pause) (young), 0.0297995 secs]
   [Parallel Time: 28.5 ms, GC Workers: 4]
      [GC Worker Start (ms): Min: 1229.9, Avg: 1230.0, Max: 1230.0, Diff: 0.0]
      [Ext Root Scanning (ms): Min: 0.4, Avg: 0.4, Max: 0.4, Diff: 0.0, Sum: 1.5]
      [Update RS (ms): Min: 1.9, Avg: 2.0, Max: 2.1, Diff: 0.2, Sum: 7.9]
         [Processed Buffers: Min: 1, Avg: 5.8, Max: 10, Diff: 9, Sum: 23]
      [Scan RS (ms): Min: 0.0, Avg: 0.0, Max: 0.1, Diff: 0.1, Sum: 0.1]
      [Code Root Scanning (ms): Min: 0.0, Avg: 0.0, Max: 0.0, Diff: 0.0, Sum: 0.0]
      [Object Copy (ms): Min: 16.9, Avg: 19.3, Max: 26.0, Diff: 9.1, Sum: 77.0]
      [Termination (ms): Min: 0.0, Avg: 6.8, Max: 9.1, Diff: 9.1, Sum: 27.1]
         [Termination Attempts: Min: 1, Avg: 1.0, Max: 1, Diff: 0, Sum: 4]
      [GC Worker Other (ms): Min: 0.0, Avg: 0.0, Max: 0.0, Diff: 0.0, Sum: 0.1]
      [GC Worker Total (ms): Min: 28.4, Avg: 28.4, Max: 28.4, Diff: 0.0, Sum: 113.6]
      [GC Worker End (ms): Min: 1258.4, Avg: 1258.4, Max: 1258.4, Diff: 0.0]
   [Code Root Fixup: 0.0 ms]
   [Code Root Purge: 0.0 ms]
   [Clear CT: 0.1 ms]
   [Other: 1.2 ms]
      [Choose CSet: 0.0 ms]
      [Ref Proc: 0.3 ms]
      [Ref Enq: 0.0 ms]
      [Redirty Cards: 0.2 ms]
      [Humongous Register: 0.2 ms]
      [Humongous Reclaim: 0.2 ms]
      [Free CSet: 0.1 ms]
   [Eden: 89.0M(89.0M)->0.0B(89.0M) Survivors: 13.0M->13.0M Heap: 306.6M(2048.0M)->231.4M(2048.0M)]
 [Times: user=0.03 sys=0.05, real=0.03 secs] 
2020-10-23T11:46:14.062+0800: 1.336: [GC pause (G1 Evacuation Pause) (young), 0.0194927 secs]
   [Parallel Time: 18.3 ms, GC Workers: 4]
      [GC Worker Start (ms): Min: 1336.3, Avg: 1337.5, Max: 1337.9, Diff: 1.6]
      [Ext Root Scanning (ms): Min: 0.0, Avg: 0.2, Max: 0.6, Diff: 0.6, Sum: 0.7]
      [Update RS (ms): Min: 0.4, Avg: 0.7, Max: 1.3, Diff: 0.9, Sum: 2.7]
         [Processed Buffers: Min: 2, Avg: 3.0, Max: 4, Diff: 2, Sum: 12]
      [Scan RS (ms): Min: 0.0, Avg: 0.0, Max: 0.1, Diff: 0.1, Sum: 0.1]
      [Code Root Scanning (ms): Min: 0.0, Avg: 0.0, Max: 0.0, Diff: 0.0, Sum: 0.0]
      [Object Copy (ms): Min: 15.2, Avg: 15.5, Max: 15.8, Diff: 0.6, Sum: 62.1]
      [Termination (ms): Min: 0.0, Avg: 0.3, Max: 0.6, Diff: 0.6, Sum: 1.3]
         [Termination Attempts: Min: 1, Avg: 1.0, Max: 1, Diff: 0, Sum: 4]
      [GC Worker Other (ms): Min: 0.0, Avg: 0.0, Max: 0.0, Diff: 0.0, Sum: 0.1]
      [GC Worker Total (ms): Min: 16.2, Avg: 16.7, Max: 17.7, Diff: 1.6, Sum: 66.9]
      [GC Worker End (ms): Min: 1354.1, Avg: 1354.2, Max: 1354.5, Diff: 0.5]
   [Code Root Fixup: 0.0 ms]
   [Code Root Purge: 0.0 ms]
   [Clear CT: 0.1 ms]
   [Other: 1.1 ms]
      [Choose CSet: 0.0 ms]
      [Ref Proc: 0.2 ms]
      [Ref Enq: 0.0 ms]
      [Redirty Cards: 0.0 ms]
      [Humongous Register: 0.2 ms]
      [Humongous Reclaim: 0.2 ms]
      [Free CSet: 0.1 ms]
   [Eden: 89.0M(89.0M)->0.0B(124.0M) Survivors: 13.0M->13.0M Heap: 340.0M(2048.0M)->258.0M(2048.0M)]
 [Times: user=0.01 sys=0.03, real=0.02 secs] 
2020-10-23T11:46:14.200+0800: 1.474: [GC pause (G1 Evacuation Pause) (young), 0.0292817 secs]
   [Parallel Time: 28.1 ms, GC Workers: 4]
      [GC Worker Start (ms): Min: 1474.1, Avg: 1474.1, Max: 1474.2, Diff: 0.1]
      [Ext Root Scanning (ms): Min: 0.4, Avg: 0.4, Max: 0.4, Diff: 0.1, Sum: 1.6]
      [Update RS (ms): Min: 0.7, Avg: 0.8, Max: 0.9, Diff: 0.2, Sum: 3.2]
         [Processed Buffers: Min: 1, Avg: 3.3, Max: 4, Diff: 3, Sum: 13]
      [Scan RS (ms): Min: 0.0, Avg: 0.0, Max: 0.1, Diff: 0.1, Sum: 0.2]
      [Code Root Scanning (ms): Min: 0.0, Avg: 0.0, Max: 0.0, Diff: 0.0, Sum: 0.0]
      [Object Copy (ms): Min: 26.5, Avg: 26.6, Max: 26.8, Diff: 0.3, Sum: 106.6]
      [Termination (ms): Min: 0.0, Avg: 0.1, Max: 0.3, Diff: 0.3, Sum: 0.6]
         [Termination Attempts: Min: 1, Avg: 1.3, Max: 2, Diff: 1, Sum: 5]
      [GC Worker Other (ms): Min: 0.0, Avg: 0.0, Max: 0.0, Diff: 0.0, Sum: 0.1]
      [GC Worker Total (ms): Min: 28.0, Avg: 28.0, Max: 28.0, Diff: 0.0, Sum: 112.1]
      [GC Worker End (ms): Min: 1502.1, Avg: 1502.1, Max: 1502.2, Diff: 0.0]
   [Code Root Fixup: 0.0 ms]
   [Code Root Purge: 0.0 ms]
   [Clear CT: 0.1 ms]
   [Other: 1.1 ms]
      [Choose CSet: 0.0 ms]
      [Ref Proc: 0.1 ms]
      [Ref Enq: 0.0 ms]
      [Redirty Cards: 0.0 ms]
      [Humongous Register: 0.2 ms]
      [Humongous Reclaim: 0.2 ms]
      [Free CSet: 0.1 ms]
   [Eden: 124.0M(124.0M)->0.0B(127.0M) Survivors: 13.0M->18.0M Heap: 415.0M(2048.0M)->301.3M(2048.0M)]
 [Times: user=0.00 sys=0.08, real=0.03 secs] 
Heap
 garbage-first heap   total 2097152K, used 308482K [0x0000000080000000, 0x0000000080104000, 0x0000000100000000)
  region size 1024K, 19 young (19456K), 18 survivors (18432K)
 Metaspace       used 2827K, capacity 4486K, committed 4864K, reserved 1056768K
  class space    used 306K, capacity 386K, committed 512K, reserved 1048576K
