Java HotSpot(TM) 64-Bit Server VM (25.161-b12) for windows-amd64 JRE (1.8.0_161-b12), built on Dec 19 2017 17:52:25 by "java_re" with MS VC++ 10.0 (VS2010)
Memory: 4k page, physical 8089996k(1948444k free), swap 16178132k(9224944k free)
CommandLine flags: -XX:InitialHeapSize=1073741824 -XX:MaxHeapSize=1073741824 -XX:+PrintGC -XX:+PrintGCDetails -XX:+PrintGCTimeStamps -XX:+UseCompressedClassPointers -XX:+UseCompressedOops -XX:-UseLargePagesIndividualAllocation -XX:+UseParallelGC 
0.656: [GC (Allocation Failure) [PSYoungGen: 262144K->43519K(305664K)] 262144K->80682K(1005056K), 0.0537174 secs] [Times: user=0.05 sys=0.09, real=0.05 secs] 
0.837: [GC (Allocation Failure) [PSYoungGen: 305663K->43506K(305664K)] 342826K->155470K(1005056K), 0.1708653 secs] [Times: user=0.05 sys=0.33, real=0.17 secs] 
1.129: [GC (Allocation Failure) [PSYoungGen: 305650K->43519K(305664K)] 417614K->236286K(1005056K), 0.1347321 secs] [Times: user=0.08 sys=0.28, real=0.13 secs] 
Heap
 PSYoungGen      total 305664K, used 151989K [0x00000000eab00000, 0x0000000100000000, 0x0000000100000000)
  eden space 262144K, 41% used [0x00000000eab00000,0x00000000f14ed470,0x00000000fab00000)
  from space 43520K, 99% used [0x00000000fab00000,0x00000000fd57ffb0,0x00000000fd580000)
  to   space 43520K, 0% used [0x00000000fd580000,0x00000000fd580000,0x0000000100000000)
 ParOldGen       total 699392K, used 192767K [0x00000000c0000000, 0x00000000eab00000, 0x00000000eab00000)
  object space 699392K, 27% used [0x00000000c0000000,0x00000000cbc3fc38,0x00000000eab00000)
 Metaspace       used 2826K, capacity 4486K, committed 4864K, reserved 1056768K
  class space    used 306K, capacity 386K, committed 512K, reserved 1048576K
