Java HotSpot(TM) 64-Bit Server VM (25.161-b12) for windows-amd64 JRE (1.8.0_161-b12), built on Dec 19 2017 17:52:25 by "java_re" with MS VC++ 10.0 (VS2010)
Memory: 4k page, physical 8089996k(1973456k free), swap 16178132k(8925916k free)
CommandLine flags: -XX:InitialHeapSize=536870912 -XX:MaxHeapSize=536870912 -XX:+PrintGC -XX:+PrintGCDetails -XX:+PrintGCTimeStamps -XX:+UseCompressedClassPointers -XX:+UseCompressedOops -XX:-UseLargePagesIndividualAllocation -XX:+UseParallelGC 
0.496: [GC (Allocation Failure) [PSYoungGen: 131508K->21502K(153088K)] 131508K->43698K(502784K), 0.0253369 secs] [Times: user=0.02 sys=0.03, real=0.03 secs] 
0.587: [GC (Allocation Failure) [PSYoungGen: 153086K->21500K(153088K)] 175282K->84023K(502784K), 0.0341492 secs] [Times: user=0.03 sys=0.08, real=0.03 secs] 
0.678: [GC (Allocation Failure) [PSYoungGen: 153084K->21498K(153088K)] 215607K->124707K(502784K), 0.0274974 secs] [Times: user=0.05 sys=0.05, real=0.03 secs] 
0.765: [GC (Allocation Failure) [PSYoungGen: 153082K->21502K(153088K)] 256291K->170394K(502784K), 0.0334226 secs] [Times: user=0.05 sys=0.05, real=0.03 secs] 
0.861: [GC (Allocation Failure) [PSYoungGen: 153086K->21490K(153088K)] 301978K->210565K(502784K), 0.0283888 secs] [Times: user=0.03 sys=0.09, real=0.03 secs] 
0.947: [GC (Allocation Failure) [PSYoungGen: 153074K->21503K(80384K)] 342149K->256775K(430080K), 0.0308638 secs] [Times: user=0.08 sys=0.03, real=0.03 secs] 
1.001: [GC (Allocation Failure) [PSYoungGen: 80383K->33241K(116736K)] 315655K->274781K(466432K), 0.0119377 secs] [Times: user=0.05 sys=0.00, real=0.01 secs] 
1.036: [GC (Allocation Failure) [PSYoungGen: 91769K->49614K(116736K)] 333309K->294793K(466432K), 0.0125566 secs] [Times: user=0.03 sys=0.02, real=0.01 secs] 
1.072: [GC (Allocation Failure) [PSYoungGen: 108494K->57045K(116736K)] 353673K->311220K(466432K), 0.0230465 secs] [Times: user=0.06 sys=0.00, real=0.02 secs] 
1.114: [GC (Allocation Failure) [PSYoungGen: 115392K->39157K(116736K)] 369567K->330289K(466432K), 0.0271905 secs] [Times: user=0.09 sys=0.01, real=0.03 secs] 
1.141: [Full GC (Ergonomics) [PSYoungGen: 39157K->0K(116736K)] [ParOldGen: 291132K->237852K(349696K)] 330289K->237852K(466432K), [Metaspace: 2820K->2820K(1056768K)], 0.0964933 secs] [Times: user=0.09 sys=0.02, real=0.10 secs] 
1.268: [GC (Allocation Failure) [PSYoungGen: 58880K->20159K(116736K)] 296732K->258012K(466432K), 0.0197827 secs] [Times: user=0.02 sys=0.00, real=0.02 secs] 
Heap
 PSYoungGen      total 116736K, used 34856K [0x00000000f5580000, 0x0000000100000000, 0x0000000100000000)
  eden space 58880K, 24% used [0x00000000f5580000,0x00000000f63da278,0x00000000f8f00000)
  from space 57856K, 34% used [0x00000000f8f00000,0x00000000fa2afe38,0x00000000fc780000)
  to   space 57856K, 0% used [0x00000000fc780000,0x00000000fc780000,0x0000000100000000)
 ParOldGen       total 349696K, used 237852K [0x00000000e0000000, 0x00000000f5580000, 0x00000000f5580000)
  object space 349696K, 68% used [0x00000000e0000000,0x00000000ee847228,0x00000000f5580000)
 Metaspace       used 2827K, capacity 4486K, committed 4864K, reserved 1056768K
  class space    used 306K, capacity 386K, committed 512K, reserved 1048576K
