Java HotSpot(TM) 64-Bit Server VM (25.161-b12) for windows-amd64 JRE (1.8.0_161-b12), built on Dec 19 2017 17:52:25 by "java_re" with MS VC++ 10.0 (VS2010)
Memory: 4k page, physical 8089996k(2472064k free), swap 16178132k(9674236k free)
CommandLine flags: -XX:InitialHeapSize=134217728 -XX:MaxHeapSize=134217728 -XX:+PrintGC -XX:+PrintGCDetails -XX:+PrintGCTimeStamps -XX:+UseCompressedClassPointers -XX:+UseCompressedOops -XX:-UseLargePagesIndividualAllocation -XX:+UseParallelGC 
0.543: [GC (Allocation Failure) [PSYoungGen: 33196K->5111K(38400K)] 33196K->10130K(125952K), 0.0100343 secs] [Times: user=0.02 sys=0.03, real=0.01 secs] 
0.581: [GC (Allocation Failure) [PSYoungGen: 37835K->5113K(38400K)] 42855K->20404K(125952K), 0.0147976 secs] [Times: user=0.05 sys=0.00, real=0.01 secs] 
0.618: [GC (Allocation Failure) [PSYoungGen: 38393K->5118K(38400K)] 53684K->31670K(125952K), 0.0250464 secs] [Times: user=0.05 sys=0.00, real=0.03 secs] 
0.661: [GC (Allocation Failure) [PSYoungGen: 38319K->5113K(38400K)] 64871K->41507K(125952K), 0.0104289 secs] [Times: user=0.00 sys=0.00, real=0.01 secs] 
0.687: [GC (Allocation Failure) [PSYoungGen: 38382K->5105K(38400K)] 74777K->53627K(125952K), 0.0111217 secs] [Times: user=0.03 sys=0.02, real=0.01 secs] 
0.712: [GC (Allocation Failure) [PSYoungGen: 38123K->5109K(19968K)] 86645K->68758K(107520K), 0.0134711 secs] [Times: user=0.05 sys=0.00, real=0.01 secs] 
0.732: [GC (Allocation Failure) [PSYoungGen: 19713K->8833K(29184K)] 83362K->73793K(116736K), 0.0047942 secs] [Times: user=0.00 sys=0.00, real=0.01 secs] 
0.747: [GC (Allocation Failure) [PSYoungGen: 23629K->10486K(29184K)] 88588K->76890K(116736K), 0.0042548 secs] [Times: user=0.00 sys=0.00, real=0.01 secs] 
0.757: [GC (Allocation Failure) [PSYoungGen: 24883K->14332K(29184K)] 91287K->84301K(116736K), 0.0060109 secs] [Times: user=0.00 sys=0.00, real=0.01 secs] 
0.764: [Full GC (Ergonomics) [PSYoungGen: 14332K->0K(29184K)] [ParOldGen: 69968K->77139K(87552K)] 84301K->77139K(116736K), [Metaspace: 2820K->2820K(1056768K)], 0.0305990 secs] [Times: user=0.06 sys=0.00, real=0.03 secs] 
0.801: [Full GC (Ergonomics) [PSYoungGen: 14764K->0K(29184K)] [ParOldGen: 77139K->82156K(87552K)] 91904K->82156K(116736K), [Metaspace: 2820K->2820K(1056768K)], 0.0390435 secs] [Times: user=0.09 sys=0.05, real=0.04 secs] 
0.846: [Full GC (Ergonomics) [PSYoungGen: 14671K->0K(29184K)] [ParOldGen: 82156K->86656K(87552K)] 96828K->86656K(116736K), [Metaspace: 2820K->2820K(1056768K)], 0.0397696 secs] [Times: user=0.08 sys=0.01, real=0.04 secs] 
0.892: [Full GC (Ergonomics) [PSYoungGen: 14730K->4946K(29184K)] [ParOldGen: 86656K->87527K(87552K)] 101387K->92474K(116736K), [Metaspace: 2820K->2820K(1056768K)], 0.0345115 secs] [Times: user=0.09 sys=0.00, real=0.03 secs] 
0.931: [Full GC (Ergonomics) [PSYoungGen: 14800K->9550K(29184K)] [ParOldGen: 87527K->87221K(87552K)] 102328K->96772K(116736K), [Metaspace: 2820K->2820K(1056768K)], 0.0313298 secs] [Times: user=0.11 sys=0.00, real=0.03 secs] 
0.966: [Full GC (Ergonomics) [PSYoungGen: 14776K->12805K(29184K)] [ParOldGen: 87221K->87106K(87552K)] 101997K->99911K(116736K), [Metaspace: 2820K->2820K(1056768K)], 0.0520296 secs] [Times: user=0.13 sys=0.00, real=0.05 secs] 
1.020: [Full GC (Ergonomics) [PSYoungGen: 14836K->13076K(29184K)] [ParOldGen: 87106K->87106K(87552K)] 101943K->100183K(116736K), [Metaspace: 2820K->2820K(1056768K)], 0.0072118 secs] [Times: user=0.03 sys=0.00, real=0.01 secs] 
1.028: [Full GC (Ergonomics) [PSYoungGen: 14787K->12801K(29184K)] [ParOldGen: 87106K->87095K(87552K)] 101894K->99896K(116736K), [Metaspace: 2820K->2820K(1056768K)], 0.0422801 secs] [Times: user=0.13 sys=0.00, real=0.04 secs] 
1.071: [Full GC (Ergonomics) [PSYoungGen: 14341K->13336K(29184K)] [ParOldGen: 87095K->87095K(87552K)] 101436K->100431K(116736K), [Metaspace: 2820K->2820K(1056768K)], 0.0303722 secs] [Times: user=0.06 sys=0.00, real=0.03 secs] 
1.103: [Full GC (Ergonomics) [PSYoungGen: 14759K->14214K(29184K)] [ParOldGen: 87095K->87095K(87552K)] 101854K->101309K(116736K), [Metaspace: 2820K->2820K(1056768K)], 0.0078332 secs] [Times: user=0.00 sys=0.00, real=0.01 secs] 
1.112: [Full GC (Ergonomics) [PSYoungGen: 14780K->14184K(29184K)] [ParOldGen: 87095K->87095K(87552K)] 101875K->101279K(116736K), [Metaspace: 2820K->2820K(1056768K)], 0.0247421 secs] [Times: user=0.06 sys=0.00, real=0.02 secs] 
1.138: [Full GC (Ergonomics) [PSYoungGen: 14826K->14112K(29184K)] [ParOldGen: 87095K->87095K(87552K)] 101921K->101207K(116736K), [Metaspace: 2820K->2820K(1056768K)], 0.0088581 secs] [Times: user=0.03 sys=0.00, real=0.01 secs] 
1.147: [Full GC (Ergonomics) [PSYoungGen: 14613K->13383K(29184K)] [ParOldGen: 87095K->87297K(87552K)] 101708K->100680K(116736K), [Metaspace: 2820K->2820K(1056768K)], 0.0493446 secs] [Times: user=0.14 sys=0.00, real=0.05 secs] 
1.198: [Full GC (Ergonomics) [PSYoungGen: 14648K->14188K(29184K)] [ParOldGen: 87297K->87263K(87552K)] 101946K->101452K(116736K), [Metaspace: 2820K->2820K(1056768K)], 0.0100184 secs] [Times: user=0.02 sys=0.00, real=0.01 secs] 
1.208: [Full GC (Allocation Failure) [PSYoungGen: 14188K->14188K(29184K)] [ParOldGen: 87263K->87244K(87552K)] 101452K->101432K(116736K), [Metaspace: 2820K->2820K(1056768K)], 0.0647442 secs] [Times: user=0.22 sys=0.00, real=0.07 secs] 
Heap
 PSYoungGen      total 29184K, used 14511K [0x00000000fd580000, 0x0000000100000000, 0x0000000100000000)
  eden space 14848K, 97% used [0x00000000fd580000,0x00000000fe3abea8,0x00000000fe400000)
  from space 14336K, 0% used [0x00000000fe400000,0x00000000fe400000,0x00000000ff200000)
  to   space 14336K, 0% used [0x00000000ff200000,0x00000000ff200000,0x0000000100000000)
 ParOldGen       total 87552K, used 87244K [0x00000000f8000000, 0x00000000fd580000, 0x00000000fd580000)
  object space 87552K, 99% used [0x00000000f8000000,0x00000000fd533178,0x00000000fd580000)
 Metaspace       used 2851K, capacity 4486K, committed 4864K, reserved 1056768K
  class space    used 309K, capacity 386K, committed 512K, reserved 1048576K
  
  
  ------------------------------
   日志分析：
  [Full GC (Ergonomics) [PSYoungGen: 14826K->14112K(29184K)] [ParOldGen: 87095K->87095K(87552K)] 101921K->101207K(116736K), [Metaspace: 2820K->2820K(1056768K)], 0.0088581 secs] [Times: user=0.03 sys=0.00, real=0.01 secs] 
  [Full GC (Ergonomics) [PSYoungGen: 14648K->14188K(29184K)] [ParOldGen: 87297K->87263K(87552K)] 101946K->101452K(116736K), [Metaspace: 2820K->2820K(1056768K)], 0.0100184 secs] [Times: user=0.02 sys=0.00, real=0.01 secs] 
  [Full GC (Allocation Failure) [PSYoungGen: 14188K->14188K(29184K)] [ParOldGen: 87263K->87244K(87552K)] 101452K->101432K(116736K), [Metaspace: 2820K->2820K(1056768K)], 0.0647442 secs] [Times: user=0.22 sys=0.00, real=0.07 secs] 
  观察后三次Full GC YongGen 清理的内存回收率 714k, 460k,0  。OldGen 0, 34k,19。
  最终导致oom。
  
