Java HotSpot(TM) 64-Bit Server VM (25.152-b16) for windows-amd64 JRE (1.8.0_152-b16), built on Sep 14 2017 02:29:36 by "java_re" with MS VC++ 10.0 (VS2010)
Memory: 4k page, physical 8352968k(3901296k free), swap 12259028k(2642936k free)
CommandLine flags: -XX:InitialHeapSize=2147483648 -XX:MaxHeapSize=2147483648 -XX:+PrintGC -XX:+PrintGCDateStamps -XX:+PrintGCDetails -XX:+PrintGCTimeStamps -XX:+UseCompressedClassPointers -XX:+UseCompressedOops -XX:-UseLargePagesIndividualAllocation -XX:+UseParallelGC 
2020-10-24T18:23:02.955+0800: 0.410: [GC (Allocation Failure) [PSYoungGen: 524800K->87037K(611840K)] 524800K->153258K(2010112K), 0.0329011 secs] [Times: user=0.05 sys=0.08, real=0.03 secs] 
2020-10-24T18:23:03.081+0800: 0.535: [GC (Allocation Failure) [PSYoungGen: 611837K->87020K(611840K)] 678058K->273535K(2010112K), 0.0451564 secs] [Times: user=0.11 sys=0.08, real=0.04 secs] 
2020-10-24T18:23:03.211+0800: 0.665: [GC (Allocation Failure) [PSYoungGen: 611820K->87031K(611840K)] 798335K->395971K(2010112K), 0.0470078 secs] [Times: user=0.08 sys=0.08, real=0.05 secs] 
2020-10-24T18:23:03.353+0800: 0.808: [GC (Allocation Failure) [PSYoungGen: 611831K->87034K(611840K)] 920771K->511429K(2010112K), 0.0568163 secs] [Times: user=0.14 sys=0.08, real=0.06 secs] 
2020-10-24T18:23:03.488+0800: 0.942: [GC (Allocation Failure) [PSYoungGen: 611834K->87031K(611840K)] 1036229K->616062K(2010112K), 0.0516909 secs] [Times: user=0.13 sys=0.03, real=0.05 secs] 
2020-10-24T18:23:03.630+0800: 1.084: [GC (Allocation Failure) [PSYoungGen: 611831K->87018K(332288K)] 1140862K->730451K(1730560K), 0.0600641 secs] [Times: user=0.06 sys=0.14, real=0.06 secs] 
Heap
 PSYoungGen      total 332288K, used 97473K [0x00000000d5580000, 0x0000000100000000, 0x0000000100000000)
  eden space 245248K, 4% used [0x00000000d5580000,0x00000000d5fb5a08,0x00000000e4500000)
  from space 87040K, 99% used [0x00000000fab00000,0x00000000ffffab00,0x0000000100000000)
  to   space 226816K, 0% used [0x00000000e4500000,0x00000000e4500000,0x00000000f2280000)
 ParOldGen       total 1398272K, used 643432K [0x0000000080000000, 0x00000000d5580000, 0x00000000d5580000)
  object space 1398272K, 46% used [0x0000000080000000,0x00000000a745a3d8,0x00000000d5580000)
 Metaspace       used 2826K, capacity 4486K, committed 4864K, reserved 1056768K
  class space    used 306K, capacity 386K, committed 512K, reserved 1048576K
