Java HotSpot(TM) 64-Bit Server VM (25.161-b12) for windows-amd64 JRE (1.8.0_161-b12), built on Dec 19 2017 17:52:25 by "java_re" with MS VC++ 10.0 (VS2010)
Memory: 4k page, physical 8089996k(5438460k free), swap 16178132k(13061056k free)
CommandLine flags: -XX:InitialHeapSize=536870912 -XX:MaxHeapSize=536870912 -XX:ParallelGCThreads=64 -XX:+PrintGC -XX:+PrintGCDateStamps -XX:+PrintGCDetails -XX:+PrintGCTimeStamps -XX:+UseCompressedClassPointers -XX:+UseCompressedOops -XX:-UseLargePagesIndividualAllocation -XX:+UseParallelGC 
2020-10-23T13:54:28.462+0800: 0.608: [GC (Allocation Failure) [PSYoungGen: 131493K->21493K(153088K)] 131493K->47969K(502784K), 0.0486107 secs] [Times: user=0.09 sys=0.05, real=0.05 secs] 
2020-10-23T13:54:28.602+0800: 0.744: [GC (Allocation Failure) [PSYoungGen: 153077K->21492K(153088K)] 179553K->92774K(502784K), 0.0790112 secs] [Times: user=0.06 sys=0.12, real=0.08 secs] 
2020-10-23T13:54:28.752+0800: 0.895: [GC (Allocation Failure) [PSYoungGen: 152923K->21489K(153088K)] 224205K->134243K(502784K), 0.0449112 secs] [Times: user=0.08 sys=0.06, real=0.04 secs] 
2020-10-23T13:54:28.852+0800: 1.000: [GC (Allocation Failure) [PSYoungGen: 153073K->21502K(153088K)] 265827K->175065K(502784K), 0.0421616 secs] [Times: user=0.09 sys=0.05, real=0.05 secs] 
2020-10-23T13:54:28.962+0800: 1.109: [GC (Allocation Failure) [PSYoungGen: 152878K->21500K(153088K)] 306441K->216374K(502784K), 0.0836021 secs] [Times: user=0.13 sys=0.08, real=0.09 secs] 
2020-10-23T13:54:29.132+0800: 1.275: [GC (Allocation Failure) [PSYoungGen: 152755K->21490K(80384K)] 347629K->259371K(430080K), 0.0534891 secs] [Times: user=0.09 sys=0.03, real=0.05 secs] 
2020-10-23T13:54:29.222+0800: 1.371: [GC (Allocation Failure) [PSYoungGen: 80370K->37988K(116736K)] 318251K->281876K(466432K), 0.0232708 secs] [Times: user=0.06 sys=0.00, real=0.03 secs] 
Heap
 PSYoungGen      total 116736K, used 40538K [0x00000000f5580000, 0x0000000100000000, 0x0000000100000000)
  eden space 58880K, 4% used [0x00000000f5580000,0x00000000f57fd930,0x00000000f8f00000)
  from space 57856K, 65% used [0x00000000f8f00000,0x00000000fb4192b8,0x00000000fc780000)
  to   space 57856K, 0% used [0x00000000fc780000,0x00000000fc780000,0x0000000100000000)
 ParOldGen       total 349696K, used 243887K [0x00000000e0000000, 0x00000000f5580000, 0x00000000f5580000)
  object space 349696K, 69% used [0x00000000e0000000,0x00000000eee2bec0,0x00000000f5580000)
 Metaspace       used 2827K, capacity 4486K, committed 4864K, reserved 1056768K
  class space    used 306K, capacity 386K, committed 512K, reserved 1048576K
