Java HotSpot(TM) 64-Bit Server VM (25.161-b12) for windows-amd64 JRE (1.8.0_161-b12), built on Dec 19 2017 17:52:25 by "java_re" with MS VC++ 10.0 (VS2010)
Memory: 4k page, physical 8089996k(1965792k free), swap 16178132k(8919792k free)
CommandLine flags: -XX:InitialHeapSize=134217728 -XX:MaxHeapSize=134217728 -XX:+PrintGC -XX:+PrintGCDateStamps -XX:+PrintGCDetails -XX:+PrintGCTimeStamps -XX:+UseCompressedClassPointers -XX:+UseCompressedOops -XX:-UseLargePagesIndividualAllocation -XX:+UseSerialGC 
2020-10-23T11:40:49.258+0800: 0.393: [GC (Allocation Failure) 2020-10-23T11:40:49.258+0800: 0.394: [DefNew: 34944K->4351K(39296K), 0.0170890 secs] 34944K->14473K(126720K), 0.0173897 secs] [Times: user=0.03 sys=0.00, real=0.02 secs] 
2020-10-23T11:40:49.330+0800: 0.465: [GC (Allocation Failure) 2020-10-23T11:40:49.330+0800: 0.465: [DefNew: 39295K->4343K(39296K), 0.0162787 secs] 49417K->28907K(126720K), 0.0164290 secs] [Times: user=0.03 sys=0.00, real=0.02 secs] 
2020-10-23T11:40:49.366+0800: 0.502: [GC (Allocation Failure) 2020-10-23T11:40:49.366+0800: 0.502: [DefNew: 39177K->4347K(39296K), 0.0109872 secs] 63741K->40346K(126720K), 0.0111643 secs] [Times: user=0.02 sys=0.00, real=0.01 secs] 
2020-10-23T11:40:49.404+0800: 0.540: [GC (Allocation Failure) 2020-10-23T11:40:49.404+0800: 0.540: [DefNew: 39280K->4343K(39296K), 0.0114424 secs] 75279K->52380K(126720K), 0.0115831 secs] [Times: user=0.03 sys=0.00, real=0.01 secs] 
2020-10-23T11:40:49.431+0800: 0.567: [GC (Allocation Failure) 2020-10-23T11:40:49.432+0800: 0.567: [DefNew: 38984K->4351K(39296K), 0.0107271 secs] 87021K->63778K(126720K), 0.0108815 secs] [Times: user=0.00 sys=0.02, real=0.01 secs] 
2020-10-23T11:40:49.458+0800: 0.593: [GC (Allocation Failure) 2020-10-23T11:40:49.458+0800: 0.593: [DefNew: 38667K->4349K(39296K), 0.0117565 secs] 98094K->76849K(126720K), 0.0119028 secs] [Times: user=0.00 sys=0.02, real=0.01 secs] 
2020-10-23T11:40:49.486+0800: 0.622: [GC (Allocation Failure) 2020-10-23T11:40:49.486+0800: 0.622: [DefNew: 39293K->4336K(39296K), 0.0127736 secs] 111793K->90613K(126720K), 0.0129163 secs] [Times: user=0.02 sys=0.00, real=0.01 secs] 
2020-10-23T11:40:49.517+0800: 0.652: [GC (Allocation Failure) 2020-10-23T11:40:49.517+0800: 0.652: [DefNew: 39145K->39145K(39296K), 0.0000380 secs]2020-10-23T11:40:49.517+0800: 0.652: [Tenured: 86276K->87288K(87424K), 0.0288942 secs] 125422K->94437K(126720K), [Metaspace: 2820K->2820K(1056768K)], 0.0291139 secs] [Times: user=0.03 sys=0.00, real=0.03 secs] 
2020-10-23T11:40:49.560+0800: 0.696: [Full GC (Allocation Failure) 2020-10-23T11:40:49.560+0800: 0.696: [Tenured: 87288K->87262K(87424K), 0.0298734 secs] 126547K->102394K(126720K), [Metaspace: 2820K->2820K(1056768K)], 0.0300386 secs] [Times: user=0.03 sys=0.00, real=0.03 secs] 
2020-10-23T11:40:49.600+0800: 0.736: [Full GC (Allocation Failure) 2020-10-23T11:40:49.600+0800: 0.736: [Tenured: 87406K->87012K(87424K), 0.0347358 secs] 126701K->108660K(126720K), [Metaspace: 2820K->2820K(1056768K)], 0.0348882 secs] [Times: user=0.03 sys=0.00, real=0.04 secs] 
2020-10-23T11:40:49.645+0800: 0.781: [Full GC (Allocation Failure) 2020-10-23T11:40:49.645+0800: 0.781: [Tenured: 87398K->87114K(87424K), 0.0401042 secs] 126691K->111429K(126720K), [Metaspace: 2820K->2820K(1056768K)], 0.0402818 secs] [Times: user=0.05 sys=0.00, real=0.04 secs] 
2020-10-23T11:40:49.693+0800: 0.829: [Full GC (Allocation Failure) 2020-10-23T11:40:49.693+0800: 0.829: [Tenured: 87353K->87353K(87424K), 0.0162212 secs] 126629K->116256K(126720K), [Metaspace: 2820K->2820K(1056768K)], 0.0164208 secs] [Times: user=0.01 sys=0.00, real=0.02 secs] 
2020-10-23T11:40:49.714+0800: 0.850: [Full GC (Allocation Failure) 2020-10-23T11:40:49.714+0800: 0.850: [Tenured: 87353K->87353K(87424K), 0.0115923 secs] 125941K->119352K(126720K), [Metaspace: 2820K->2820K(1056768K)], 0.0117616 secs] [Times: user=0.02 sys=0.00, real=0.01 secs] 
2020-10-23T11:40:49.729+0800: 0.865: [Full GC (Allocation Failure) 2020-10-23T11:40:49.729+0800: 0.865: [Tenured: 87353K->87353K(87424K), 0.0049276 secs] 126601K->121304K(126720K), [Metaspace: 2820K->2820K(1056768K)], 0.0050754 secs] [Times: user=0.01 sys=0.00, real=0.01 secs] 
2020-10-23T11:40:49.736+0800: 0.872: [Full GC (Allocation Failure) 2020-10-23T11:40:49.736+0800: 0.872: [Tenured: 87353K->87400K(87424K), 0.0386252 secs] 126251K->120571K(126720K), [Metaspace: 2820K->2820K(1056768K)], 0.0387663 secs] [Times: user=0.03 sys=0.00, real=0.04 secs] 
2020-10-23T11:40:49.778+0800: 0.913: [Full GC (Allocation Failure) 2020-10-23T11:40:49.778+0800: 0.914: [Tenured: 87400K->87400K(87424K), 0.0042558 secs] 126416K->121640K(126720K), [Metaspace: 2820K->2820K(1056768K)], 0.0043913 secs] [Times: user=0.02 sys=0.00, real=0.00 secs] 
2020-10-23T11:40:49.784+0800: 0.920: [Full GC (Allocation Failure) 2020-10-23T11:40:49.785+0800: 0.920: [Tenured: 87400K->87400K(87424K), 0.0048675 secs] 126658K->124136K(126720K), [Metaspace: 2820K->2820K(1056768K)], 0.0051298 secs] [Times: user=0.00 sys=0.00, real=0.01 secs] 
2020-10-23T11:40:49.791+0800: 0.927: [Full GC (Allocation Failure) 2020-10-23T11:40:49.791+0800: 0.927: [Tenured: 87400K->87400K(87424K), 0.0046715 secs] 126558K->124593K(126720K), [Metaspace: 2820K->2820K(1056768K)], 0.0048019 secs] [Times: user=0.02 sys=0.00, real=0.01 secs] 
2020-10-23T11:40:49.797+0800: 0.933: [Full GC (Allocation Failure) 2020-10-23T11:40:49.797+0800: 0.933: [Tenured: 87400K->87315K(87424K), 0.0397383 secs] 126609K->124079K(126720K), [Metaspace: 2820K->2820K(1056768K)], 0.0398759 secs] [Times: user=0.03 sys=0.00, real=0.04 secs] 
2020-10-23T11:40:49.838+0800: 0.974: [Full GC (Allocation Failure) 2020-10-23T11:40:49.838+0800: 0.974: [Tenured: 87420K->87420K(87424K), 0.0043277 secs] 126714K->124736K(126720K), [Metaspace: 2820K->2820K(1056768K)], 0.0044693 secs] [Times: user=0.02 sys=0.00, real=0.00 secs] 
2020-10-23T11:40:49.845+0800: 0.980: [Full GC (Allocation Failure) 2020-10-23T11:40:49.845+0800: 0.980: [Tenured: 87420K->87420K(87424K), 0.0040080 secs] 126509K->125079K(126720K), [Metaspace: 2820K->2820K(1056768K)], 0.0041542 secs] [Times: user=0.00 sys=0.00, real=0.00 secs] 
2020-10-23T11:40:49.850+0800: 0.986: [Full GC (Allocation Failure) 2020-10-23T11:40:49.850+0800: 0.986: [Tenured: 87420K->87420K(87424K), 0.0108292 secs] 126663K->125633K(126720K), [Metaspace: 2820K->2820K(1056768K)], 0.0109595 secs] [Times: user=0.01 sys=0.00, real=0.01 secs] 
2020-10-23T11:40:49.862+0800: 0.997: [Full GC (Allocation Failure) 2020-10-23T11:40:49.862+0800: 0.997: [Tenured: 87420K->87391K(87424K), 0.0405840 secs] 126657K->125153K(126720K), [Metaspace: 2820K->2820K(1056768K)], 0.0407457 secs] [Times: user=0.03 sys=0.00, real=0.04 secs] 
2020-10-23T11:40:49.905+0800: 1.040: [Full GC (Allocation Failure) 2020-10-23T11:40:49.905+0800: 1.040: [Tenured: 87391K->87391K(87424K), 0.0083207 secs] 126508K->125608K(126720K), [Metaspace: 2820K->2820K(1056768K)], 0.0085465 secs] [Times: user=0.00 sys=0.00, real=0.01 secs] 
2020-10-23T11:40:49.915+0800: 1.050: [Full GC (Allocation Failure) 2020-10-23T11:40:49.915+0800: 1.051: [Tenured: 87391K->87391K(87424K), 0.0055347 secs] 126421K->125617K(126720K), [Metaspace: 2820K->2820K(1056768K)], 0.0057102 secs] [Times: user=0.02 sys=0.00, real=0.01 secs] 
2020-10-23T11:40:49.923+0800: 1.058: [Full GC (Allocation Failure) 2020-10-23T11:40:49.923+0800: 1.058: [Tenured: 87391K->87391K(87424K), 0.0133463 secs] 126640K->125601K(126720K), [Metaspace: 2820K->2820K(1056768K)], 0.0135111 secs] [Times: user=0.02 sys=0.00, real=0.01 secs] 
2020-10-23T11:40:49.937+0800: 1.073: [Full GC (Allocation Failure) 2020-10-23T11:40:49.937+0800: 1.073: [Tenured: 87391K->87389K(87424K), 0.0241786 secs] 126455K->125697K(126720K), [Metaspace: 2820K->2820K(1056768K)], 0.0243788 secs] [Times: user=0.02 sys=0.00, real=0.02 secs] 
2020-10-23T11:40:49.967+0800: 1.103: [Full GC (Allocation Failure) 2020-10-23T11:40:49.967+0800: 1.103: [Tenured: 87389K->87389K(87424K), 0.0059175 secs] 126361K->126250K(126720K), [Metaspace: 2820K->2820K(1056768K)], 0.0061023 secs] [Times: user=0.00 sys=0.00, real=0.01 secs] 
2020-10-23T11:40:49.974+0800: 1.109: [Full GC (Allocation Failure) 2020-10-23T11:40:49.974+0800: 1.109: [Tenured: 87389K->87369K(87424K), 0.0440301 secs] 126250K->126231K(126720K), [Metaspace: 2820K->2820K(1056768K)], 0.0442025 secs] [Times: user=0.05 sys=0.00, real=0.04 secs] 
Heap
 def new generation   total 39296K, used 38909K [0x00000000f8000000, 0x00000000faaa0000, 0x00000000faaa0000)
  eden space 34944K, 100% used [0x00000000f8000000, 0x00000000fa220000, 0x00000000fa220000)
  from space 4352K,  91% used [0x00000000fa660000, 0x00000000faa3f7e8, 0x00000000faaa0000)
  to   space 4352K,   0% used [0x00000000fa220000, 0x00000000fa220000, 0x00000000fa660000)
 tenured generation   total 87424K, used 87369K [0x00000000faaa0000, 0x0000000100000000, 0x0000000100000000)
   the space 87424K,  99% used [0x00000000faaa0000, 0x00000000ffff26a0, 0x00000000ffff2800, 0x0000000100000000)
 Metaspace       used 2851K, capacity 4486K, committed 4864K, reserved 1056768K
  class space    used 309K, capacity 386K, committed 512K, reserved 1048576K
