Java HotSpot(TM) 64-Bit Server VM (25.161-b12) for windows-amd64 JRE (1.8.0_161-b12), built on Dec 19 2017 17:52:25 by "java_re" with MS VC++ 10.0 (VS2010)
Memory: 4k page, physical 8089996k(1970756k free), swap 16178132k(8927068k free)
CommandLine flags: -XX:InitialHeapSize=67108864 -XX:MaxHeapSize=67108864 -XX:+PrintGC -XX:+PrintGCDateStamps -XX:+PrintGCDetails -XX:+PrintGCTimeStamps -XX:+UseCompressedClassPointers -XX:+UseCompressedOops -XX:-UseLargePagesIndividualAllocation -XX:+UseSerialGC 
2020-10-23T11:39:47.118+0800: 0.406: [GC (Allocation Failure) 2020-10-23T11:39:47.119+0800: 0.406: [DefNew: 17389K->2176K(19648K), 0.0126043 secs] 17389K->5887K(63360K), 0.0129938 secs] [Times: user=0.03 sys=0.00, real=0.01 secs] 
2020-10-23T11:39:47.152+0800: 0.440: [GC (Allocation Failure) 2020-10-23T11:39:47.152+0800: 0.440: [DefNew: 19488K->2165K(19648K), 0.0118704 secs] 23200K->13156K(63360K), 0.0120629 secs] [Times: user=0.03 sys=0.00, real=0.01 secs] 
2020-10-23T11:39:47.176+0800: 0.464: [GC (Allocation Failure) 2020-10-23T11:39:47.176+0800: 0.464: [DefNew: 19452K->2174K(19648K), 0.0076947 secs] 30443K->20030K(63360K), 0.0078512 secs] [Times: user=0.00 sys=0.00, real=0.01 secs] 
2020-10-23T11:39:47.204+0800: 0.492: [GC (Allocation Failure) 2020-10-23T11:39:47.204+0800: 0.492: [DefNew: 19470K->2171K(19648K), 0.0098470 secs] 37326K->27093K(63360K), 0.0100476 secs] [Times: user=0.03 sys=0.00, real=0.01 secs] 
2020-10-23T11:39:47.233+0800: 0.521: [GC (Allocation Failure) 2020-10-23T11:39:47.233+0800: 0.521: [DefNew: 19598K->2164K(19648K), 0.0057589 secs] 44520K->31861K(63360K), 0.0059375 secs] [Times: user=0.00 sys=0.01, real=0.01 secs] 
2020-10-23T11:39:47.253+0800: 0.541: [GC (Allocation Failure) 2020-10-23T11:39:47.253+0800: 0.541: [DefNew: 19359K->2175K(19648K), 0.0088714 secs] 49055K->38436K(63360K), 0.0090623 secs] [Times: user=0.00 sys=0.00, real=0.01 secs] 
2020-10-23T11:39:47.280+0800: 0.568: [GC (Allocation Failure) 2020-10-23T11:39:47.280+0800: 0.568: [DefNew: 19647K->19647K(19648K), 0.0000411 secs]2020-10-23T11:39:47.280+0800: 0.568: [Tenured: 36261K->43159K(43712K), 0.0116821 secs] 55908K->44602K(63360K), [Metaspace: 2820K->2820K(1056768K)], 0.0119228 secs] [Times: user=0.01 sys=0.00, real=0.01 secs] 
2020-10-23T11:39:47.303+0800: 0.591: [Full GC (Allocation Failure) 2020-10-23T11:39:47.303+0800: 0.591: [Tenured: 43303K->43705K(43712K), 0.0115974 secs] 62889K->50187K(63360K), [Metaspace: 2820K->2820K(1056768K)], 0.0117565 secs] [Times: user=0.00 sys=0.00, real=0.01 secs] 
2020-10-23T11:39:47.322+0800: 0.610: [Full GC (Allocation Failure) 2020-10-23T11:39:47.322+0800: 0.610: [Tenured: 43705K->43705K(43712K), 0.0068900 secs] 63337K->55324K(63360K), [Metaspace: 2820K->2820K(1056768K)], 0.0070450 secs] [Times: user=0.00 sys=0.00, real=0.01 secs] 
2020-10-23T11:39:47.361+0800: 0.649: [Full GC (Allocation Failure) 2020-10-23T11:39:47.361+0800: 0.649: [Tenured: 43705K->43298K(43712K), 0.0246276 secs] 63287K->55942K(63360K), [Metaspace: 2820K->2820K(1056768K)], 0.0248175 secs] [Times: user=0.03 sys=0.00, real=0.02 secs] 
2020-10-23T11:39:47.389+0800: 0.677: [Full GC (Allocation Failure) 2020-10-23T11:39:47.389+0800: 0.677: [Tenured: 43696K->43696K(43712K), 0.0052052 secs] 63343K->58603K(63360K), [Metaspace: 2820K->2820K(1056768K)], 0.0053561 secs] [Times: user=0.02 sys=0.00, real=0.01 secs] 
2020-10-23T11:39:47.398+0800: 0.686: [Full GC (Allocation Failure) 2020-10-23T11:39:47.398+0800: 0.686: [Tenured: 43696K->43696K(43712K), 0.0045555 secs] 63284K->60008K(63360K), [Metaspace: 2820K->2820K(1056768K)], 0.0047182 secs] [Times: user=0.00 sys=0.00, real=0.01 secs] 
2020-10-23T11:39:47.404+0800: 0.692: [Full GC (Allocation Failure) 2020-10-23T11:39:47.404+0800: 0.692: [Tenured: 43696K->43696K(43712K), 0.0050656 secs] 62940K->60976K(63360K), [Metaspace: 2820K->2820K(1056768K)], 0.0052252 secs] [Times: user=0.02 sys=0.00, real=0.01 secs] 
2020-10-23T11:39:47.410+0800: 0.698: [Full GC (Allocation Failure) 2020-10-23T11:39:47.410+0800: 0.698: [Tenured: 43696K->43630K(43712K), 0.0244203 secs] 62865K->60502K(63360K), [Metaspace: 2820K->2820K(1056768K)], 0.0245579 secs] [Times: user=0.02 sys=0.00, real=0.02 secs] 
2020-10-23T11:39:47.437+0800: 0.724: [Full GC (Allocation Failure) 2020-10-23T11:39:47.437+0800: 0.725: [Tenured: 43666K->43666K(43712K), 0.0040506 secs] 63267K->60910K(63360K), [Metaspace: 2820K->2820K(1056768K)], 0.0042086 secs] [Times: user=0.02 sys=0.00, real=0.00 secs] 
2020-10-23T11:39:47.442+0800: 0.730: [Full GC (Allocation Failure) 2020-10-23T11:39:47.442+0800: 0.730: [Tenured: 43666K->43666K(43712K), 0.0062049 secs] 63313K->62214K(63360K), [Metaspace: 2820K->2820K(1056768K)], 0.0063701 secs] [Times: user=0.00 sys=0.00, real=0.01 secs] 
2020-10-23T11:39:47.449+0800: 0.737: [Full GC (Allocation Failure) 2020-10-23T11:39:47.449+0800: 0.737: [Tenured: 43702K->43702K(43712K), 0.0067714 secs] 63347K->62293K(63360K), [Metaspace: 2820K->2820K(1056768K)], 0.0069008 secs] [Times: user=0.01 sys=0.00, real=0.01 secs] 
2020-10-23T11:39:47.458+0800: 0.746: [Full GC (Allocation Failure) 2020-10-23T11:39:47.458+0800: 0.746: [Tenured: 43702K->43444K(43712K), 0.0258003 secs] 63325K->62231K(63360K), [Metaspace: 2820K->2820K(1056768K)], 0.0259799 secs] [Times: user=0.02 sys=0.00, real=0.03 secs] 
2020-10-23T11:39:47.484+0800: 0.772: [Full GC (Allocation Failure) 2020-10-23T11:39:47.484+0800: 0.772: [Tenured: 43444K->43444K(43712K), 0.0042399 secs] 62944K->62545K(63360K), [Metaspace: 2820K->2820K(1056768K)], 0.0043723 secs] [Times: user=0.01 sys=0.00, real=0.01 secs] 
2020-10-23T11:39:47.489+0800: 0.777: [Full GC (Allocation Failure) 2020-10-23T11:39:47.489+0800: 0.777: [Tenured: 43444K->43425K(43712K), 0.0171439 secs] 62545K->62526K(63360K), [Metaspace: 2820K->2820K(1056768K)], 0.0172532 secs] [Times: user=0.02 sys=0.00, real=0.02 secs] 
Heap
 def new generation   total 19648K, used 19414K [0x00000000fc000000, 0x00000000fd550000, 0x00000000fd550000)
  eden space 17472K, 100% used [0x00000000fc000000, 0x00000000fd110000, 0x00000000fd110000)
  from space 2176K,  89% used [0x00000000fd110000, 0x00000000fd2f5a70, 0x00000000fd330000)
  to   space 2176K,   0% used [0x00000000fd330000, 0x00000000fd330000, 0x00000000fd550000)
 tenured generation   total 43712K, used 43425K [0x00000000fd550000, 0x0000000100000000, 0x0000000100000000)
   the space 43712K,  99% used [0x00000000fd550000, 0x00000000fffb8490, 0x00000000fffb8600, 0x0000000100000000)
 Metaspace       used 2851K, capacity 4486K, committed 4864K, reserved 1056768K
  class space    used 309K, capacity 386K, committed 512K, reserved 1048576K
  
  
  OOM
