Java HotSpot(TM) 64-Bit Server VM (25.152-b16) for windows-amd64 JRE (1.8.0_152-b16), built on Sep 14 2017 02:29:36 by "java_re" with MS VC++ 10.0 (VS2010)
Memory: 4k page, physical 8352968k(5115552k free), swap 12259028k(2852124k free)
CommandLine flags: -XX:InitialHeapSize=133647488 -XX:MaxHeapSize=536870912 -XX:+PrintGC -XX:+PrintGCDateStamps -XX:+PrintGCDetails -XX:+PrintGCTimeStamps -XX:+UseCompressedClassPointers -XX:+UseCompressedOops -XX:-UseLargePagesIndividualAllocation -XX:+UseSerialGC 
2020-10-24T17:36:03.460+0800: 0.327: [GC (Allocation Failure) 2020-10-24T17:36:03.461+0800: 0.327: [DefNew: 34847K->4351K(39296K), 0.0082927 secs] 34847K->12927K(126720K), 0.0084992 secs] [Times: user=0.02 sys=0.00, real=0.01 secs] 
2020-10-24T17:36:03.479+0800: 0.346: [GC (Allocation Failure) 2020-10-24T17:36:03.479+0800: 0.346: [DefNew: 39204K->4350K(39296K), 0.0093061 secs] 47779K->26555K(126720K), 0.0094437 secs] [Times: user=0.02 sys=0.02, real=0.01 secs] 
2020-10-24T17:36:03.498+0800: 0.365: [GC (Allocation Failure) 2020-10-24T17:36:03.498+0800: 0.365: [DefNew: 39293K->4347K(39296K), 0.0059699 secs] 61499K->36774K(126720K), 0.0060693 secs] [Times: user=0.00 sys=0.00, real=0.01 secs] 
2020-10-24T17:36:03.510+0800: 0.377: [GC (Allocation Failure) 2020-10-24T17:36:03.510+0800: 0.377: [DefNew: 39056K->4349K(39296K), 0.0071728 secs] 71482K->48183K(126720K), 0.0072578 secs] [Times: user=0.01 sys=0.00, real=0.01 secs] 
2020-10-24T17:36:03.524+0800: 0.391: [GC (Allocation Failure) 2020-10-24T17:36:03.524+0800: 0.391: [DefNew: 38812K->4344K(39296K), 0.0057426 secs] 82646K->59278K(126720K), 0.0058143 secs] [Times: user=0.02 sys=0.00, real=0.01 secs] 
2020-10-24T17:36:03.537+0800: 0.404: [GC (Allocation Failure) 2020-10-24T17:36:03.537+0800: 0.404: [DefNew: 39073K->4345K(39296K), 0.0068103 secs] 94007K->72256K(126720K), 0.0068919 secs] [Times: user=0.01 sys=0.00, real=0.01 secs] 
2020-10-24T17:36:03.552+0800: 0.419: [GC (Allocation Failure) 2020-10-24T17:36:03.552+0800: 0.419: [DefNew: 39289K->4339K(39296K), 0.0066918 secs] 107200K->86063K(126720K), 0.0067861 secs] [Times: user=0.02 sys=0.00, real=0.01 secs] 
2020-10-24T17:36:03.565+0800: 0.432: [GC (Allocation Failure) 2020-10-24T17:36:03.565+0800: 0.433: [DefNew: 39118K->4347K(39296K), 0.0058201 secs]2020-10-24T17:36:03.571+0800: 0.438: [Tenured: 92082K->92059K(92088K), 0.0135619 secs] 120842K->92625K(131384K), [Metaspace: 2820K->2820K(1056768K)], 0.0202701 secs] [Times: user=0.02 sys=0.00, real=0.02 secs] 
2020-10-24T17:36:03.602+0800: 0.469: [GC (Allocation Failure) 2020-10-24T17:36:03.602+0800: 0.469: [DefNew: 61504K->7613K(69120K), 0.0093123 secs] 153563K->110967K(222556K), 0.0093928 secs] [Times: user=0.02 sys=0.00, real=0.01 secs] 
2020-10-24T17:36:03.622+0800: 0.490: [GC (Allocation Failure) 2020-10-24T17:36:03.623+0800: 0.490: [DefNew: 69117K->7615K(69120K), 0.0149511 secs] 172471K->130220K(222556K), 0.0151030 secs] [Times: user=0.01 sys=0.00, real=0.02 secs] 
2020-10-24T17:36:03.651+0800: 0.518: [GC (Allocation Failure) 2020-10-24T17:36:03.651+0800: 0.518: [DefNew: 69119K->7614K(69120K), 0.0136888 secs] 191724K->151379K(222556K), 0.0137906 secs] [Times: user=0.00 sys=0.00, real=0.01 secs] 
2020-10-24T17:36:03.676+0800: 0.543: [GC (Allocation Failure) 2020-10-24T17:36:03.676+0800: 0.543: [DefNew: 69118K->7613K(69120K), 0.0144705 secs]2020-10-24T17:36:03.690+0800: 0.558: [Tenured: 166432K->155179K(166552K), 0.0246900 secs] 212883K->155179K(235672K), [Metaspace: 2820K->2820K(1056768K)], 0.0400801 secs] [Times: user=0.03 sys=0.02, real=0.04 secs] 
2020-10-24T17:36:03.743+0800: 0.610: [GC (Allocation Failure) 2020-10-24T17:36:03.743+0800: 0.610: [DefNew: 103488K->12927K(116416K), 0.0160615 secs] 258667K->193014K(375052K), 0.0161437 secs] [Times: user=0.00 sys=0.02, real=0.02 secs] 
2020-10-24T17:36:03.778+0800: 0.645: [GC (Allocation Failure) 2020-10-24T17:36:03.778+0800: 0.645: [DefNew: 116415K->12923K(116416K), 0.0224004 secs] 296502K->223002K(375052K), 0.0225140 secs] [Times: user=0.01 sys=0.00, real=0.02 secs] 
2020-10-24T17:36:03.819+0800: 0.686: [GC (Allocation Failure) 2020-10-24T17:36:03.819+0800: 0.686: [DefNew: 116411K->12927K(116416K), 0.0234397 secs] 326490K->257218K(375052K), 0.0235827 secs] [Times: user=0.01 sys=0.02, real=0.02 secs] 
2020-10-24T17:36:03.860+0800: 0.727: [GC (Allocation Failure) 2020-10-24T17:36:03.860+0800: 0.727: [DefNew: 116403K->12927K(116416K), 0.0180463 secs]2020-10-24T17:36:03.878+0800: 0.745: [Tenured: 274561K->229357K(274684K), 0.0412024 secs] 360694K->229357K(391100K), [Metaspace: 2820K->2820K(1056768K)], 0.0600481 secs] [Times: user=0.05 sys=0.01, real=0.06 secs] 
2020-10-24T17:36:03.945+0800: 0.812: [GC (Allocation Failure) 2020-10-24T17:36:03.945+0800: 0.812: [DefNew: 139776K->17471K(157248K), 0.0147828 secs] 369133K->277761K(506816K), 0.0148675 secs] [Times: user=0.00 sys=0.02, real=0.02 secs] 
2020-10-24T17:36:03.983+0800: 0.851: [GC (Allocation Failure) 2020-10-24T17:36:03.984+0800: 0.851: [DefNew: 157247K->17471K(157248K), 0.0254379 secs] 417537K->317150K(506816K), 0.0255543 secs] [Times: user=0.01 sys=0.00, real=0.03 secs] 
2020-10-24T17:36:04.034+0800: 0.901: [GC (Allocation Failure) 2020-10-24T17:36:04.034+0800: 0.901: [DefNew: 157247K->17470K(157248K), 0.0280522 secs] 456926K->364223K(506816K), 0.0281494 secs] [Times: user=0.03 sys=0.00, real=0.03 secs] 
2020-10-24T17:36:04.084+0800: 0.952: [GC (Allocation Failure) 2020-10-24T17:36:04.085+0800: 0.952: [DefNew: 157246K->157246K(157248K), 0.0000259 secs]2020-10-24T17:36:04.085+0800: 0.952: [Tenured: 346753K->268761K(349568K), 0.0560316 secs] 503999K->268761K(506816K), [Metaspace: 2820K->2820K(1056768K)], 0.0561716 secs] [Times: user=0.06 sys=0.00, real=0.06 secs] 
2020-10-24T17:36:04.163+0800: 1.030: [GC (Allocation Failure) 2020-10-24T17:36:04.163+0800: 1.030: [DefNew: 139422K->17471K(157248K), 0.0099492 secs] 408183K->315380K(506816K), 0.0100499 secs] [Times: user=0.02 sys=0.00, real=0.01 secs] 
2020-10-24T17:36:04.195+0800: 1.062: [GC (Allocation Failure) 2020-10-24T17:36:04.195+0800: 1.062: [DefNew: 157247K->17471K(157248K), 0.0144565 secs] 455156K->360198K(506816K), 0.0145702 secs] [Times: user=0.01 sys=0.00, real=0.02 secs] 
2020-10-24T17:36:04.233+0800: 1.100: [GC (Allocation Failure) 2020-10-24T17:36:04.233+0800: 1.100: [DefNew: 157247K->157247K(157248K), 0.0000225 secs]2020-10-24T17:36:04.233+0800: 1.100: [Tenured: 342727K->320489K(349568K), 0.0506624 secs] 499974K->320489K(506816K), [Metaspace: 2820K->2820K(1056768K)], 0.0508294 secs] [Times: user=0.05 sys=0.00, real=0.05 secs] 
2020-10-24T17:36:04.306+0800: 1.173: [GC (Allocation Failure) 2020-10-24T17:36:04.306+0800: 1.173: [DefNew: 139776K->139776K(157248K), 0.0000454 secs]2020-10-24T17:36:04.307+0800: 1.174: [Tenured: 320489K->327449K(349568K), 0.0569908 secs] 460265K->327449K(506816K), [Metaspace: 2820K->2820K(1056768K)], 0.0573287 secs] [Times: user=0.06 sys=0.00, real=0.06 secs] 
2020-10-24T17:36:04.387+0800: 1.255: [GC (Allocation Failure) 2020-10-24T17:36:04.387+0800: 1.255: [DefNew: 139776K->139776K(157248K), 0.0000184 secs]2020-10-24T17:36:04.387+0800: 1.255: [Tenured: 327449K->335154K(349568K), 0.0588794 secs] 467225K->335154K(506816K), [Metaspace: 2820K->2820K(1056768K)], 0.0589992 secs] [Times: user=0.05 sys=0.00, real=0.06 secs] 
Heap
 def new generation   total 157248K, used 6203K [0x00000000e0000000, 0x00000000eaaa0000, 0x00000000eaaa0000)
  eden space 139776K,   4% used [0x00000000e0000000, 0x00000000e060ee40, 0x00000000e8880000)
  from space 17472K,   0% used [0x00000000e9990000, 0x00000000e9990000, 0x00000000eaaa0000)
  to   space 17472K,   0% used [0x00000000e8880000, 0x00000000e8880000, 0x00000000e9990000)
 tenured generation   total 349568K, used 335154K [0x00000000eaaa0000, 0x0000000100000000, 0x0000000100000000)
   the space 349568K,  95% used [0x00000000eaaa0000, 0x00000000ff1ecad8, 0x00000000ff1ecc00, 0x0000000100000000)
 Metaspace       used 2826K, capacity 4486K, committed 4864K, reserved 1056768K
  class space    used 306K, capacity 386K, committed 512K, reserved 1048576K
