Java HotSpot(TM) 64-Bit Server VM (25.161-b12) for windows-amd64 JRE (1.8.0_161-b12), built on Dec 19 2017 17:52:25 by "java_re" with MS VC++ 10.0 (VS2010)
Memory: 4k page, physical 8089996k(4581668k free), swap 16178132k(12068824k free)
CommandLine flags: -XX:InitialHeapSize=129439936 -XX:MaxHeapSize=268435456 -XX:+PrintGC -XX:+PrintGCDateStamps -XX:+PrintGCDetails -XX:+PrintGCTimeStamps -XX:+UseCompressedClassPointers -XX:+UseCompressedOops -XX:-UseLargePagesIndividualAllocation -XX:+UseSerialGC 
2020-10-23T14:55:20.296+0800: 0.453: [GC (Allocation Failure) 2020-10-23T14:55:20.297+0800: 0.454: [DefNew: 33472K->4224K(38080K), 0.0151533 secs] 33472K->10788K(122752K), 0.0155448 secs] [Times: user=0.01 sys=0.00, real=0.02 secs] 
2020-10-23T14:55:20.347+0800: 0.504: [GC (Allocation Failure) 2020-10-23T14:55:20.347+0800: 0.504: [DefNew: 38026K->4223K(38080K), 0.0172229 secs] 44590K->24033K(122752K), 0.0173779 secs] [Times: user=0.02 sys=0.01, real=0.02 secs] 
2020-10-23T14:55:20.392+0800: 0.549: [GC (Allocation Failure) 2020-10-23T14:55:20.392+0800: 0.549: [DefNew: 37716K->4221K(38080K), 0.0140119 secs] 57525K->36873K(122752K), 0.0141726 secs] [Times: user=0.00 sys=0.02, real=0.01 secs] 
2020-10-23T14:55:20.428+0800: 0.585: [GC (Allocation Failure) 2020-10-23T14:55:20.428+0800: 0.585: [DefNew: 37540K->4182K(38080K), 0.0117047 secs] 70192K->45787K(122752K), 0.0118930 secs] [Times: user=0.03 sys=0.00, real=0.01 secs] 
2020-10-23T14:55:20.456+0800: 0.613: [GC (Allocation Failure) 2020-10-23T14:55:20.456+0800: 0.613: [DefNew: 38038K->4220K(38080K), 0.0125011 secs] 79643K->57573K(122752K), 0.0126412 secs] [Times: user=0.02 sys=0.00, real=0.01 secs] 
2020-10-23T14:55:20.486+0800: 0.643: [GC (Allocation Failure) 2020-10-23T14:55:20.486+0800: 0.643: [DefNew: 38076K->4220K(38080K), 0.0115933 secs] 91429K->68324K(122752K), 0.0117416 secs] [Times: user=0.02 sys=0.00, real=0.01 secs] 
2020-10-23T14:55:20.514+0800: 0.671: [GC (Allocation Failure) 2020-10-23T14:55:20.514+0800: 0.671: [DefNew: 37998K->4205K(38080K), 0.0092635 secs] 102102K->77438K(122752K), 0.0093974 secs] [Times: user=0.00 sys=0.00, real=0.01 secs] 
2020-10-23T14:55:20.539+0800: 0.696: [GC (Allocation Failure) 2020-10-23T14:55:20.539+0800: 0.696: [DefNew: 38051K->4223K(38080K), 0.0122584 secs] 111284K->88854K(122752K), 0.0124206 secs] [Times: user=0.02 sys=0.00, real=0.01 secs] 
2020-10-23T14:55:20.566+0800: 0.723: [GC (Allocation Failure) 2020-10-23T14:55:20.566+0800: 0.723: [DefNew: 38018K->4220K(38080K), 0.0159769 secs]2020-10-23T14:55:20.582+0800: 0.739: [Tenured: 98296K->98249K(98356K), 0.0262349 secs] 122650K->99092K(136436K), [Metaspace: 2820K->2820K(1056768K)], 0.0428164 secs] [Times: user=0.05 sys=0.00, real=0.04 secs] 
2020-10-23T14:55:20.659+0800: 0.816: [GC (Allocation Failure) 2020-10-23T14:55:20.659+0800: 0.816: [DefNew: 65536K->8191K(73728K), 0.0220658 secs] 163785K->123186K(237480K), 0.0222157 secs] [Times: user=0.02 sys=0.00, real=0.02 secs] 
2020-10-23T14:55:20.710+0800: 0.867: [GC (Allocation Failure) 2020-10-23T14:55:20.710+0800: 0.867: [DefNew: 73494K->8172K(73728K), 0.0260830 secs] 188488K->146480K(237480K), 0.0262324 secs] [Times: user=0.01 sys=0.01, real=0.03 secs] 
2020-10-23T14:55:20.763+0800: 0.920: [GC (Allocation Failure) 2020-10-23T14:55:20.763+0800: 0.920: [DefNew: 73540K->8191K(73728K), 0.0202471 secs] 211848K->166947K(237480K), 0.0203980 secs] [Times: user=0.02 sys=0.00, real=0.02 secs] 
2020-10-23T14:55:20.811+0800: 0.968: [GC (Allocation Failure) 2020-10-23T14:55:20.811+0800: 0.968: [DefNew: 73541K->73541K(73728K), 0.0000421 secs]2020-10-23T14:55:20.811+0800: 0.968: [Tenured: 158756K->160865K(163752K), 0.0509052 secs] 232297K->160865K(237480K), [Metaspace: 2820K->2820K(1056768K)], 0.0512064 secs] [Times: user=0.05 sys=0.00, real=0.05 secs] 
2020-10-23T14:55:20.894+0800: 1.051: [GC (Allocation Failure) 2020-10-23T14:55:20.894+0800: 1.051: [DefNew: 69952K->69952K(78656K), 0.0000416 secs]2020-10-23T14:55:20.894+0800: 1.051: [Tenured: 160865K->174750K(174784K), 0.0538996 secs] 230817K->175156K(253440K), [Metaspace: 2820K->2820K(1056768K)], 0.0541208 secs] [Times: user=0.06 sys=0.00, real=0.05 secs] 
2020-10-23T14:55:20.986+0800: 1.143: [Full GC (Allocation Failure) 2020-10-23T14:55:20.986+0800: 1.143: [Tenured: 174750K->174729K(174784K), 0.0654159 secs] 253000K->175943K(253440K), [Metaspace: 2820K->2820K(1056768K)], 0.0655755 secs] [Times: user=0.06 sys=0.00, real=0.07 secs] 
2020-10-23T14:55:21.096+0800: 1.253: [Full GC (Allocation Failure) 2020-10-23T14:55:21.096+0800: 1.253: [Tenured: 174729K->174616K(174784K), 0.0343930 secs] 253302K->199576K(253440K), [Metaspace: 2820K->2820K(1056768K)], 0.0345444 secs] [Times: user=0.03 sys=0.00, real=0.03 secs] 
2020-10-23T14:55:21.156+0800: 1.313: [Full GC (Allocation Failure) 2020-10-23T14:55:21.156+0800: 1.313: [Tenured: 174683K->174761K(174784K), 0.0457775 secs] 253314K->205182K(253440K), [Metaspace: 2820K->2820K(1056768K)], 0.0459437 secs] [Times: user=0.05 sys=0.00, real=0.05 secs] 
Heap
 def new generation   total 78656K, used 63947K [0x00000000f0000000, 0x00000000f5550000, 0x00000000f5550000)
  eden space 69952K,  91% used [0x00000000f0000000, 0x00000000f3e72d28, 0x00000000f4450000)
  from space 8704K,   0% used [0x00000000f4450000, 0x00000000f4450000, 0x00000000f4cd0000)
  to   space 8704K,   0% used [0x00000000f4cd0000, 0x00000000f4cd0000, 0x00000000f5550000)
 tenured generation   total 174784K, used 174761K [0x00000000f5550000, 0x0000000100000000, 0x0000000100000000)
   the space 174784K,  99% used [0x00000000f5550000, 0x00000000ffffa600, 0x00000000ffffa600, 0x0000000100000000)
 Metaspace       used 2826K, capacity 4486K, committed 4864K, reserved 1056768K
  class space    used 306K, capacity 386K, committed 512K, reserved 1048576K
